Component: ARM Compiler 5.06 update 4 (build 422) Tool: armlink [4d35d2]

==============================================================================

Section Cross References

    main.o(i.BSP_Init) refers to spi_lcd.o(i.LcdInit) for LcdInit
    main.o(i.BSP_Init) refers to ad_key.o(i.KeyInit) for KeyInit
    main.o(i.BSP_Init) refers to delay.o(i.delay_init) for delay_init
    main.o(i.MiddleLayer_Init) refers to ugui.o(i.UG_Init) for UG_Init
    main.o(i.MiddleLayer_Init) refers to ugui.o(i.UG_SelectGUI) for UG_SelectGUI
    main.o(i.MiddleLayer_Init) refers to ugui.o(i.UG_FontSelect) for UG_FontSelect
    main.o(i.MiddleLayer_Init) refers to ugui.o(i.UG_SetForecolor) for UG_SetForecolor
    main.o(i.MiddleLayer_Init) refers to ugui.o(i.UG_SetBackcolor) for UG_SetBackcolor
    main.o(i.MiddleLayer_Init) refers to ugui.o(i.UG_FontSetHSpace) for UG_FontSetHSpace
    main.o(i.MiddleLayer_Init) refers to ugui.o(i.UG_FontSetVSpace) for UG_FontSetVSpace
    main.o(i.MiddleLayer_Init) refers to ugui.o(i.UG_ConsoleSetArea) for UG_ConsoleSetArea
    main.o(i.MiddleLayer_Init) refers to ugui.o(i.UG_ConsoleSetForecolor) for UG_ConsoleSetForecolor
    main.o(i.MiddleLayer_Init) refers to ugui.o(i.UG_ConsoleSetBackcolor) for UG_ConsoleSetBackcolor
    main.o(i.MiddleLayer_Init) refers to spi_lcd.o(i.UPDATE_ScreenRAM) for UPDATE_ScreenRAM
    main.o(i.MiddleLayer_Init) refers to spi_lcd.o(i.LCDDrawDot) for LCDDrawDot
    main.o(i.MiddleLayer_Init) refers to datastruct.o(.bss) for GUI_Struct
    main.o(i.MiddleLayer_Init) refers to ugui.o(.constdata) for FONT_8X14
    main.o(i.main) refers to main.o(i.BSP_Init) for BSP_Init
    main.o(i.main) refers to main.o(i.MiddleLayer_Init) for MiddleLayer_Init
    main.o(i.main) refers to ui.o(i.KeyScanMain) for KeyScanMain
    main.o(i.main) refers to ui.o(i.LcdUpdateMain) for LcdUpdateMain
    main.o(i.main) refers to delay.o(i.delay_ms) for delay_ms
    system_stm32f10x.o(i.SetSysClock) refers to system_stm32f10x.o(i.SetSysClockToHSE) for SetSysClockToHSE
    system_stm32f10x.o(i.SystemCoreClockUpdate) refers to system_stm32f10x.o(.data) for SystemCoreClock
    system_stm32f10x.o(i.SystemInit) refers to system_stm32f10x.o(i.SetSysClock) for SetSysClock
    delay.o(i.delay_init) refers to misc.o(i.SysTick_CLKSourceConfig) for SysTick_CLKSourceConfig
    delay.o(i.delay_init) refers to system_stm32f10x.o(.data) for SystemCoreClock
    delay.o(i.delay_init) refers to delay.o(.data) for fac_us
    delay.o(i.delay_ms) refers to delay.o(.data) for fac_ms
    delay.o(i.delay_us) refers to delay.o(.data) for fac_us
    usart.o(i.USART1_IRQHandler) refers (Special) to use_no_semi_2.o(.text) for __use_no_semihosting
    usart.o(i.USART1_IRQHandler) refers to stm32f10x_usart.o(i.USART_GetITStatus) for USART_GetITStatus
    usart.o(i.USART1_IRQHandler) refers to stm32f10x_usart.o(i.USART_ReceiveData) for USART_ReceiveData
    usart.o(i.USART1_IRQHandler) refers to usart.o(.data) for USART_RX_STA
    usart.o(i.USART1_IRQHandler) refers to usart.o(.bss) for USART_RX_BUF
    usart.o(i._sys_exit) refers (Special) to use_no_semi_2.o(.text) for __use_no_semihosting
    usart.o(i.fputc) refers (Special) to use_no_semi_2.o(.text) for __use_no_semihosting
    usart.o(i.uart_init) refers (Special) to use_no_semi_2.o(.text) for __use_no_semihosting
    usart.o(i.uart_init) refers to stm32f10x_rcc.o(i.RCC_APB2PeriphClockCmd) for RCC_APB2PeriphClockCmd
    usart.o(i.uart_init) refers to stm32f10x_gpio.o(i.GPIO_Init) for GPIO_Init
    usart.o(i.uart_init) refers to misc.o(i.NVIC_Init) for NVIC_Init
    usart.o(i.uart_init) refers to stm32f10x_usart.o(i.USART_Init) for USART_Init
    usart.o(i.uart_init) refers to stm32f10x_usart.o(i.USART_ITConfig) for USART_ITConfig
    usart.o(i.uart_init) refers to stm32f10x_usart.o(i.USART_Cmd) for USART_Cmd
    usart.o(.bss) refers (Special) to use_no_semi_2.o(.text) for __use_no_semihosting
    usart.o(.data) refers (Special) to use_no_semi_2.o(.text) for __use_no_semihosting
    startup_stm32f10x_hd.o(STACK) refers (Special) to heapauxi.o(.text) for __use_two_region_memory
    startup_stm32f10x_hd.o(HEAP) refers (Special) to heapauxi.o(.text) for __use_two_region_memory
    startup_stm32f10x_hd.o(RESET) refers (Special) to heapauxi.o(.text) for __use_two_region_memory
    startup_stm32f10x_hd.o(RESET) refers to startup_stm32f10x_hd.o(STACK) for __initial_sp
    startup_stm32f10x_hd.o(RESET) refers to startup_stm32f10x_hd.o(.text) for Reset_Handler
    startup_stm32f10x_hd.o(RESET) refers to stm32f10x_it.o(i.NMI_Handler) for NMI_Handler
    startup_stm32f10x_hd.o(RESET) refers to stm32f10x_it.o(i.HardFault_Handler) for HardFault_Handler
    startup_stm32f10x_hd.o(RESET) refers to stm32f10x_it.o(i.MemManage_Handler) for MemManage_Handler
    startup_stm32f10x_hd.o(RESET) refers to stm32f10x_it.o(i.BusFault_Handler) for BusFault_Handler
    startup_stm32f10x_hd.o(RESET) refers to stm32f10x_it.o(i.UsageFault_Handler) for UsageFault_Handler
[...]
    DMA2_Channel1_IRQHandler                 0x080001ef   Thumb Code     0  startup_stm32f10x_hd.o(.text)
    DMA2_Channel2_IRQHandler                 0x080001ef   Thumb Code     0  startup_stm32f10x_hd.o(.text)
    DMA2_Channel3_IRQHandler                 0x080001ef   Thumb Code     0  startup_stm32f10x_hd.o(.text)
    DMA2_Channel4_5_IRQHandler               0x080001ef   Thumb Code     0  startup_stm32f10x_hd.o(.text)
    EXTI0_IRQHandler                         0x080001ef   Thumb Code     0  startup_stm32f10x_hd.o(.text)
    EXTI15_10_IRQHandler                     0x080001ef   Thumb Code     0  startup_stm32f10x_hd.o(.text)
    EXTI1_IRQHandler                         0x080001ef   Thumb Code     0  startup_stm32f10x_hd.o(.text)
    EXTI2_IRQHandler                         0x080001ef   Thumb Code     0  startup_stm32f10x_hd.o(.text)
    EXTI3_IRQHandler                         0x080001ef   Thumb Code     0  startup_stm32f10x_hd.o(.text)
    EXTI4_IRQHandler                         0x080001ef   Thumb Code     0  startup_stm32f10x_hd.o(.text)
    EXTI9_5_IRQHandler                       0x080001ef   Thumb Code     0  startup_stm32f10x_hd.o(.text)
    FLASH_IRQHandler                         0x080001ef   Thumb Code     0  startup_stm32f10x_hd.o(.text)
    FSMC_IRQHandler                          0x080001ef   Thumb Code     0  startup_stm32f10x_hd.o(.text)
    I2C1_ER_IRQHandler                       0x080001ef   Thumb Code     0  startup_stm32f10x_hd.o(.text)
    I2C1_EV_IRQHandler                       0x080001ef   Thumb Code     0  startup_stm32f10x_hd.o(.text)
    I2C2_ER_IRQHandler                       0x080001ef   Thumb Code     0  startup_stm32f10x_hd.o(.text)
    I2C2_EV_IRQHandler                       0x080001ef   Thumb Code     0  startup_stm32f10x_hd.o(.text)
    PVD_IRQHandler                           0x080001ef   Thumb Code     0  startup_stm32f10x_hd.o(.text)
    RCC_IRQHandler                           0x080001ef   Thumb Code     0  startup_stm32f10x_hd.o(.text)
    RTCAlarm_IRQHandler                      0x080001ef   Thumb Code     0  startup_stm32f10x_hd.o(.text)
    RTC_IRQHandler                           0x080001ef   Thumb Code     0  startup_stm32f10x_hd.o(.text)
    SDIO_IRQHandler                          0x080001ef   Thumb Code     0  startup_stm32f10x_hd.o(.text)
    SPI1_IRQHandler                          0x080001ef   Thumb Code     0  startup_stm32f10x_hd.o(.text)
    SPI2_IRQHandler                          0x080001ef   Thumb Code     0  startup_stm32f10x_hd.o(.text)
    SPI3_IRQHandler                          0x080001ef   Thumb Code     0  startup_stm32f10x_hd.o(.text)
    TAMPER_IRQHandler                        0x080001ef   Thumb Code     0  startup_stm32f10x_hd.o(.text)
    TIM1_BRK_IRQHandler                      0x080001ef   Thumb Code     0  startup_stm32f10x_hd.o(.text)
    TIM1_CC_IRQHandler                       0x080001ef   Thumb Code     0  startup_stm32f10x_hd.o(.text)
    TIM1_TRG_COM_IRQHandler                  0x080001ef   Thumb Code     0  startup_stm32f10x_hd.o(.text)
    TIM1_UP_IRQHandler                       0x080001ef   Thumb Code     0  startup_stm32f10x_hd.o(.text)
    TIM2_IRQHandler                          0x080001ef   Thumb Code     0  startup_stm32f10x_hd.o(.text)
    TIM3_IRQHandler                          0x080001ef   Thumb Code     0  startup_stm32f10x_hd.o(.text)
    TIM4_IRQHandler                          0x080001ef   Thumb Code     0  startup_stm32f10x_hd.o(.text)
    TIM5_IRQHandler                          0x080001ef   Thumb Code     0  startup_stm32f10x_hd.o(.text)
    TIM6_IRQHandler                          0x080001ef   Thumb Code     0  startup_stm32f10x_hd.o(.text)
    TIM7_IRQHandler                          0x080001ef   Thumb Code     0  startup_stm32f10x_hd.o(.text)
    TIM8_BRK_IRQHandler                      0x080001ef   Thumb Code     0  startup_stm32f10x_hd.o(.text)
    TIM8_CC_IRQHandler                       0x080001ef   Thumb Code     0  startup_stm32f10x_hd.o(.text)
    TIM8_TRG_COM_IRQHandler                  0x080001ef   Thumb Code     0  startup_stm32f10x_hd.o(.text)
    TIM8_UP_IRQHandler                       0x080001ef   Thumb Code     0  startup_stm32f10x_hd.o(.text)
    UART4_IRQHandler                         0x080001ef   Thumb Code     0  startup_stm32f10x_hd.o(.text)
    UART5_IRQHandler                         0x080001ef   Thumb Code     0  startup_stm32f10x_hd.o(.text)
    USART2_IRQHandler                        0x080001ef   Thumb Code     0  startup_stm32f10x_hd.o(.text)
    USART3_IRQHandler                        0x080001ef   Thumb Code     0  startup_stm32f10x_hd.o(.text)
    USBWakeUp_IRQHandler                     0x080001ef   Thumb Code     0  startup_stm32f10x_hd.o(.text)
    USB_HP_CAN1_TX_IRQHandler                0x080001ef   Thumb Code     0  startup_stm32f10x_hd.o(.text)
    USB_LP_CAN1_RX0_IRQHandler               0x080001ef   Thumb Code     0  startup_stm32f10x_hd.o(.text)
    WWDG_IRQHandler                          0x080001ef   Thumb Code     0  startup_stm32f10x_hd.o(.text)
    __user_initial_stackheap                 0x080001f1   Thumb Code     0  startup_stm32f10x_hd.o(.text)
    __use_no_semihosting                     0x08000215   Thumb Code     2  use_no_semi_2.o(.text)
    __2sprintf                               0x08000219   Thumb Code    34  noretval__2sprintf.o(.text)
    __printf                                 0x08000241   Thumb Code   104  __printf.o(.text)
    _printf_int_dec                          0x080002a9   Thumb Code   104  _printf_dec.o(.text)
    __aeabi_memcpy4                          0x08000321   Thumb Code     0  rt_memcpy_w.o(.text)
    __aeabi_memcpy8                          0x08000321   Thumb Code     0  rt_memcpy_w.o(.text)
    __rt_memcpy_w                            0x08000321   Thumb Code   100  rt_memcpy_w.o(.text)
    _memcpy_lastbytes_aligned                0x08000369   Thumb Code     0  rt_memcpy_w.o(.text)
    __aeabi_memset                           0x08000385   Thumb Code    16  aeabi_memset.o(.text)
    __use_two_region_memory                  0x08000395   Thumb Code     2  heapauxi.o(.text)
    __rt_heap_escrow$2region                 0x08000397   Thumb Code     2  heapauxi.o(.text)
    __rt_heap_expand$2region                 0x08000399   Thumb Code     2  heapauxi.o(.text)
    __I$use$semihosting                      0x0800039b   Thumb Code     0  use_no_semi.o(.text)
    __use_no_semihosting_swi                 0x0800039b   Thumb Code     2  use_no_semi.o(.text)
    _printf_int_common                       0x0800039d   Thumb Code   178  _printf_intcommon.o(.text)
    _printf_char_common                      0x0800045b   Thumb Code    32  _printf_char_common.o(.text)
    _sputc                                   0x08000481   Thumb Code    10  _sputc.o(.text)
    __aeabi_memclr                           0x0800048b   Thumb Code     0  rt_memclr.o(.text)
    __rt_memclr                              0x0800048b   Thumb Code    68  rt_memclr.o(.text)
    _memset                                  0x0800048f   Thumb Code     0  rt_memclr.o(.text)
    __aeabi_memclr4                          0x080004cf   Thumb Code     0  rt_memclr_w.o(.text)
    __aeabi_memclr8                          0x080004cf   Thumb Code     0  rt_memclr_w.o(.text)
    __rt_memclr_w                            0x080004cf   Thumb Code    78  rt_memclr_w.o(.text)
    _memset_w                                0x080004d3   Thumb Code     0  rt_memclr_w.o(.text)
    __user_setup_stackheap                   0x0800051d   Thumb Code    74  sys_stackheap_outer.o(.text)
    exit                                     0x08000567   Thumb Code    18  exit.o(.text)
    __user_libspace                          0x08000579   Thumb Code     8  libspace.o(.text)
    __user_perproc_libspace                  0x08000579   Thumb Code     0  libspace.o(.text)
    __user_perthread_libspace                0x08000579   Thumb Code     0  libspace.o(.text)
    ADC_Cmd                                  0x08000581   Thumb Code    22  stm32f10x_adc.o(i.ADC_Cmd)
    ADC_DMACmd                               0x08000597   Thumb Code    22  stm32f10x_adc.o(i.ADC_DMACmd)
    ADC_GetCalibrationStatus                 0x080005ad   Thumb Code    20  stm32f10x_adc.o(i.ADC_GetCalibrationStatus)
    ADC_GetResetCalibrationStatus            0x080005c1   Thumb Code    20  stm32f10x_adc.o(i.ADC_GetResetCalibrationStatus)
    ADC_Init                                 0x080005d5   Thumb Code    70  stm32f10x_adc.o(i.ADC_Init)
    ADC_RegularChannelConfig                 0x08000625   Thumb Code   184  stm32f10x_adc.o(i.ADC_RegularChannelConfig)
    ADC_ResetCalibration                     0x080006dd   Thumb Code    10  stm32f10x_adc.o(i.ADC_ResetCalibration)
    ADC_SoftwareStartConvCmd                 0x080006e7   Thumb Code    22  stm32f10x_adc.o(i.ADC_SoftwareStartConvCmd)
    ADC_StartCalibration                     0x080006fd   Thumb Code    10  stm32f10x_adc.o(i.ADC_StartCalibration)
    ADKey_2_AdstractKey                      0x08000709   Thumb Code    38  datastruct.o(i.ADKey_2_AdstractKey)
    BSP_Init                                 0x08000735   Thumb Code    16  main.o(i.BSP_Init)
    BusFault_Handler                         0x08000745   Thumb Code     4  stm32f10x_it.o(i.BusFault_Handler)
    ClearRAM                                 0x08000749   Thumb Code    54  spi_lcd.o(i.ClearRAM)
    DMA_Cmd                                  0x0800077f   Thumb Code    24  stm32f10x_dma.o(i.DMA_Cmd)
    DMA_DeInit                               0x08000799   Thumb Code   324  stm32f10x_dma.o(i.DMA_DeInit)
    DMA_Init                                 0x080008e5   Thumb Code    60  stm32f10x_dma.o(i.DMA_Init)
    DebugMon_Handler                         0x08000921   Thumb Code     2  stm32f10x_it.o(i.DebugMon_Handler)
    Delay                                    0x08000923   Thumb Code    10  spi_lcd.o(i.Delay)
    GPIO_Init                                0x0800092d   Thumb Code   278  stm32f10x_gpio.o(i.GPIO_Init)
    GPIO_ResetBits                           0x08000a43   Thumb Code     4  stm32f10x_gpio.o(i.GPIO_ResetBits)
    GPIO_SetBits                             0x08000a47   Thumb Code     4  stm32f10x_gpio.o(i.GPIO_SetBits)
    GetKeyValFromBox                         0x08000a4d   Thumb Code    74  ui.o(i.GetKeyValFromBox)
    GetKeyValue                              0x08000a9d   Thumb Code   516  ad_key.o(i.GetKeyValue)
    Get_ADCAveraValue                        0x08000ca5   Thumb Code    48  ad_key.o(i.Get_ADCAveraValue)
    HardFault_Handler                        0x08000cd9   Thumb Code     4  stm32f10x_it.o(i.HardFault_Handler)
    KeyInit                                  0x08000cdd   Thumb Code   266  ad_key.o(i.KeyInit)
    KeyScanMain                              0x08000dfd   Thumb Code   128  ui.o(i.KeyScanMain)
    LCDDrawDot                               0x08000e85   Thumb Code   104  spi_lcd.o(i.LCDDrawDot)
    LcdInit                                  0x08000ef1   Thumb Code   202  spi_lcd.o(i.LcdInit)
    LcdUpdateMain                            0x08000fc9   Thumb Code   250  ui.o(i.LcdUpdateMain)
    MemManage_Handler                        0x080010d9   Thumb Code     4  stm32f10x_it.o(i.MemManage_Handler)
    MiddleLayer_Init                         0x080010dd   Thumb Code    84  main.o(i.MiddleLayer_Init)
    NMI_Handler                              0x0800113d   Thumb Code     2  stm32f10x_it.o(i.NMI_Handler)
    PROCESS_LongClrKey_Of_PageCodeChange     0x0800113f   Thumb Code     2  ui.o(i.PROCESS_LongClrKey_Of_PageCodeChange)
    PROCESS_LongClrKey_Of_PageCodeEnt        0x08001141   Thumb Code     2  ui.o(i.PROCESS_LongClrKey_Of_PageCodeEnt)
    PROCESS_LongClrKey_Of_PageDTUChan1Set    0x08001143   Thumb Code     2  ui.o(i.PROCESS_LongClrKey_Of_PageDTUChan1Set)
    PROCESS_LongClrKey_Of_PageDTUChan2Set    0x08001145   Thumb Code     2  ui.o(i.PROCESS_LongClrKey_Of_PageDTUChan2Set)
    PROCESS_LongClrKey_Of_PageDTUChan3Set    0x08001147   Thumb Code     2  ui.o(i.PROCESS_LongClrKey_Of_PageDTUChan3Set)
    PROCESS_LongClrKey_Of_PageDTUChan4Set    0x08001149   Thumb Code     2  ui.o(i.PROCESS_LongClrKey_Of_PageDTUChan4Set)
    PROCESS_LongClrKey_Of_PageDTURunModeSet  0x0800114b   Thumb Code     2  ui.o(i.PROCESS_LongClrKey_Of_PageDTURunModeSet)
    PROCESS_LongClrKey_Of_PageDTUSMSSet      0x0800114d   Thumb Code     2  ui.o(i.PROCESS_LongClrKey_Of_PageDTUSMSSet)
    PROCESS_LongClrKey_Of_PageDTUServerSet   0x0800114f   Thumb Code     2  ui.o(i.PROCESS_LongClrKey_Of_PageDTUServerSet)
    PROCESS_LongClrKey_Of_PageDTUSet         0x08001151   Thumb Code     2  ui.o(i.PROCESS_LongClrKey_Of_PageDTUSet)
    PROCESS_LongClrKey_Of_PageDateTimeSet    0x08001153   Thumb Code     2  ui.o(i.PROCESS_LongClrKey_Of_PageDateTimeSet)
    PROCESS_LongClrKey_Of_PageDefault        0x08001155   Thumb Code     2  ui.o(i.PROCESS_LongClrKey_Of_PageDefault)
    PROCESS_LongClrKey_Of_PageInit           0x08001159   Thumb Code    14  ui.o(i.PROCESS_LongClrKey_Of_PageInit)
    PROCESS_LongClrKey_Of_PageMainMenu       0x08001175   Thumb Code     2  ui.o(i.PROCESS_LongClrKey_Of_PageMainMenu)
    PROCESS_LongClrKey_Of_PageParaBak        0x08001177   Thumb Code     2  ui.o(i.PROCESS_LongClrKey_Of_PageParaBak)
    PROCESS_LongClrKey_Of_PageRGZS           0x08001179   Thumb Code     2  ui.o(i.PROCESS_LongClrKey_Of_PageRGZS)
    PROCESS_LongClrKey_Of_PageSensorMotherConfig 0x0800117b   Thumb Code     2  ui.o(i.PROCESS_LongClrKey_Of_PageSensorMotherConfig)
    PROCESS_LongClrKey_Of_PageSensorSonPara  0x0800117d   Thumb Code     2  ui.o(i.PROCESS_LongClrKey_Of_PageSensorSonPara)
    PROCESS_LongClrKey_Of_PageTestSend       0x0800117f   Thumb Code     2  ui.o(i.PROCESS_LongClrKey_Of_PageTestSend)
    PROCESS_LongDownKey_Of_PageCodeChange    0x08001181   Thumb Code     2  ui.o(i.PROCESS_LongDownKey_Of_PageCodeChange)
    PROCESS_LongDownKey_Of_PageCodeEnt       0x08001183   Thumb Code     2  ui.o(i.PROCESS_LongDownKey_Of_PageCodeEnt)
    PROCESS_LongDownKey_Of_PageDTUChan1Set   0x08001185   Thumb Code     2  ui.o(i.PROCESS_LongDownKey_Of_PageDTUChan1Set)
    PROCESS_LongDownKey_Of_PageDTUChan2Set   0x08001187   Thumb Code     2  ui.o(i.PROCESS_LongDownKey_Of_PageDTUChan2Set)
    PROCESS_LongDownKey_Of_PageDTUChan3Set   0x08001189   Thumb Code     2  ui.o(i.PROCESS_LongDownKey_Of_PageDTUChan3Set)
    PROCESS_LongDownKey_Of_PageDTUChan4Set   0x0800118b   Thumb Code     2  ui.o(i.PROCESS_LongDownKey_Of_PageDTUChan4Set)
    PROCESS_LongDownKey_Of_PageDTURunModeSet 0x0800118d   Thumb Code     2  ui.o(i.PROCESS_LongDownKey_Of_PageDTURunModeSet)
    PROCESS_LongDownKey_Of_PageDTUSMSSet     0x0800118f   Thumb Code     2  ui.o(i.PROCESS_LongDownKey_Of_PageDTUSMSSet)
    PROCESS_LongDownKey_Of_PageDTUServerSet  0x08001191   Thumb Code     2  ui.o(i.PROCESS_LongDownKey_Of_PageDTUServerSet)
    PROCESS_LongDownKey_Of_PageDTUSet        0x08001193   Thumb Code     2  ui.o(i.PROCESS_LongDownKey_Of_PageDTUSet)
    PROCESS_LongDownKey_Of_PageDateTimeSet   0x08001195   Thumb Code     2  ui.o(i.PROCESS_LongDownKey_Of_PageDateTimeSet)
    PROCESS_LongDownKey_Of_PageDefault       0x08001197   Thumb Code     2  ui.o(i.PROCESS_LongDownKey_Of_PageDefault)
    PROCESS_LongDownKey_Of_PageInit          0x08001199   Thumb Code    14  ui.o(i.PROCESS_LongDownKey_Of_PageInit)
    PROCESS_LongDownKey_Of_PageMainMenu      0x080011b5   Thumb Code     2  ui.o(i.PROCESS_LongDownKey_Of_PageMainMenu)
    PROCESS_LongDownKey_Of_PageParaBak       0x080011b7   Thumb Code     2  ui.o(i.PROCESS_LongDownKey_Of_PageParaBak)
    PROCESS_LongDownKey_Of_PageRGZS          0x080011b9   Thumb Code     2  ui.o(i.PROCESS_LongDownKey_Of_PageRGZS)
    PROCESS_LongDownKey_Of_PageSensorMotherConfig 0x080011bb   Thumb Code     2  ui.o(i.PROCESS_LongDownKey_Of_PageSensorMotherConfig)
    PROCESS_LongDownKey_Of_PageSensorSonPara 0x080011bd   Thumb Code     2  ui.o(i.PROCESS_LongDownKey_Of_PageSensorSonPara)
    PROCESS_LongDownKey_Of_PageTestSend      0x080011bf   Thumb Code     2  ui.o(i.PROCESS_LongDownKey_Of_PageTestSend)
    PROCESS_LongNumKey_Of_PageCodeChange     0x080011c1   Thumb Code     2  ui.o(i.PROCESS_LongNumKey_Of_PageCodeChange)
    PROCESS_LongNumKey_Of_PageCodeEnt        0x080011c3   Thumb Code     2  ui.o(i.PROCESS_LongNumKey_Of_PageCodeEnt)
    PROCESS_LongNumKey_Of_PageDTUChan1Set    0x080011c5   Thumb Code     2  ui.o(i.PROCESS_LongNumKey_Of_PageDTUChan1Set)
    PROCESS_LongNumKey_Of_PageDTUChan2Set    0x080011c7   Thumb Code     2  ui.o(i.PROCESS_LongNumKey_Of_PageDTUChan2Set)
    PROCESS_LongNumKey_Of_PageDTUChan3Set    0x080011c9   Thumb Code     2  ui.o(i.PROCESS_LongNumKey_Of_PageDTUChan3Set)
    PROCESS_LongNumKey_Of_PageDTUChan4Set    0x080011cb   Thumb Code     2  ui.o(i.PROCESS_LongNumKey_Of_PageDTUChan4Set)
    PROCESS_LongNumKey_Of_PageDTURunModeSet  0x080011cd   Thumb Code     2  ui.o(i.PROCESS_LongNumKey_Of_PageDTURunModeSet)
    PROCESS_LongNumKey_Of_PageDTUSMSSet      0x080011cf   Thumb Code     2  ui.o(i.PROCESS_LongNumKey_Of_PageDTUSMSSet)
    PROCESS_LongNumKey_Of_PageDTUServerSet   0x080011d1   Thumb Code     2  ui.o(i.PROCESS_LongNumKey_Of_PageDTUServerSet)
    PROCESS_LongNumKey_Of_PageDTUSet         0x080011d3   Thumb Code     2  ui.o(i.PROCESS_LongNumKey_Of_PageDTUSet)
    PROCESS_LongNumKey_Of_PageDateTimeSet    0x080011d5   Thumb Code     2  ui.o(i.PROCESS_LongNumKey_Of_PageDateTimeSet)
    PROCESS_LongNumKey_Of_PageDefault        0x080011d7   Thumb Code     2  ui.o(i.PROCESS_LongNumKey_Of_PageDefault)
    PROCESS_LongNumKey_Of_PageInit           0x080011d9   Thumb Code    48  ui.o(i.PROCESS_LongNumKey_Of_PageInit)
    PROCESS_LongNumKey_Of_PageMainMenu       0x08001219   Thumb Code     2  ui.o(i.PROCESS_LongNumKey_Of_PageMainMenu)
    PROCESS_LongNumKey_Of_PageParaBak        0x0800121b   Thumb Code     2  ui.o(i.PROCESS_LongNumKey_Of_PageParaBak)
    PROCESS_LongNumKey_Of_PageRGZS           0x0800121d   Thumb Code     2  ui.o(i.PROCESS_LongNumKey_Of_PageRGZS)
    PROCESS_LongNumKey_Of_PageSensorMotherConfig 0x0800121f   Thumb Code     2  ui.o(i.PROCESS_LongNumKey_Of_PageSensorMotherConfig)
    PROCESS_LongNumKey_Of_PageSensorSonPara  0x08001221   Thumb Code     2  ui.o(i.PROCESS_LongNumKey_Of_PageSensorSonPara)
    PROCESS_LongNumKey_Of_PageTestSend       0x08001223   Thumb Code     2  ui.o(i.PROCESS_LongNumKey_Of_PageTestSend)
    PROCESS_LongOkKey_Of_PageCodeChange      0x08001225   Thumb Code     2  ui.o(i.PROCESS_LongOkKey_Of_PageCodeChange)
    PROCESS_LongOkKey_Of_PageCodeEnt         0x08001227   Thumb Code     2  ui.o(i.PROCESS_LongOkKey_Of_PageCodeEnt)
    PROCESS_LongOkKey_Of_PageDTUChan1Set     0x08001229   Thumb Code     2  ui.o(i.PROCESS_LongOkKey_Of_PageDTUChan1Set)
    PROCESS_LongOkKey_Of_PageDTUChan2Set     0x0800122b   Thumb Code     2  ui.o(i.PROCESS_LongOkKey_Of_PageDTUChan2Set)
    PROCESS_LongOkKey_Of_PageDTUChan3Set     0x0800122d   Thumb Code     2  ui.o(i.PROCESS_LongOkKey_Of_PageDTUChan3Set)
    PROCESS_LongOkKey_Of_PageDTUChan4Set     0x0800122f   Thumb Code     2  ui.o(i.PROCESS_LongOkKey_Of_PageDTUChan4Set)
    PROCESS_LongOkKey_Of_PageDTURunModeSet   0x08001231   Thumb Code     2  ui.o(i.PROCESS_LongOkKey_Of_PageDTURunModeSet)
    PROCESS_LongOkKey_Of_PageDTUSMSSet       0x08001233   Thumb Code     2  ui.o(i.PROCESS_LongOkKey_Of_PageDTUSMSSet)
    PROCESS_LongOkKey_Of_PageDTUServerSet    0x08001235   Thumb Code     2  ui.o(i.PROCESS_LongOkKey_Of_PageDTUServerSet)
    PROCESS_LongOkKey_Of_PageDTUSet          0x08001237   Thumb Code     2  ui.o(i.PROCESS_LongOkKey_Of_PageDTUSet)
    PROCESS_LongOkKey_Of_PageDateTimeSet     0x08001239   Thumb Code     2  ui.o(i.PROCESS_LongOkKey_Of_PageDateTimeSet)
    PROCESS_LongOkKey_Of_PageDefault         0x0800123b   Thumb Code     2  ui.o(i.PROCESS_LongOkKey_Of_PageDefault)
    PROCESS_LongOkKey_Of_PageInit            0x0800123d   Thumb Code    14  ui.o(i.PROCESS_LongOkKey_Of_PageInit)
    PROCESS_LongOkKey_Of_PageMainMenu        0x08001259   Thumb Code     2  ui.o(i.PROCESS_LongOkKey_Of_PageMainMenu)
    PROCESS_LongOkKey_Of_PageParaBak         0x0800125b   Thumb Code     2  ui.o(i.PROCESS_LongOkKey_Of_PageParaBak)
    PROCESS_LongOkKey_Of_PageRGZS            0x0800125d   Thumb Code     2  ui.o(i.PROCESS_LongOkKey_Of_PageRGZS)
    PROCESS_LongOkKey_Of_PageSensorMotherConfig 0x0800125f   Thumb Code     2  ui.o(i.PROCESS_LongOkKey_Of_PageSensorMotherConfig)
    PROCESS_LongOkKey_Of_PageSensorSonPara   0x08001261   Thumb Code     2  ui.o(i.PROCESS_LongOkKey_Of_PageSensorSonPara)
    PROCESS_LongOkKey_Of_PageTestSend        0x08001263   Thumb Code     2  ui.o(i.PROCESS_LongOkKey_Of_PageTestSend)
    PROCESS_LongSetKey_Of_PageCodeChange     0x08001265   Thumb Code     2  ui.o(i.PROCESS_LongSetKey_Of_PageCodeChange)
    PROCESS_LongSetKey_Of_PageCodeEnt        0x08001267   Thumb Code     2  ui.o(i.PROCESS_LongSetKey_Of_PageCodeEnt)
    PROCESS_LongSetKey_Of_PageDTUChan1Set    0x08001269   Thumb Code     2  ui.o(i.PROCESS_LongSetKey_Of_PageDTUChan1Set)
    PROCESS_LongSetKey_Of_PageDTUChan2Set    0x0800126b   Thumb Code     2  ui.o(i.PROCESS_LongSetKey_Of_PageDTUChan2Set)
    PROCESS_LongSetKey_Of_PageDTUChan3Set    0x0800126d   Thumb Code     2  ui.o(i.PROCESS_LongSetKey_Of_PageDTUChan3Set)
    PROCESS_LongSetKey_Of_PageDTUChan4Set    0x0800126f   Thumb Code     2  ui.o(i.PROCESS_LongSetKey_Of_PageDTUChan4Set)
    PROCESS_LongSetKey_Of_PageDTURunModeSet  0x08001271   Thumb Code     2  ui.o(i.PROCESS_LongSetKey_Of_PageDTURunModeSet)
    PROCESS_LongSetKey_Of_PageDTUSMSSet      0x08001273   Thumb Code     2  ui.o(i.PROCESS_LongSetKey_Of_PageDTUSMSSet)
    PROCESS_LongSetKey_Of_PageDTUServerSet   0x08001275   Thumb Code     2  ui.o(i.PROCESS_LongSetKey_Of_PageDTUServerSet)
    PROCESS_LongSetKey_Of_PageDTUSet         0x08001277   Thumb Code     2  ui.o(i.PROCESS_LongSetKey_Of_PageDTUSet)
    PROCESS_LongSetKey_Of_PageDateTimeSet    0x08001279   Thumb Code     2  ui.o(i.PROCESS_LongSetKey_Of_PageDateTimeSet)
    PROCESS_LongSetKey_Of_PageDefault        0x0800127b   Thumb Code     2  ui.o(i.PROCESS_LongSetKey_Of_PageDefault)
    PROCESS_LongSetKey_Of_PageInit           0x0800127d   Thumb Code    14  ui.o(i.PROCESS_LongSetKey_Of_PageInit)
    PROCESS_LongSetKey_Of_PageMainMenu       0x08001299   Thumb Code     2  ui.o(i.PROCESS_LongSetKey_Of_PageMainMenu)
    PROCESS_LongSetKey_Of_PageParaBak        0x0800129b   Thumb Code     2  ui.o(i.PROCESS_LongSetKey_Of_PageParaBak)
    PROCESS_LongSetKey_Of_PageRGZS           0x0800129d   Thumb Code     2  ui.o(i.PROCESS_LongSetKey_Of_PageRGZS)
    PROCESS_LongSetKey_Of_PageSensorMotherConfig 0x0800129f   Thumb Code     2  ui.o(i.PROCESS_LongSetKey_Of_PageSensorMotherConfig)
    PROCESS_LongSetKey_Of_PageSensorSonPara  0x080012a1   Thumb Code     2  ui.o(i.PROCESS_LongSetKey_Of_PageSensorSonPara)
    PROCESS_LongSetKey_Of_PageTestSend       0x080012a3   Thumb Code     2  ui.o(i.PROCESS_LongSetKey_Of_PageTestSend)
    PROCESS_LongUpKey_Of_PageCodeChange      0x080012a5   Thumb Code     2  ui.o(i.PROCESS_LongUpKey_Of_PageCodeChange)
    PROCESS_LongUpKey_Of_PageCodeEnt         0x080012a7   Thumb Code     2  ui.o(i.PROCESS_LongUpKey_Of_PageCodeEnt)
    PROCESS_LongUpKey_Of_PageDTUChan1Set     0x080012a9   Thumb Code     2  ui.o(i.PROCESS_LongUpKey_Of_PageDTUChan1Set)
    PROCESS_LongUpKey_Of_PageDTUChan2Set     0x080012ab   Thumb Code     2  ui.o(i.PROCESS_LongUpKey_Of_PageDTUChan2Set)
    PROCESS_LongUpKey_Of_PageDTUChan3Set     0x080012ad   Thumb Code     2  ui.o(i.PROCESS_LongUpKey_Of_PageDTUChan3Set)
    PROCESS_LongUpKey_Of_PageDTUChan4Set     0x080012af   Thumb Code     2  ui.o(i.PROCESS_LongUpKey_Of_PageDTUChan4Set)
    PROCESS_LongUpKey_Of_PageDTURunModeSet   0x080012b1   Thumb Code     2  ui.o(i.PROCESS_LongUpKey_Of_PageDTURunModeSet)
    PROCESS_LongUpKey_Of_PageDTUSMSSet       0x080012b3   Thumb Code     2  ui.o(i.PROCESS_LongUpKey_Of_PageDTUSMSSet)
    PROCESS_LongUpKey_Of_PageDTUServerSet    0x080012b5   Thumb Code     2  ui.o(i.PROCESS_LongUpKey_Of_PageDTUServerSet)
    PROCESS_LongUpKey_Of_PageDTUSet          0x080012b7   Thumb Code     2  ui.o(i.PROCESS_LongUpKey_Of_PageDTUSet)
    PROCESS_LongUpKey_Of_PageDateTimeSet     0x080012b9   Thumb Code     2  ui.o(i.PROCESS_LongUpKey_Of_PageDateTimeSet)
    PROCESS_LongUpKey_Of_PageDefault         0x080012bb   Thumb Code     2  ui.o(i.PROCESS_LongUpKey_Of_PageDefault)
    PROCESS_LongUpKey_Of_PageInit            0x080012bd   Thumb Code    14  ui.o(i.PROCESS_LongUpKey_Of_PageInit)
    PROCESS_LongUpKey_Of_PageMainMenu        0x080012d9   Thumb Code     2  ui.o(i.PROCESS_LongUpKey_Of_PageMainMenu)
    PROCESS_LongUpKey_Of_PageParaBak         0x080012db   Thumb Code     2  ui.o(i.PROCESS_LongUpKey_Of_PageParaBak)
    PROCESS_LongUpKey_Of_PageRGZS            0x080012dd   Thumb Code     2  ui.o(i.PROCESS_LongUpKey_Of_PageRGZS)
    PROCESS_LongUpKey_Of_PageSensorMotherConfig 0x080012df   Thumb Code     2  ui.o(i.PROCESS_LongUpKey_Of_PageSensorMotherConfig)
    PROCESS_LongUpKey_Of_PageSensorSonPara   0x080012e1   Thumb Code     2  ui.o(i.PROCESS_LongUpKey_Of_PageSensorSonPara)
    PROCESS_LongUpKey_Of_PageTestSend        0x080012e3   Thumb Code     2  ui.o(i.PROCESS_LongUpKey_Of_PageTestSend)
    PROCESS_ShortClrKey_Of_PageCodeChange    0x080012e5   Thumb Code     2  ui.o(i.PROCESS_ShortClrKey_Of_PageCodeChange)
    PROCESS_ShortClrKey_Of_PageCodeEnt       0x080012e7   Thumb Code     2  ui.o(i.PROCESS_ShortClrKey_Of_PageCodeEnt)
    PROCESS_ShortClrKey_Of_PageDTUChan1Set   0x080012e9   Thumb Code     2  ui.o(i.PROCESS_ShortClrKey_Of_PageDTUChan1Set)
    PROCESS_ShortClrKey_Of_PageDTUChan2Set   0x080012eb   Thumb Code     2  ui.o(i.PROCESS_ShortClrKey_Of_PageDTUChan2Set)
    PROCESS_ShortClrKey_Of_PageDTUChan3Set   0x080012ed   Thumb Code     2  ui.o(i.PROCESS_ShortClrKey_Of_PageDTUChan3Set)
    PROCESS_ShortClrKey_Of_PageDTUChan4Set   0x080012ef   Thumb Code     2  ui.o(i.PROCESS_ShortClrKey_Of_PageDTUChan4Set)
    PROCESS_ShortClrKey_Of_PageDTURunModeSet 0x080012f1   Thumb Code     2  ui.o(i.PROCESS_ShortClrKey_Of_PageDTURunModeSet)
    PROCESS_ShortClrKey_Of_PageDTUSMSSet     0x080012f3   Thumb Code     2  ui.o(i.PROCESS_ShortClrKey_Of_PageDTUSMSSet)
    PROCESS_ShortClrKey_Of_PageDTUServerSet  0x080012f5   Thumb Code     2  ui.o(i.PROCESS_ShortClrKey_Of_PageDTUServerSet)
    PROCESS_ShortClrKey_Of_PageDTUSet        0x080012f7   Thumb Code     2  ui.o(i.PROCESS_ShortClrKey_Of_PageDTUSet)
    PROCESS_ShortClrKey_Of_PageDateTimeSet   0x080012f9   Thumb Code     2  ui.o(i.PROCESS_ShortClrKey_Of_PageDateTimeSet)
    PROCESS_ShortClrKey_Of_PageDefault       0x080012fb   Thumb Code     2  ui.o(i.PROCESS_ShortClrKey_Of_PageDefault)
    PROCESS_ShortClrKey_Of_PageInit          0x080012fd   Thumb Code    14  ui.o(i.PROCESS_ShortClrKey_Of_PageInit)
    PROCESS_ShortClrKey_Of_PageMainMenu      0x08001319   Thumb Code     2  ui.o(i.PROCESS_ShortClrKey_Of_PageMainMenu)
    PROCESS_ShortClrKey_Of_PageParaBak       0x0800131b   Thumb Code     2  ui.o(i.PROCESS_ShortClrKey_Of_PageParaBak)
    PROCESS_ShortClrKey_Of_PageRGZS          0x0800131d   Thumb Code     2  ui.o(i.PROCESS_ShortClrKey_Of_PageRGZS)
    PROCESS_ShortClrKey_Of_PageSensorMotherConfig 0x0800131f   Thumb Code     2  ui.o(i.PROCESS_ShortClrKey_Of_PageSensorMotherConfig)
    PROCESS_ShortClrKey_Of_PageSensorSonPara 0x08001321   Thumb Code     2  ui.o(i.PROCESS_ShortClrKey_Of_PageSensorSonPara)
    PROCESS_ShortClrKey_Of_PageTestSend      0x08001323   Thumb Code     2  ui.o(i.PROCESS_ShortClrKey_Of_PageTestSend)
    PROCESS_ShortDownKey_Of_PageCodeChange   0x08001325   Thumb Code     2  ui.o(i.PROCESS_ShortDownKey_Of_PageCodeChange)
    PROCESS_ShortDownKey_Of_PageCodeEnt      0x08001327   Thumb Code     2  ui.o(i.PROCESS_ShortDownKey_Of_PageCodeEnt)
    PROCESS_ShortDownKey_Of_PageDTUChan1Set  0x08001329   Thumb Code     2  ui.o(i.PROCESS_ShortDownKey_Of_PageDTUChan1Set)
    PROCESS_ShortDownKey_Of_PageDTUChan2Set  0x0800132b   Thumb Code     2  ui.o(i.PROCESS_ShortDownKey_Of_PageDTUChan2Set)
    PROCESS_ShortDownKey_Of_PageDTUChan3Set  0x0800132d   Thumb Code     2  ui.o(i.PROCESS_ShortDownKey_Of_PageDTUChan3Set)
    PROCESS_ShortDownKey_Of_PageDTUChan4Set  0x0800132f   Thumb Code     2  ui.o(i.PROCESS_ShortDownKey_Of_PageDTUChan4Set)
    PROCESS_ShortDownKey_Of_PageDTURunModeSet 0x08001331   Thumb Code     2  ui.o(i.PROCESS_ShortDownKey_Of_PageDTURunModeSet)
    PROCESS_ShortDownKey_Of_PageDTUSMSSet    0x08001333   Thumb Code     2  ui.o(i.PROCESS_ShortDownKey_Of_PageDTUSMSSet)
    PROCESS_ShortDownKey_Of_PageDTUServerSet 0x08001335   Thumb Code     2  ui.o(i.PROCESS_ShortDownKey_Of_PageDTUServerSet)
    PROCESS_ShortDownKey_Of_PageDTUSet       0x08001337   Thumb Code     2  ui.o(i.PROCESS_ShortDownKey_Of_PageDTUSet)
    PROCESS_ShortDownKey_Of_PageDateTimeSet  0x08001339   Thumb Code     2  ui.o(i.PROCESS_ShortDownKey_Of_PageDateTimeSet)
    PROCESS_ShortDownKey_Of_PageDefault      0x0800133b   Thumb Code     2  ui.o(i.PROCESS_ShortDownKey_Of_PageDefault)
    PROCESS_ShortDownKey_Of_PageInit         0x0800133d   Thumb Code    14  ui.o(i.PROCESS_ShortDownKey_Of_PageInit)
    PROCESS_ShortDownKey_Of_PageMainMenu     0x0800135d   Thumb Code     2  ui.o(i.PROCESS_ShortDownKey_Of_PageMainMenu)
    PROCESS_ShortDownKey_Of_PageParaBak      0x0800135f   Thumb Code     2  ui.o(i.PROCESS_ShortDownKey_Of_PageParaBak)
    PROCESS_ShortDownKey_Of_PageRGZS         0x08001361   Thumb Code     2  ui.o(i.PROCESS_ShortDownKey_Of_PageRGZS)
    PROCESS_ShortDownKey_Of_PageSensorMotherConfig 0x08001363   Thumb Code     2  ui.o(i.PROCESS_ShortDownKey_Of_PageSensorMotherConfig)
    PROCESS_ShortDownKey_Of_PageSensorSonPara 0x08001365   Thumb Code     2  ui.o(i.PROCESS_ShortDownKey_Of_PageSensorSonPara)
    PROCESS_ShortDownKey_Of_PageTestSend     0x08001367   Thumb Code     2  ui.o(i.PROCESS_ShortDownKey_Of_PageTestSend)
    PROCESS_ShortNumKey_Of_PageCodeChange    0x08001369   Thumb Code     2  ui.o(i.PROCESS_ShortNumKey_Of_PageCodeChange)
    PROCESS_ShortNumKey_Of_PageCodeEnt       0x0800136b   Thumb Code     2  ui.o(i.PROCESS_ShortNumKey_Of_PageCodeEnt)
    PROCESS_ShortNumKey_Of_PageDTUChan1Set   0x0800136d   Thumb Code     2  ui.o(i.PROCESS_ShortNumKey_Of_PageDTUChan1Set)
    PROCESS_ShortNumKey_Of_PageDTUChan2Set   0x0800136f   Thumb Code     2  ui.o(i.PROCESS_ShortNumKey_Of_PageDTUChan2Set)
    PROCESS_ShortNumKey_Of_PageDTUChan3Set   0x08001371   Thumb Code     2  ui.o(i.PROCESS_ShortNumKey_Of_PageDTUChan3Set)
    PROCESS_ShortNumKey_Of_PageDTUChan4Set   0x08001373   Thumb Code     2  ui.o(i.PROCESS_ShortNumKey_Of_PageDTUChan4Set)
    PROCESS_ShortNumKey_Of_PageDTURunModeSet 0x08001375   Thumb Code     2  ui.o(i.PROCESS_ShortNumKey_Of_PageDTURunModeSet)
    PROCESS_ShortNumKey_Of_PageDTUSMSSet     0x08001377   Thumb Code     2  ui.o(i.PROCESS_ShortNumKey_Of_PageDTUSMSSet)
    PROCESS_ShortNumKey_Of_PageDTUServerSet  0x08001379   Thumb Code     2  ui.o(i.PROCESS_ShortNumKey_Of_PageDTUServerSet)
    PROCESS_ShortNumKey_Of_PageDTUSet        0x0800137b   Thumb Code     2  ui.o(i.PROCESS_ShortNumKey_Of_PageDTUSet)
    PROCESS_ShortNumKey_Of_PageDateTimeSet   0x0800137d   Thumb Code     2  ui.o(i.PROCESS_ShortNumKey_Of_PageDateTimeSet)
    PROCESS_ShortNumKey_Of_PageDefault       0x0800137f   Thumb Code     2  ui.o(i.PROCESS_ShortNumKey_Of_PageDefault)
    PROCESS_ShortNumKey_Of_PageInit          0x08001381   Thumb Code    48  ui.o(i.PROCESS_ShortNumKey_Of_PageInit)
    PROCESS_ShortNumKey_Of_PageMainMenu      0x080013c5   Thumb Code     2  ui.o(i.PROCESS_ShortNumKey_Of_PageMainMenu)
    PROCESS_ShortNumKey_Of_PageParaBak       0x080013c7   Thumb Code     2  ui.o(i.PROCESS_ShortNumKey_Of_PageParaBak)
    PROCESS_ShortNumKey_Of_PageRGZS          0x080013c9   Thumb Code     2  ui.o(i.PROCESS_ShortNumKey_Of_PageRGZS)
    PROCESS_ShortNumKey_Of_PageSensorMotherConfig 0x080013cb   Thumb Code     2  ui.o(i.PROCESS_ShortNumKey_Of_PageSensorMotherConfig)
    PROCESS_ShortNumKey_Of_PageSensorSonPara 0x080013cd   Thumb Code     2  ui.o(i.PROCESS_ShortNumKey_Of_PageSensorSonPara)
    PROCESS_ShortNumKey_Of_PageTestSend      0x080013cf   Thumb Code     2  ui.o(i.PROCESS_ShortNumKey_Of_PageTestSend)
    PROCESS_ShortOkKey_Of_PageCodeChange     0x080013d1   Thumb Code     2  ui.o(i.PROCESS_ShortOkKey_Of_PageCodeChange)
    PROCESS_ShortOkKey_Of_PageCodeEnt        0x080013d3   Thumb Code     2  ui.o(i.PROCESS_ShortOkKey_Of_PageCodeEnt)
    PROCESS_ShortOkKey_Of_PageDTUChan1Set    0x080013d5   Thumb Code     2  ui.o(i.PROCESS_ShortOkKey_Of_PageDTUChan1Set)
    PROCESS_ShortOkKey_Of_PageDTUChan2Set    0x080013d7   Thumb Code     2  ui.o(i.PROCESS_ShortOkKey_Of_PageDTUChan2Set)
    PROCESS_ShortOkKey_Of_PageDTUChan3Set    0x080013d9   Thumb Code     2  ui.o(i.PROCESS_ShortOkKey_Of_PageDTUChan3Set)
    PROCESS_ShortOkKey_Of_PageDTUChan4Set    0x080013db   Thumb Code     2  ui.o(i.PROCESS_ShortOkKey_Of_PageDTUChan4Set)
    PROCESS_ShortOkKey_Of_PageDTURunModeSet  0x080013dd   Thumb Code     2  ui.o(i.PROCESS_ShortOkKey_Of_PageDTURunModeSet)
    PROCESS_ShortOkKey_Of_PageDTUSMSSet      0x080013df   Thumb Code     2  ui.o(i.PROCESS_ShortOkKey_Of_PageDTUSMSSet)
    PROCESS_ShortOkKey_Of_PageDTUServerSet   0x080013e1   Thumb Code     2  ui.o(i.PROCESS_ShortOkKey_Of_PageDTUServerSet)
    PROCESS_ShortOkKey_Of_PageDTUSet         0x080013e3   Thumb Code     2  ui.o(i.PROCESS_ShortOkKey_Of_PageDTUSet)
    PROCESS_ShortOkKey_Of_PageDateTimeSet    0x080013e5   Thumb Code     2  ui.o(i.PROCESS_ShortOkKey_Of_PageDateTimeSet)
    PROCESS_ShortOkKey_Of_PageDefault        0x080013e7   Thumb Code     2  ui.o(i.PROCESS_ShortOkKey_Of_PageDefault)
    PROCESS_ShortOkKey_Of_PageInit           0x080013e9   Thumb Code    14  ui.o(i.PROCESS_ShortOkKey_Of_PageInit)
    PROCESS_ShortOkKey_Of_PageMainMenu       0x08001405   Thumb Code     2  ui.o(i.PROCESS_ShortOkKey_Of_PageMainMenu)
    PROCESS_ShortOkKey_Of_PageParaBak        0x08001407   Thumb Code     2  ui.o(i.PROCESS_ShortOkKey_Of_PageParaBak)
    PROCESS_ShortOkKey_Of_PageRGZS           0x08001409   Thumb Code     2  ui.o(i.PROCESS_ShortOkKey_Of_PageRGZS)
    PROCESS_ShortOkKey_Of_PageSensorMotherConfig 0x0800140b   Thumb Code     2  ui.o(i.PROCESS_ShortOkKey_Of_PageSensorMotherConfig)
    PROCESS_ShortOkKey_Of_PageSensorSonPara  0x0800140d   Thumb Code     2  ui.o(i.PROCESS_ShortOkKey_Of_PageSensorSonPara)
    PROCESS_ShortOkKey_Of_PageTestSend       0x0800140f   Thumb Code     2  ui.o(i.PROCESS_ShortOkKey_Of_PageTestSend)
    PROCESS_ShortSetKey_Of_PageCodeChange    0x08001411   Thumb Code     2  ui.o(i.PROCESS_ShortSetKey_Of_PageCodeChange)
    PROCESS_ShortSetKey_Of_PageCodeEnt       0x08001413   Thumb Code     2  ui.o(i.PROCESS_ShortSetKey_Of_PageCodeEnt)
    PROCESS_ShortSetKey_Of_PageDTUChan1Set   0x08001415   Thumb Code     2  ui.o(i.PROCESS_ShortSetKey_Of_PageDTUChan1Set)
    PROCESS_ShortSetKey_Of_PageDTUChan2Set   0x08001417   Thumb Code     2  ui.o(i.PROCESS_ShortSetKey_Of_PageDTUChan2Set)
    PROCESS_ShortSetKey_Of_PageDTUChan3Set   0x08001419   Thumb Code     2  ui.o(i.PROCESS_ShortSetKey_Of_PageDTUChan3Set)
    PROCESS_ShortSetKey_Of_PageDTUChan4Set   0x0800141b   Thumb Code     2  ui.o(i.PROCESS_ShortSetKey_Of_PageDTUChan4Set)
    PROCESS_ShortSetKey_Of_PageDTURunModeSet 0x0800141d   Thumb Code     2  ui.o(i.PROCESS_ShortSetKey_Of_PageDTURunModeSet)
    PROCESS_ShortSetKey_Of_PageDTUSMSSet     0x0800141f   Thumb Code     2  ui.o(i.PROCESS_ShortSetKey_Of_PageDTUSMSSet)
    PROCESS_ShortSetKey_Of_PageDTUServerSet  0x08001421   Thumb Code     2  ui.o(i.PROCESS_ShortSetKey_Of_PageDTUServerSet)
    PROCESS_ShortSetKey_Of_PageDTUSet        0x08001423   Thumb Code     2  ui.o(i.PROCESS_ShortSetKey_Of_PageDTUSet)
    PROCESS_ShortSetKey_Of_PageDateTimeSet   0x08001425   Thumb Code     2  ui.o(i.PROCESS_ShortSetKey_Of_PageDateTimeSet)
    PROCESS_ShortSetKey_Of_PageDefault       0x08001427   Thumb Code     2  ui.o(i.PROCESS_ShortSetKey_Of_PageDefault)
    PROCESS_ShortSetKey_Of_PageInit          0x08001429   Thumb Code    14  ui.o(i.PROCESS_ShortSetKey_Of_PageInit)
    PROCESS_ShortSetKey_Of_PageMainMenu      0x08001445   Thumb Code     2  ui.o(i.PROCESS_ShortSetKey_Of_PageMainMenu)
    PROCESS_ShortSetKey_Of_PageParaBak       0x08001447   Thumb Code     2  ui.o(i.PROCESS_ShortSetKey_Of_PageParaBak)
    PROCESS_ShortSetKey_Of_PageRGZS          0x08001449   Thumb Code     2  ui.o(i.PROCESS_ShortSetKey_Of_PageRGZS)
    PROCESS_ShortSetKey_Of_PageSensorMotherConfig 0x0800144b   Thumb Code     2  ui.o(i.PROCESS_ShortSetKey_Of_PageSensorMotherConfig)
    PROCESS_ShortSetKey_Of_PageSensorSonPara 0x0800144d   Thumb Code     2  ui.o(i.PROCESS_ShortSetKey_Of_PageSensorSonPara)
    PROCESS_ShortSetKey_Of_PageTestSend      0x0800144f   Thumb Code     2  ui.o(i.PROCESS_ShortSetKey_Of_PageTestSend)
    PROCESS_ShortUpKey_Of_PageCodeChange     0x08001451   Thumb Code     2  ui.o(i.PROCESS_ShortUpKey_Of_PageCodeChange)
    PROCESS_ShortUpKey_Of_PageCodeEnt        0x08001453   Thumb Code     2  ui.o(i.PROCESS_ShortUpKey_Of_PageCodeEnt)
    PROCESS_ShortUpKey_Of_PageDTUChan1Set    0x08001455   Thumb Code     2  ui.o(i.PROCESS_ShortUpKey_Of_PageDTUChan1Set)
    PROCESS_ShortUpKey_Of_PageDTUChan2Set    0x08001457   Thumb Code     2  ui.o(i.PROCESS_ShortUpKey_Of_PageDTUChan2Set)
    PROCESS_ShortUpKey_Of_PageDTUChan3Set    0x08001459   Thumb Code     2  ui.o(i.PROCESS_ShortUpKey_Of_PageDTUChan3Set)
    PROCESS_ShortUpKey_Of_PageDTUChan4Set    0x0800145b   Thumb Code     2  ui.o(i.PROCESS_ShortUpKey_Of_PageDTUChan4Set)
    PROCESS_ShortUpKey_Of_PageDTURunModeSet  0x0800145d   Thumb Code     2  ui.o(i.PROCESS_ShortUpKey_Of_PageDTURunModeSet)
    PROCESS_ShortUpKey_Of_PageDTUSMSSet      0x0800145f   Thumb Code     2  ui.o(i.PROCESS_ShortUpKey_Of_PageDTUSMSSet)
    PROCESS_ShortUpKey_Of_PageDTUServerSet   0x08001461   Thumb Code     2  ui.o(i.PROCESS_ShortUpKey_Of_PageDTUServerSet)
    PROCESS_ShortUpKey_Of_PageDTUSet         0x08001463   Thumb Code     2  ui.o(i.PROCESS_ShortUpKey_Of_PageDTUSet)
    PROCESS_ShortUpKey_Of_PageDateTimeSet    0x08001465   Thumb Code     2  ui.o(i.PROCESS_ShortUpKey_Of_PageDateTimeSet)
    PROCESS_ShortUpKey_Of_PageDefault        0x08001467   Thumb Code     2  ui.o(i.PROCESS_ShortUpKey_Of_PageDefault)
    PROCESS_ShortUpKey_Of_PageInit           0x08001469   Thumb Code    14  ui.o(i.PROCESS_ShortUpKey_Of_PageInit)
    PROCESS_ShortUpKey_Of_PageMainMenu       0x08001485   Thumb Code     2  ui.o(i.PROCESS_ShortUpKey_Of_PageMainMenu)
    PROCESS_ShortUpKey_Of_PageParaBak        0x08001487   Thumb Code     2  ui.o(i.PROCESS_ShortUpKey_Of_PageParaBak)
    PROCESS_ShortUpKey_Of_PageRGZS           0x08001489   Thumb Code     2  ui.o(i.PROCESS_ShortUpKey_Of_PageRGZS)
    PROCESS_ShortUpKey_Of_PageSensorMotherConfig 0x0800148b   Thumb Code     2  ui.o(i.PROCESS_ShortUpKey_Of_PageSensorMotherConfig)
    PROCESS_ShortUpKey_Of_PageSensorSonPara  0x0800148d   Thumb Code     2  ui.o(i.PROCESS_ShortUpKey_Of_PageSensorSonPara)
    PROCESS_ShortUpKey_Of_PageTestSend       0x0800148f   Thumb Code     2  ui.o(i.PROCESS_ShortUpKey_Of_PageTestSend)
    PendSV_Handler                           0x08001491   Thumb Code     2  stm32f10x_it.o(i.PendSV_Handler)
    RCC_ADCCLKConfig                         0x08001495   Thumb Code    18  stm32f10x_rcc.o(i.RCC_ADCCLKConfig)
    RCC_AHBPeriphClockCmd                    0x080014ad   Thumb Code    26  stm32f10x_rcc.o(i.RCC_AHBPeriphClockCmd)
    RCC_APB1PeriphClockCmd                   0x080014cd   Thumb Code    26  stm32f10x_rcc.o(i.RCC_APB1PeriphClockCmd)
    RCC_APB2PeriphClockCmd                   0x080014ed   Thumb Code    26  stm32f10x_rcc.o(i.RCC_APB2PeriphClockCmd)
    SHOW_PageCodeChange                      0x0800150d   Thumb Code     2  ui.o(i.SHOW_PageCodeChange)
    SHOW_PageCodeEnt                         0x0800150f   Thumb Code     2  ui.o(i.SHOW_PageCodeEnt)
    SHOW_PageDTUChan1Set                     0x08001511   Thumb Code     2  ui.o(i.SHOW_PageDTUChan1Set)
    SHOW_PageDTUChan2Set                     0x08001513   Thumb Code     2  ui.o(i.SHOW_PageDTUChan2Set)
    SHOW_PageDTUChan3Set                     0x08001515   Thumb Code     2  ui.o(i.SHOW_PageDTUChan3Set)
    SHOW_PageDTUChan4Set                     0x08001517   Thumb Code     2  ui.o(i.SHOW_PageDTUChan4Set)
    SHOW_PageDTURunModeSet                   0x08001519   Thumb Code     2  ui.o(i.SHOW_PageDTURunModeSet)
    SHOW_PageDTUSMSSet                       0x0800151b   Thumb Code     2  ui.o(i.SHOW_PageDTUSMSSet)
    SHOW_PageDTUServerSet                    0x0800151d   Thumb Code     2  ui.o(i.SHOW_PageDTUServerSet)
    SHOW_PageDTUSet                          0x0800151f   Thumb Code     2  ui.o(i.SHOW_PageDTUSet)
    SHOW_PageDateTimeSet                     0x08001521   Thumb Code     2  ui.o(i.SHOW_PageDateTimeSet)
    SHOW_PageDefault                         0x08001523   Thumb Code     2  ui.o(i.SHOW_PageDefault)
    SHOW_PageInit                            0x08001525   Thumb Code     2  ui.o(i.SHOW_PageInit)
    SHOW_PageMainMenu                        0x08001527   Thumb Code     2  ui.o(i.SHOW_PageMainMenu)
    SHOW_PageParaBak                         0x08001529   Thumb Code     2  ui.o(i.SHOW_PageParaBak)
    SHOW_PageRGZS                            0x0800152b   Thumb Code     2  ui.o(i.SHOW_PageRGZS)
    SHOW_PageSensorMotherConfig              0x0800152d   Thumb Code     2  ui.o(i.SHOW_PageSensorMotherConfig)
    SHOW_PageSensorSonPara                   0x0800152f   Thumb Code     2  ui.o(i.SHOW_PageSensorSonPara)
    SHOW_PageTestSend                        0x08001531   Thumb Code     2  ui.o(i.SHOW_PageTestSend)
    SPI_Cmd                                  0x08001533   Thumb Code    24  stm32f10x_spi.o(i.SPI_Cmd)
    SPI_I2S_SendData                         0x0800154b   Thumb Code     4  stm32f10x_spi.o(i.SPI_I2S_SendData)
    SPI_Init                                 0x0800154f   Thumb Code    60  stm32f10x_spi.o(i.SPI_Init)
    SVC_Handler                              0x0800158b   Thumb Code     2  stm32f10x_it.o(i.SVC_Handler)
    SdCmd                                    0x0800158d   Thumb Code    56  spi_lcd.o(i.SdCmd)
    SdData                                   0x080015cd   Thumb Code    56  spi_lcd.o(i.SdData)
    SendKeyValToBox                          0x0800160d   Thumb Code    92  ui.o(i.SendKeyValToBox)
    SysTick_CLKSourceConfig                  0x0800171d   Thumb Code    40  misc.o(i.SysTick_CLKSourceConfig)
    SysTick_Handler                          0x08001745   Thumb Code     2  stm32f10x_it.o(i.SysTick_Handler)
    SystemInit                               0x08001749   Thumb Code    78  system_stm32f10x.o(i.SystemInit)
    UG_ConsoleSetArea                        0x080017a9   Thumb Code    28  ugui.o(i.UG_ConsoleSetArea)
    UG_ConsoleSetBackcolor                   0x080017c9   Thumb Code     8  ugui.o(i.UG_ConsoleSetBackcolor)
    UG_ConsoleSetForecolor                   0x080017d5   Thumb Code     8  ugui.o(i.UG_ConsoleSetForecolor)
    UG_FillFrame                             0x080017e1   Thumb Code   124  ugui.o(i.UG_FillFrame)
    UG_FillScreen                            0x08001861   Thumb Code    36  ugui.o(i.UG_FillScreen)
    UG_FontSelect                            0x08001889   Thumb Code    20  ugui.o(i.UG_FontSelect)
    UG_FontSetHSpace                         0x080018a1   Thumb Code    10  ugui.o(i.UG_FontSetHSpace)
    UG_FontSetVSpace                         0x080018b1   Thumb Code    10  ugui.o(i.UG_FontSetVSpace)
    UG_Init                                  0x080018c1   Thumb Code   132  ugui.o(i.UG_Init)
    UG_PutChar                               0x0800194d   Thumb Code    42  ugui.o(i.UG_PutChar)
    UG_PutString                             0x0800197d   Thumb Code   186  ugui.o(i.UG_PutString)
    UG_SelectGUI                             0x08001a3d   Thumb Code    10  ugui.o(i.UG_SelectGUI)
    UG_SetBackcolor                          0x08001a4d   Thumb Code     8  ugui.o(i.UG_SetBackcolor)
    UG_SetForecolor                          0x08001a59   Thumb Code     8  ugui.o(i.UG_SetForecolor)
    UPDATE_ScreenRAM                         0x08001a65   Thumb Code    64  spi_lcd.o(i.UPDATE_ScreenRAM)
    USART1_IRQHandler                        0x08001aa9   Thumb Code   122  usart.o(i.USART1_IRQHandler)
    USART_GetITStatus                        0x08001b31   Thumb Code    84  stm32f10x_usart.o(i.USART_GetITStatus)
    USART_ReceiveData                        0x08001b85   Thumb Code    10  stm32f10x_usart.o(i.USART_ReceiveData)
    UsageFault_Handler                       0x08001b8f   Thumb Code     4  stm32f10x_it.o(i.UsageFault_Handler)
    _UG_PutChar                              0x08001b95   Thumb Code   948  ugui.o(i._UG_PutChar)
    _sys_exit                                0x08001f4d   Thumb Code     6  usart.o(i._sys_exit)
    delay_init                               0x08001f55   Thumb Code    50  delay.o(i.delay_init)
    delay_ms                                 0x08001f99   Thumb Code    72  delay.o(i.delay_ms)
    initLCDM                                 0x08001fe5   Thumb Code    82  spi_lcd.o(i.initLCDM)
    main                                     0x08002037   Thumb Code    26  main.o(i.main)
    font_8x14                                0x0800242c   Data        3584  ugui.o(.constdata)
    FONT_8X14                                0x0800322c   Data          20  ugui.o(.constdata)
    pal_window                               0x08003240   Data          48  ugui.o(.constdata)
    pal_button_pressed                       0x08003270   Data          48  ugui.o(.constdata)
    pal_button_released                      0x080032a0   Data          48  ugui.o(.constdata)
    pal_checkbox_pressed                     0x080032d0   Data          48  ugui.o(.constdata)
    pal_checkbox_released                    0x08003300   Data          48  ugui.o(.constdata)
    Region$$Table$$Base                      0x08003330   Number         0  anon$$obj.o(Region$$Table)
    Region$$Table$$Limit                     0x08003350   Number         0  anon$$obj.o(Region$$Table)
    SystemCoreClock                          0x20000000   Data           4  system_stm32f10x.o(.data)
    AHBPrescTable                            0x20000004   Data          16  system_stm32f10x.o(.data)
    __stdout                                 0x20000018   Data           4  usart.o(.data)
    USART_RX_STA                             0x2000001c   Data           2  usart.o(.data)
    ADC_AveraValue                           0x20000020   Data           8  ad_key.o(.data)
    e_Current_Page                           0x20000028   Data           1  ui.o(.data)
    e_Trigger_Key                            0x20000029   Data           1  ui.o(.data)
    e_Current_Colume                         0x2000002a   Data           1  ui.o(.data)
    KeyValueTable_Struct                     0x2000002e   Data          68  datastruct.o(.data)
    USART_RX_BUF                             0x20000080   Data         200  usart.o(.bss)
    ADC_DMAStorageValue                      0x20000148   Data         128  ad_key.o(.bss)
    g_Display_Buffer                         0x200001c8   Data        1056  spi_lcd.o(.bss)
    KeyValueBox_Struct                       0x200005e8   Data          30  ui.o(.bss)
    GUI_Struct                               0x20000608   Data         112  datastruct.o(.bss)
    __libspace_start                         0x20000678   Data          96  libspace.o(.bss)
    __temporary_stack_top$libspace           0x200006d8   Data           0  libspace.o(.bss)



==============================================================================

Memory Map of the image

  Image Entry point : 0x080001d5

  Load Region LR_1 (Base: 0x08000000, Size: 0x000033d0, Max: 0xffffffff, ABSOLUTE)

    Execution Region ER_RO (Base: 0x08000000, Size: 0x00003350, Max: 0xffffffff, ABSOLUTE)

    Base Addr    Size         Type   Attr      Idx    E Section Name        Object

    0x08000000   0x00000130   Data   RO          393    RESET               startup_stm32f10x_hd.o
    0x08000130   0x00000008   Code   RO         6094  * !!!main             c_w.l(__main.o)
    0x08000138   0x00000034   Code   RO         6262    !!!scatter          c_w.l(__scatter.o)
    0x0800016c   0x0000001a   Code   RO         6264    !!handler_copy      c_w.l(__scatter_copy.o)
    0x08000186   0x00000002   PAD
    0x08000188   0x0000001c   Code   RO         6266    !!handler_zi        c_w.l(__scatter_zi.o)
    0x080001a4   0x00000000   Code   RO         6087    .ARM.Collect$$_printf_percent$$00000000  c_w.l(_printf_percent.o)
    0x080001a4   0x00000006   Code   RO         6086    .ARM.Collect$$_printf_percent$$00000009  c_w.l(_printf_d.o)
    0x080001aa   0x00000004   Code   RO         6105    .ARM.Collect$$_printf_percent$$00000017  c_w.l(_printf_percent_end.o)
    0x080001ae   0x00000002   Code   RO         6136    .ARM.Collect$$libinit$$00000000  c_w.l(libinit.o)
    0x080001b0   0x00000000   Code   RO         6143    .ARM.Collect$$libinit$$00000002  c_w.l(libinit2.o)
    0x080001b0   0x00000000   Code   RO         6145    .ARM.Collect$$libinit$$00000004  c_w.l(libinit2.o)
    0x080001b0   0x00000000   Code   RO         6148    .ARM.Collect$$libinit$$0000000A  c_w.l(libinit2.o)
    0x080001b0   0x00000000   Code   RO         6150    .ARM.Collect$$libinit$$0000000C  c_w.l(libinit2.o)
    0x080001b0   0x00000000   Code   RO         6152    .ARM.Collect$$libinit$$0000000E  c_w.l(libinit2.o)
    0x080001b0   0x00000000   Code   RO         6155    .ARM.Collect$$libinit$$00000011  c_w.l(libinit2.o)
    0x080001b0   0x00000000   Code   RO         6157    .ARM.Collect$$libinit$$00000013  c_w.l(libinit2.o)
    0x080001b0   0x00000000   Code   RO         6159    .ARM.Collect$$libinit$$00000015  c_w.l(libinit2.o)
    0x080001b0   0x00000000   Code   RO         6161    .ARM.Collect$$libinit$$00000017  c_w.l(libinit2.o)
    0x080001b0   0x00000000   Code   RO         6163    .ARM.Collect$$libinit$$00000019  c_w.l(libinit2.o)
    0x080001b0   0x00000000   Code   RO         6165    .ARM.Collect$$libinit$$0000001B  c_w.l(libinit2.o)
    0x080001b0   0x00000000   Code   RO         6167    .ARM.Collect$$libinit$$0000001D  c_w.l(libinit2.o)
    0x080001b0   0x00000000   Code   RO         6169    .ARM.Collect$$libinit$$0000001F  c_w.l(libinit2.o)
    0x080001b0   0x00000000   Code   RO         6171    .ARM.Collect$$libinit$$00000021  c_w.l(libinit2.o)
    0x080001b0   0x00000000   Code   RO         6173    .ARM.Collect$$libinit$$00000023  c_w.l(libinit2.o)
    0x080001b0   0x00000000   Code   RO         6175    .ARM.Collect$$libinit$$00000025  c_w.l(libinit2.o)
    0x080001b0   0x00000000   Code   RO         6179    .ARM.Collect$$libinit$$0000002C  c_w.l(libinit2.o)
    0x080001b0   0x00000000   Code   RO         6181    .ARM.Collect$$libinit$$0000002E  c_w.l(libinit2.o)
    0x080001b0   0x00000000   Code   RO         6183    .ARM.Collect$$libinit$$00000030  c_w.l(libinit2.o)
    0x080001b0   0x00000000   Code   RO         6185    .ARM.Collect$$libinit$$00000032  c_w.l(libinit2.o)
    0x080001b0   0x00000002   Code   RO         6186    .ARM.Collect$$libinit$$00000033  c_w.l(libinit2.o)
    0x080001b2   0x00000002   Code   RO         6204    .ARM.Collect$$libshutdown$$00000000  c_w.l(libshutdown.o)
    0x080001b4   0x00000000   Code   RO         6214    .ARM.Collect$$libshutdown$$00000002  c_w.l(libshutdown2.o)
    0x080001b4   0x00000000   Code   RO         6216    .ARM.Collect$$libshutdown$$00000004  c_w.l(libshutdown2.o)
    0x080001b4   0x00000000   Code   RO         6219    .ARM.Collect$$libshutdown$$00000007  c_w.l(libshutdown2.o)
    0x080001b4   0x00000000   Code   RO         6222    .ARM.Collect$$libshutdown$$0000000A  c_w.l(libshutdown2.o)
    0x080001b4   0x00000000   Code   RO         6224    .ARM.Collect$$libshutdown$$0000000C  c_w.l(libshutdown2.o)
    0x080001b4   0x00000000   Code   RO         6227    .ARM.Collect$$libshutdown$$0000000F  c_w.l(libshutdown2.o)
    0x080001b4   0x00000002   Code   RO         6228    .ARM.Collect$$libshutdown$$00000010  c_w.l(libshutdown2.o)
    0x080001b6   0x00000000   Code   RO         6098    .ARM.Collect$$rtentry$$00000000  c_w.l(__rtentry.o)
    0x080001b6   0x00000000   Code   RO         6109    .ARM.Collect$$rtentry$$00000002  c_w.l(__rtentry2.o)
    0x080001b6   0x00000006   Code   RO         6121    .ARM.Collect$$rtentry$$00000004  c_w.l(__rtentry4.o)
    0x080001bc   0x00000000   Code   RO         6111    .ARM.Collect$$rtentry$$00000009  c_w.l(__rtentry2.o)
    0x080001bc   0x00000004   Code   RO         6112    .ARM.Collect$$rtentry$$0000000A  c_w.l(__rtentry2.o)
    0x080001c0   0x00000000   Code   RO         6114    .ARM.Collect$$rtentry$$0000000C  c_w.l(__rtentry2.o)
    0x080001c0   0x00000008   Code   RO         6115    .ARM.Collect$$rtentry$$0000000D  c_w.l(__rtentry2.o)
    0x080001c8   0x00000002   Code   RO         6140    .ARM.Collect$$rtexit$$00000000  c_w.l(rtexit.o)
    0x080001ca   0x00000000   Code   RO         6188    .ARM.Collect$$rtexit$$00000002  c_w.l(rtexit2.o)
    0x080001ca   0x00000004   Code   RO         6189    .ARM.Collect$$rtexit$$00000003  c_w.l(rtexit2.o)
    0x080001ce   0x00000006   Code   RO         6190    .ARM.Collect$$rtexit$$00000004  c_w.l(rtexit2.o)
    0x080001d4   0x00000040   Code   RO          394  * .text               startup_stm32f10x_hd.o
    0x08000214   0x00000002   Code   RO         6056    .text               c_w.l(use_no_semi_2.o)
    0x08000216   0x00000002   PAD
    0x08000218   0x00000028   Code   RO         6060    .text               c_w.l(noretval__2sprintf.o)
    0x08000240   0x00000068   Code   RO         6062    .text               c_w.l(__printf.o)
    0x080002a8   0x00000078   Code   RO         6064    .text               c_w.l(_printf_dec.o)
    0x08000320   0x00000064   Code   RO         6088    .text               c_w.l(rt_memcpy_w.o)
    0x08000384   0x00000010   Code   RO         6090    .text               c_w.l(aeabi_memset.o)
    0x08000394   0x00000006   Code   RO         6092    .text               c_w.l(heapauxi.o)
    0x0800039a   0x00000002   Code   RO         6096    .text               c_w.l(use_no_semi.o)
    0x0800039c   0x000000b2   Code   RO         6099    .text               c_w.l(_printf_intcommon.o)
    0x0800044e   0x00000002   PAD
    0x08000450   0x00000030   Code   RO         6101    .text               c_w.l(_printf_char_common.o)
    0x08000480   0x0000000a   Code   RO         6103    .text               c_w.l(_sputc.o)
    0x0800048a   0x00000044   Code   RO         6106    .text               c_w.l(rt_memclr.o)
    0x080004ce   0x0000004e   Code   RO         6125    .text               c_w.l(rt_memclr_w.o)
    0x0800051c   0x0000004a   Code   RO         6127    .text               c_w.l(sys_stackheap_outer.o)
    0x08000566   0x00000012   Code   RO         6129    .text               c_w.l(exit.o)
    0x08000578   0x00000008   Code   RO         6137    .text               c_w.l(libspace.o)
    0x08000580   0x00000016   Code   RO          440    i.ADC_Cmd           stm32f10x_adc.o
    0x08000596   0x00000016   Code   RO          441    i.ADC_DMACmd        stm32f10x_adc.o
    0x080005ac   0x00000014   Code   RO          448    i.ADC_GetCalibrationStatus  stm32f10x_adc.o
    0x080005c0   0x00000014   Code   RO          454    i.ADC_GetResetCalibrationStatus  stm32f10x_adc.o
    0x080005d4   0x00000050   Code   RO          458    i.ADC_Init          stm32f10x_adc.o
    0x08000624   0x000000b8   Code   RO          462    i.ADC_RegularChannelConfig  stm32f10x_adc.o
    0x080006dc   0x0000000a   Code   RO          463    i.ADC_ResetCalibration  stm32f10x_adc.o
    0x080006e6   0x00000016   Code   RO          465    i.ADC_SoftwareStartConvCmd  stm32f10x_adc.o
    0x080006fc   0x0000000a   Code   RO          467    i.ADC_StartCalibration  stm32f10x_adc.o
    0x08000706   0x00000002   PAD
    0x08000708   0x0000002c   Code   RO         5001    i.ADKey_2_AdstractKey  datastruct.o
    0x08000734   0x00000010   Code   RO            1    i.BSP_Init          main.o
    0x08000744   0x00000004   Code   RO          162    i.BusFault_Handler  stm32f10x_it.o
    0x08000748   0x00000036   Code   RO         3396    i.ClearRAM          spi_lcd.o
    0x0800077e   0x00000018   Code   RO         1125    i.DMA_Cmd           stm32f10x_dma.o
    0x08000796   0x00000002   PAD
    0x08000798   0x0000014c   Code   RO         1126    i.DMA_DeInit        stm32f10x_dma.o
    0x080008e4   0x0000003c   Code   RO         1131    i.DMA_Init          stm32f10x_dma.o
    0x08000920   0x00000002   Code   RO          163    i.DebugMon_Handler  stm32f10x_it.o
    0x08000922   0x0000000a   Code   RO         3397    i.Delay             spi_lcd.o
    0x0800092c   0x00000116   Code   RO         1549    i.GPIO_Init         stm32f10x_gpio.o
    0x08000a42   0x00000004   Code   RO         1556    i.GPIO_ResetBits    stm32f10x_gpio.o
    0x08000a46   0x00000004   Code   RO         1557    i.GPIO_SetBits      stm32f10x_gpio.o
    0x08000a4a   0x00000002   PAD
    0x08000a4c   0x00000050   Code   RO         3469    i.GetKeyValFromBox  ui.o
    0x08000a9c   0x00000208   Code   RO         3365    i.GetKeyValue       ad_key.o
    0x08000ca4   0x00000034   Code   RO         3366    i.Get_ADCAveraValue  ad_key.o
    0x08000cd8   0x00000004   Code   RO          164    i.HardFault_Handler  stm32f10x_it.o
    0x08000cdc   0x00000120   Code   RO         3367    i.KeyInit           ad_key.o
    0x08000dfc   0x00000088   Code   RO         3470    i.KeyScanMain       ui.o
    0x08000e84   0x0000006c   Code   RO         3398    i.LCDDrawDot        spi_lcd.o
    0x08000ef0   0x000000d8   Code   RO         3399    i.LcdInit           spi_lcd.o
    0x08000fc8   0x00000110   Code   RO         3471    i.LcdUpdateMain     ui.o
    0x080010d8   0x00000004   Code   RO          165    i.MemManage_Handler  stm32f10x_it.o
    0x080010dc   0x00000060   Code   RO            2    i.MiddleLayer_Init  main.o
    0x0800113c   0x00000002   Code   RO          166    i.NMI_Handler       stm32f10x_it.o
    0x0800113e   0x00000002   Code   RO         3472    i.PROCESS_LongClrKey_Of_PageCodeChange  ui.o
    0x08001140   0x00000002   Code   RO         3473    i.PROCESS_LongClrKey_Of_PageCodeEnt  ui.o
    0x08001142   0x00000002   Code   RO         3474    i.PROCESS_LongClrKey_Of_PageDTUChan1Set  ui.o
    0x08001144   0x00000002   Code   RO         3475    i.PROCESS_LongClrKey_Of_PageDTUChan2Set  ui.o
    0x08001146   0x00000002   Code   RO         3476    i.PROCESS_LongClrKey_Of_PageDTUChan3Set  ui.o
    0x08001148   0x00000002   Code   RO         3477    i.PROCESS_LongClrKey_Of_PageDTUChan4Set  ui.o
    0x0800114a   0x00000002   Code   RO         3478    i.PROCESS_LongClrKey_Of_PageDTURunModeSet  ui.o
    0x0800114c   0x00000002   Code   RO         3479    i.PROCESS_LongClrKey_Of_PageDTUSMSSet  ui.o
    0x0800114e   0x00000002   Code   RO         3480    i.PROCESS_LongClrKey_Of_PageDTUServerSet  ui.o
    0x08001150   0x00000002   Code   RO         3481    i.PROCESS_LongClrKey_Of_PageDTUSet  ui.o
    0x08001152   0x00000002   Code   RO         3482    i.PROCESS_LongClrKey_Of_PageDateTimeSet  ui.o
    0x08001154   0x00000002   Code   RO         3483    i.PROCESS_LongClrKey_Of_PageDefault  ui.o
    0x08001156   0x00000002   PAD
    0x08001158   0x0000001c   Code   RO         3484    i.PROCESS_LongClrKey_Of_PageInit  ui.o
    0x08001174   0x00000002   Code   RO         3485    i.PROCESS_LongClrKey_Of_PageMainMenu  ui.o
    0x08001176   0x00000002   Code   RO         3486    i.PROCESS_LongClrKey_Of_PageParaBak  ui.o
    0x08001178   0x00000002   Code   RO         3487    i.PROCESS_LongClrKey_Of_PageRGZS  ui.o
    0x0800117a   0x00000002   Code   RO         3488    i.PROCESS_LongClrKey_Of_PageSensorMotherConfig  ui.o
    0x0800117c   0x00000002   Code   RO         3489    i.PROCESS_LongClrKey_Of_PageSensorSonPara  ui.o
    0x0800117e   0x00000002   Code   RO         3490    i.PROCESS_LongClrKey_Of_PageTestSend  ui.o
    0x08001180   0x00000002   Code   RO         3491    i.PROCESS_LongDownKey_Of_PageCodeChange  ui.o
    0x08001182   0x00000002   Code   RO         3492    i.PROCESS_LongDownKey_Of_PageCodeEnt  ui.o
    0x08001184   0x00000002   Code   RO         3493    i.PROCESS_LongDownKey_Of_PageDTUChan1Set  ui.o
    0x08001186   0x00000002   Code   RO         3494    i.PROCESS_LongDownKey_Of_PageDTUChan2Set  ui.o
    0x08001188   0x00000002   Code   RO         3495    i.PROCESS_LongDownKey_Of_PageDTUChan3Set  ui.o
    0x0800118a   0x00000002   Code   RO         3496    i.PROCESS_LongDownKey_Of_PageDTUChan4Set  ui.o
    0x0800118c   0x00000002   Code   RO         3497    i.PROCESS_LongDownKey_Of_PageDTURunModeSet  ui.o
    0x0800118e   0x00000002   Code   RO         3498    i.PROCESS_LongDownKey_Of_PageDTUSMSSet  ui.o
    0x08001190   0x00000002   Code   RO         3499    i.PROCESS_LongDownKey_Of_PageDTUServerSet  ui.o
    0x08001192   0x00000002   Code   RO         3500    i.PROCESS_LongDownKey_Of_PageDTUSet  ui.o
    0x08001194   0x00000002   Code   RO         3501    i.PROCESS_LongDownKey_Of_PageDateTimeSet  ui.o
    0x08001196   0x00000002   Code   RO         3502    i.PROCESS_LongDownKey_Of_PageDefault  ui.o
    0x08001198   0x0000001c   Code   RO         3503    i.PROCESS_LongDownKey_Of_PageInit  ui.o
    0x080011b4   0x00000002   Code   RO         3504    i.PROCESS_LongDownKey_Of_PageMainMenu  ui.o
    0x080011b6   0x00000002   Code   RO         3505    i.PROCESS_LongDownKey_Of_PageParaBak  ui.o
    0x080011b8   0x00000002   Code   RO         3506    i.PROCESS_LongDownKey_Of_PageRGZS  ui.o
    0x080011ba   0x00000002   Code   RO         3507    i.PROCESS_LongDownKey_Of_PageSensorMotherConfig  ui.o
    0x080011bc   0x00000002   Code   RO         3508    i.PROCESS_LongDownKey_Of_PageSensorSonPara  ui.o
    0x080011be   0x00000002   Code   RO         3509    i.PROCESS_LongDownKey_Of_PageTestSend  ui.o
    0x080011c0   0x00000002   Code   RO         3510    i.PROCESS_LongNumKey_Of_PageCodeChange  ui.o
    0x080011c2   0x00000002   Code   RO         3511    i.PROCESS_LongNumKey_Of_PageCodeEnt  ui.o
    0x080011c4   0x00000002   Code   RO         3512    i.PROCESS_LongNumKey_Of_PageDTUChan1Set  ui.o
    0x080011c6   0x00000002   Code   RO         3513    i.PROCESS_LongNumKey_Of_PageDTUChan2Set  ui.o
    0x080011c8   0x00000002   Code   RO         3514    i.PROCESS_LongNumKey_Of_PageDTUChan3Set  ui.o
    0x080011ca   0x00000002   Code   RO         3515    i.PROCESS_LongNumKey_Of_PageDTUChan4Set  ui.o
    0x080011cc   0x00000002   Code   RO         3516    i.PROCESS_LongNumKey_Of_PageDTURunModeSet  ui.o
    0x080011ce   0x00000002   Code   RO         3517    i.PROCESS_LongNumKey_Of_PageDTUSMSSet  ui.o
    0x080011d0   0x00000002   Code   RO         3518    i.PROCESS_LongNumKey_Of_PageDTUServerSet  ui.o
    0x080011d2   0x00000002   Code   RO         3519    i.PROCESS_LongNumKey_Of_PageDTUSet  ui.o
    0x080011d4   0x00000002   Code   RO         3520    i.PROCESS_LongNumKey_Of_PageDateTimeSet  ui.o
    0x080011d6   0x00000002   Code   RO         3521    i.PROCESS_LongNumKey_Of_PageDefault  ui.o
    0x080011d8   0x00000040   Code   RO         3522    i.PROCESS_LongNumKey_Of_PageInit  ui.o
    0x08001218   0x00000002   Code   RO         3523    i.PROCESS_LongNumKey_Of_PageMainMenu  ui.o
    0x0800121a   0x00000002   Code   RO         3524    i.PROCESS_LongNumKey_Of_PageParaBak  ui.o
    0x0800121c   0x00000002   Code   RO         3525    i.PROCESS_LongNumKey_Of_PageRGZS  ui.o
    0x0800121e   0x00000002   Code   RO         3526    i.PROCESS_LongNumKey_Of_PageSensorMotherConfig  ui.o
    0x08001220   0x00000002   Code   RO         3527    i.PROCESS_LongNumKey_Of_PageSensorSonPara  ui.o
    0x08001222   0x00000002   Code   RO         3528    i.PROCESS_LongNumKey_Of_PageTestSend  ui.o
    0x08001224   0x00000002   Code   RO         3529    i.PROCESS_LongOkKey_Of_PageCodeChange  ui.o
    0x08001226   0x00000002   Code   RO         3530    i.PROCESS_LongOkKey_Of_PageCodeEnt  ui.o
    0x08001228   0x00000002   Code   RO         3531    i.PROCESS_LongOkKey_Of_PageDTUChan1Set  ui.o
    0x0800122a   0x00000002   Code   RO         3532    i.PROCESS_LongOkKey_Of_PageDTUChan2Set  ui.o
    0x0800122c   0x00000002   Code   RO         3533    i.PROCESS_LongOkKey_Of_PageDTUChan3Set  ui.o
    0x0800122e   0x00000002   Code   RO         3534    i.PROCESS_LongOkKey_Of_PageDTUChan4Set  ui.o
    0x08001230   0x00000002   Code   RO         3535    i.PROCESS_LongOkKey_Of_PageDTURunModeSet  ui.o
    0x08001232   0x00000002   Code   RO         3536    i.PROCESS_LongOkKey_Of_PageDTUSMSSet  ui.o
    0x08001234   0x00000002   Code   RO         3537    i.PROCESS_LongOkKey_Of_PageDTUServerSet  ui.o
    0x08001236   0x00000002   Code   RO         3538    i.PROCESS_LongOkKey_Of_PageDTUSet  ui.o
    0x08001238   0x00000002   Code   RO         3539    i.PROCESS_LongOkKey_Of_PageDateTimeSet  ui.o
    0x0800123a   0x00000002   Code   RO         3540    i.PROCESS_LongOkKey_Of_PageDefault  ui.o
    0x0800123c   0x0000001c   Code   RO         3541    i.PROCESS_LongOkKey_Of_PageInit  ui.o
    0x08001258   0x00000002   Code   RO         3542    i.PROCESS_LongOkKey_Of_PageMainMenu  ui.o
    0x0800125a   0x00000002   Code   RO         3543    i.PROCESS_LongOkKey_Of_PageParaBak  ui.o
    0x0800125c   0x00000002   Code   RO         3544    i.PROCESS_LongOkKey_Of_PageRGZS  ui.o
    0x0800125e   0x00000002   Code   RO         3545    i.PROCESS_LongOkKey_Of_PageSensorMotherConfig  ui.o
    0x08001260   0x00000002   Code   RO         3546    i.PROCESS_LongOkKey_Of_PageSensorSonPara  ui.o
    0x08001262   0x00000002   Code   RO         3547    i.PROCESS_LongOkKey_Of_PageTestSend  ui.o
    0x08001264   0x00000002   Code   RO         3548    i.PROCESS_LongSetKey_Of_PageCodeChange  ui.o
    0x08001266   0x00000002   Code   RO         3549    i.PROCESS_LongSetKey_Of_PageCodeEnt  ui.o
    0x08001268   0x00000002   Code   RO         3550    i.PROCESS_LongSetKey_Of_PageDTUChan1Set  ui.o
    0x0800126a   0x00000002   Code   RO         3551    i.PROCESS_LongSetKey_Of_PageDTUChan2Set  ui.o
    0x0800126c   0x00000002   Code   RO         3552    i.PROCESS_LongSetKey_Of_PageDTUChan3Set  ui.o
    0x0800126e   0x00000002   Code   RO         3553    i.PROCESS_LongSetKey_Of_PageDTUChan4Set  ui.o
    0x08001270   0x00000002   Code   RO         3554    i.PROCESS_LongSetKey_Of_PageDTURunModeSet  ui.o
    0x08001272   0x00000002   Code   RO         3555    i.PROCESS_LongSetKey_Of_PageDTUSMSSet  ui.o
    0x08001274   0x00000002   Code   RO         3556    i.PROCESS_LongSetKey_Of_PageDTUServerSet  ui.o
    0x08001276   0x00000002   Code   RO         3557    i.PROCESS_LongSetKey_Of_PageDTUSet  ui.o
    0x08001278   0x00000002   Code   RO         3558    i.PROCESS_LongSetKey_Of_PageDateTimeSet  ui.o
    0x0800127a   0x00000002   Code   RO         3559    i.PROCESS_LongSetKey_Of_PageDefault  ui.o
    0x0800127c   0x0000001c   Code   RO         3560    i.PROCESS_LongSetKey_Of_PageInit  ui.o
    0x08001298   0x00000002   Code   RO         3561    i.PROCESS_LongSetKey_Of_PageMainMenu  ui.o
    0x0800129a   0x00000002   Code   RO         3562    i.PROCESS_LongSetKey_Of_PageParaBak  ui.o
    0x0800129c   0x00000002   Code   RO         3563    i.PROCESS_LongSetKey_Of_PageRGZS  ui.o
    0x0800129e   0x00000002   Code   RO         3564    i.PROCESS_LongSetKey_Of_PageSensorMotherConfig  ui.o
    0x080012a0   0x00000002   Code   RO         3565    i.PROCESS_LongSetKey_Of_PageSensorSonPara  ui.o
    0x080012a2   0x00000002   Code   RO         3566    i.PROCESS_LongSetKey_Of_PageTestSend  ui.o
    0x080012a4   0x00000002   Code   RO         3567    i.PROCESS_LongUpKey_Of_PageCodeChange  ui.o
    0x080012a6   0x00000002   Code   RO         3568    i.PROCESS_LongUpKey_Of_PageCodeEnt  ui.o
    0x080012a8   0x00000002   Code   RO         3569    i.PROCESS_LongUpKey_Of_PageDTUChan1Set  ui.o
    0x080012aa   0x00000002   Code   RO         3570    i.PROCESS_LongUpKey_Of_PageDTUChan2Set  ui.o
    0x080012ac   0x00000002   Code   RO         3571    i.PROCESS_LongUpKey_Of_PageDTUChan3Set  ui.o
    0x080012ae   0x00000002   Code   RO         3572    i.PROCESS_LongUpKey_Of_PageDTUChan4Set  ui.o
    0x080012b0   0x00000002   Code   RO         3573    i.PROCESS_LongUpKey_Of_PageDTURunModeSet  ui.o
    0x080012b2   0x00000002   Code   RO         3574    i.PROCESS_LongUpKey_Of_PageDTUSMSSet  ui.o
    0x080012b4   0x00000002   Code   RO         3575    i.PROCESS_LongUpKey_Of_PageDTUServerSet  ui.o
    0x080012b6   0x00000002   Code   RO         3576    i.PROCESS_LongUpKey_Of_PageDTUSet  ui.o
    0x080012b8   0x00000002   Code   RO         3577    i.PROCESS_LongUpKey_Of_PageDateTimeSet  ui.o
    0x080012ba   0x00000002   Code   RO         3578    i.PROCESS_LongUpKey_Of_PageDefault  ui.o
    0x080012bc   0x0000001c   Code   RO         3579    i.PROCESS_LongUpKey_Of_PageInit  ui.o
    0x080012d8   0x00000002   Code   RO         3580    i.PROCESS_LongUpKey_Of_PageMainMenu  ui.o
    0x080012da   0x00000002   Code   RO         3581    i.PROCESS_LongUpKey_Of_PageParaBak  ui.o
    0x080012dc   0x00000002   Code   RO         3582    i.PROCESS_LongUpKey_Of_PageRGZS  ui.o
    0x080012de   0x00000002   Code   RO         3583    i.PROCESS_LongUpKey_Of_PageSensorMotherConfig  ui.o
    0x080012e0   0x00000002   Code   RO         3584    i.PROCESS_LongUpKey_Of_PageSensorSonPara  ui.o
    0x080012e2   0x00000002   Code   RO         3585    i.PROCESS_LongUpKey_Of_PageTestSend  ui.o
    0x080012e4   0x00000002   Code   RO         3586    i.PROCESS_ShortClrKey_Of_PageCodeChange  ui.o
    0x080012e6   0x00000002   Code   RO         3587    i.PROCESS_ShortClrKey_Of_PageCodeEnt  ui.o
    0x080012e8   0x00000002   Code   RO         3588    i.PROCESS_ShortClrKey_Of_PageDTUChan1Set  ui.o
    0x080012ea   0x00000002   Code   RO         3589    i.PROCESS_ShortClrKey_Of_PageDTUChan2Set  ui.o
    0x080012ec   0x00000002   Code   RO         3590    i.PROCESS_ShortClrKey_Of_PageDTUChan3Set  ui.o
    0x080012ee   0x00000002   Code   RO         3591    i.PROCESS_ShortClrKey_Of_PageDTUChan4Set  ui.o
    0x080012f0   0x00000002   Code   RO         3592    i.PROCESS_ShortClrKey_Of_PageDTURunModeSet  ui.o
    0x080012f2   0x00000002   Code   RO         3593    i.PROCESS_ShortClrKey_Of_PageDTUSMSSet  ui.o
    0x080012f4   0x00000002   Code   RO         3594    i.PROCESS_ShortClrKey_Of_PageDTUServerSet  ui.o
    0x080012f6   0x00000002   Code   RO         3595    i.PROCESS_ShortClrKey_Of_PageDTUSet  ui.o
    0x080012f8   0x00000002   Code   RO         3596    i.PROCESS_ShortClrKey_Of_PageDateTimeSet  ui.o
    0x080012fa   0x00000002   Code   RO         3597    i.PROCESS_ShortClrKey_Of_PageDefault  ui.o
    0x080012fc   0x0000001c   Code   RO         3598    i.PROCESS_ShortClrKey_Of_PageInit  ui.o
    0x08001318   0x00000002   Code   RO         3599    i.PROCESS_ShortClrKey_Of_PageMainMenu  ui.o
    0x0800131a   0x00000002   Code   RO         3600    i.PROCESS_ShortClrKey_Of_PageParaBak  ui.o
    0x0800131c   0x00000002   Code   RO         3601    i.PROCESS_ShortClrKey_Of_PageRGZS  ui.o
    0x0800131e   0x00000002   Code   RO         3602    i.PROCESS_ShortClrKey_Of_PageSensorMotherConfig  ui.o
    0x08001320   0x00000002   Code   RO         3603    i.PROCESS_ShortClrKey_Of_PageSensorSonPara  ui.o
    0x08001322   0x00000002   Code   RO         3604    i.PROCESS_ShortClrKey_Of_PageTestSend  ui.o
    0x08001324   0x00000002   Code   RO         3605    i.PROCESS_ShortDownKey_Of_PageCodeChange  ui.o
    0x08001326   0x00000002   Code   RO         3606    i.PROCESS_ShortDownKey_Of_PageCodeEnt  ui.o
    0x08001328   0x00000002   Code   RO         3607    i.PROCESS_ShortDownKey_Of_PageDTUChan1Set  ui.o
    0x0800132a   0x00000002   Code   RO         3608    i.PROCESS_ShortDownKey_Of_PageDTUChan2Set  ui.o
    0x0800132c   0x00000002   Code   RO         3609    i.PROCESS_ShortDownKey_Of_PageDTUChan3Set  ui.o
    0x0800132e   0x00000002   Code   RO         3610    i.PROCESS_ShortDownKey_Of_PageDTUChan4Set  ui.o
    0x08001330   0x00000002   Code   RO         3611    i.PROCESS_ShortDownKey_Of_PageDTURunModeSet  ui.o
    0x08001332   0x00000002   Code   RO         3612    i.PROCESS_ShortDownKey_Of_PageDTUSMSSet  ui.o
    0x08001334   0x00000002   Code   RO         3613    i.PROCESS_ShortDownKey_Of_PageDTUServerSet  ui.o
    0x08001336   0x00000002   Code   RO         3614    i.PROCESS_ShortDownKey_Of_PageDTUSet  ui.o
    0x08001338   0x00000002   Code   RO         3615    i.PROCESS_ShortDownKey_Of_PageDateTimeSet  ui.o
    0x0800133a   0x00000002   Code   RO         3616    i.PROCESS_ShortDownKey_Of_PageDefault  ui.o
    0x0800133c   0x00000020   Code   RO         3617    i.PROCESS_ShortDownKey_Of_PageInit  ui.o
    0x0800135c   0x00000002   Code   RO         3618    i.PROCESS_ShortDownKey_Of_PageMainMenu  ui.o
    0x0800135e   0x00000002   Code   RO         3619    i.PROCESS_ShortDownKey_Of_PageParaBak  ui.o
    0x08001360   0x00000002   Code   RO         3620    i.PROCESS_ShortDownKey_Of_PageRGZS  ui.o
    0x08001362   0x00000002   Code   RO         3621    i.PROCESS_ShortDownKey_Of_PageSensorMotherConfig  ui.o
    0x08001364   0x00000002   Code   RO         3622    i.PROCESS_ShortDownKey_Of_PageSensorSonPara  ui.o
    0x08001366   0x00000002   Code   RO         3623    i.PROCESS_ShortDownKey_Of_PageTestSend  ui.o
    0x08001368   0x00000002   Code   RO         3624    i.PROCESS_ShortNumKey_Of_PageCodeChange  ui.o
    0x0800136a   0x00000002   Code   RO         3625    i.PROCESS_ShortNumKey_Of_PageCodeEnt  ui.o
    0x0800136c   0x00000002   Code   RO         3626    i.PROCESS_ShortNumKey_Of_PageDTUChan1Set  ui.o
    0x0800136e   0x00000002   Code   RO         3627    i.PROCESS_ShortNumKey_Of_PageDTUChan2Set  ui.o
    0x08001370   0x00000002   Code   RO         3628    i.PROCESS_ShortNumKey_Of_PageDTUChan3Set  ui.o
    0x08001372   0x00000002   Code   RO         3629    i.PROCESS_ShortNumKey_Of_PageDTUChan4Set  ui.o
    0x08001374   0x00000002   Code   RO         3630    i.PROCESS_ShortNumKey_Of_PageDTURunModeSet  ui.o
    0x08001376   0x00000002   Code   RO         3631    i.PROCESS_ShortNumKey_Of_PageDTUSMSSet  ui.o
    0x08001378   0x00000002   Code   RO         3632    i.PROCESS_ShortNumKey_Of_PageDTUServerSet  ui.o
    0x0800137a   0x00000002   Code   RO         3633    i.PROCESS_ShortNumKey_Of_PageDTUSet  ui.o
    0x0800137c   0x00000002   Code   RO         3634    i.PROCESS_ShortNumKey_Of_PageDateTimeSet  ui.o
    0x0800137e   0x00000002   Code   RO         3635    i.PROCESS_ShortNumKey_Of_PageDefault  ui.o
    0x08001380   0x00000044   Code   RO         3636    i.PROCESS_ShortNumKey_Of_PageInit  ui.o
    0x080013c4   0x00000002   Code   RO         3637    i.PROCESS_ShortNumKey_Of_PageMainMenu  ui.o
    0x080013c6   0x00000002   Code   RO         3638    i.PROCESS_ShortNumKey_Of_PageParaBak  ui.o
    0x080013c8   0x00000002   Code   RO         3639    i.PROCESS_ShortNumKey_Of_PageRGZS  ui.o
    0x080013ca   0x00000002   Code   RO         3640    i.PROCESS_ShortNumKey_Of_PageSensorMotherConfig  ui.o
    0x080013cc   0x00000002   Code   RO         3641    i.PROCESS_ShortNumKey_Of_PageSensorSonPara  ui.o
    0x080013ce   0x00000002   Code   RO         3642    i.PROCESS_ShortNumKey_Of_PageTestSend  ui.o
    0x080013d0   0x00000002   Code   RO         3643    i.PROCESS_ShortOkKey_Of_PageCodeChange  ui.o
    0x080013d2   0x00000002   Code   RO         3644    i.PROCESS_ShortOkKey_Of_PageCodeEnt  ui.o
    0x080013d4   0x00000002   Code   RO         3645    i.PROCESS_ShortOkKey_Of_PageDTUChan1Set  ui.o
    0x080013d6   0x00000002   Code   RO         3646    i.PROCESS_ShortOkKey_Of_PageDTUChan2Set  ui.o
    0x080013d8   0x00000002   Code   RO         3647    i.PROCESS_ShortOkKey_Of_PageDTUChan3Set  ui.o
    0x080013da   0x00000002   Code   RO         3648    i.PROCESS_ShortOkKey_Of_PageDTUChan4Set  ui.o
    0x080013dc   0x00000002   Code   RO         3649    i.PROCESS_ShortOkKey_Of_PageDTURunModeSet  ui.o
    0x080013de   0x00000002   Code   RO         3650    i.PROCESS_ShortOkKey_Of_PageDTUSMSSet  ui.o
    0x080013e0   0x00000002   Code   RO         3651    i.PROCESS_ShortOkKey_Of_PageDTUServerSet  ui.o
    0x080013e2   0x00000002   Code   RO         3652    i.PROCESS_ShortOkKey_Of_PageDTUSet  ui.o
    0x080013e4   0x00000002   Code   RO         3653    i.PROCESS_ShortOkKey_Of_PageDateTimeSet  ui.o
    0x080013e6   0x00000002   Code   RO         3654    i.PROCESS_ShortOkKey_Of_PageDefault  ui.o
    0x080013e8   0x0000001c   Code   RO         3655    i.PROCESS_ShortOkKey_Of_PageInit  ui.o
    0x08001404   0x00000002   Code   RO         3656    i.PROCESS_ShortOkKey_Of_PageMainMenu  ui.o
    0x08001406   0x00000002   Code   RO         3657    i.PROCESS_ShortOkKey_Of_PageParaBak  ui.o
    0x08001408   0x00000002   Code   RO         3658    i.PROCESS_ShortOkKey_Of_PageRGZS  ui.o
    0x0800140a   0x00000002   Code   RO         3659    i.PROCESS_ShortOkKey_Of_PageSensorMotherConfig  ui.o
    0x0800140c   0x00000002   Code   RO         3660    i.PROCESS_ShortOkKey_Of_PageSensorSonPara  ui.o
    0x0800140e   0x00000002   Code   RO         3661    i.PROCESS_ShortOkKey_Of_PageTestSend  ui.o
    0x08001410   0x00000002   Code   RO         3662    i.PROCESS_ShortSetKey_Of_PageCodeChange  ui.o
    0x08001412   0x00000002   Code   RO         3663    i.PROCESS_ShortSetKey_Of_PageCodeEnt  ui.o
    0x08001414   0x00000002   Code   RO         3664    i.PROCESS_ShortSetKey_Of_PageDTUChan1Set  ui.o
    0x08001416   0x00000002   Code   RO         3665    i.PROCESS_ShortSetKey_Of_PageDTUChan2Set  ui.o
    0x08001418   0x00000002   Code   RO         3666    i.PROCESS_ShortSetKey_Of_PageDTUChan3Set  ui.o
    0x0800141a   0x00000002   Code   RO         3667    i.PROCESS_ShortSetKey_Of_PageDTUChan4Set  ui.o
    0x0800141c   0x00000002   Code   RO         3668    i.PROCESS_ShortSetKey_Of_PageDTURunModeSet  ui.o
    0x0800141e   0x00000002   Code   RO         3669    i.PROCESS_ShortSetKey_Of_PageDTUSMSSet  ui.o
    0x08001420   0x00000002   Code   RO         3670    i.PROCESS_ShortSetKey_Of_PageDTUServerSet  ui.o
    0x08001422   0x00000002   Code   RO         3671    i.PROCESS_ShortSetKey_Of_PageDTUSet  ui.o
    0x08001424   0x00000002   Code   RO         3672    i.PROCESS_ShortSetKey_Of_PageDateTimeSet  ui.o
    0x08001426   0x00000002   Code   RO         3673    i.PROCESS_ShortSetKey_Of_PageDefault  ui.o
    0x08001428   0x0000001c   Code   RO         3674    i.PROCESS_ShortSetKey_Of_PageInit  ui.o
    0x08001444   0x00000002   Code   RO         3675    i.PROCESS_ShortSetKey_Of_PageMainMenu  ui.o
    0x08001446   0x00000002   Code   RO         3676    i.PROCESS_ShortSetKey_Of_PageParaBak  ui.o
    0x08001448   0x00000002   Code   RO         3677    i.PROCESS_ShortSetKey_Of_PageRGZS  ui.o
    0x0800144a   0x00000002   Code   RO         3678    i.PROCESS_ShortSetKey_Of_PageSensorMotherConfig  ui.o
    0x0800144c   0x00000002   Code   RO         3679    i.PROCESS_ShortSetKey_Of_PageSensorSonPara  ui.o
    0x0800144e   0x00000002   Code   RO         3680    i.PROCESS_ShortSetKey_Of_PageTestSend  ui.o
    0x08001450   0x00000002   Code   RO         3681    i.PROCESS_ShortUpKey_Of_PageCodeChange  ui.o
    0x08001452   0x00000002   Code   RO         3682    i.PROCESS_ShortUpKey_Of_PageCodeEnt  ui.o
    0x08001454   0x00000002   Code   RO         3683    i.PROCESS_ShortUpKey_Of_PageDTUChan1Set  ui.o
    0x08001456   0x00000002   Code   RO         3684    i.PROCESS_ShortUpKey_Of_PageDTUChan2Set  ui.o
    0x08001458   0x00000002   Code   RO         3685    i.PROCESS_ShortUpKey_Of_PageDTUChan3Set  ui.o
    0x0800145a   0x00000002   Code   RO         3686    i.PROCESS_ShortUpKey_Of_PageDTUChan4Set  ui.o
    0x0800145c   0x00000002   Code   RO         3687    i.PROCESS_ShortUpKey_Of_PageDTURunModeSet  ui.o
    0x0800145e   0x00000002   Code   RO         3688    i.PROCESS_ShortUpKey_Of_PageDTUSMSSet  ui.o
    0x08001460   0x00000002   Code   RO         3689    i.PROCESS_ShortUpKey_Of_PageDTUServerSet  ui.o
    0x08001462   0x00000002   Code   RO         3690    i.PROCESS_ShortUpKey_Of_PageDTUSet  ui.o
    0x08001464   0x00000002   Code   RO         3691    i.PROCESS_ShortUpKey_Of_PageDateTimeSet  ui.o
    0x08001466   0x00000002   Code   RO         3692    i.PROCESS_ShortUpKey_Of_PageDefault  ui.o
    0x08001468   0x0000001c   Code   RO         3693    i.PROCESS_ShortUpKey_Of_PageInit  ui.o
    0x08001484   0x00000002   Code   RO         3694    i.PROCESS_ShortUpKey_Of_PageMainMenu  ui.o
    0x08001486   0x00000002   Code   RO         3695    i.PROCESS_ShortUpKey_Of_PageParaBak  ui.o
    0x08001488   0x00000002   Code   RO         3696    i.PROCESS_ShortUpKey_Of_PageRGZS  ui.o
    0x0800148a   0x00000002   Code   RO         3697    i.PROCESS_ShortUpKey_Of_PageSensorMotherConfig  ui.o
    0x0800148c   0x00000002   Code   RO         3698    i.PROCESS_ShortUpKey_Of_PageSensorSonPara  ui.o
    0x0800148e   0x00000002   Code   RO         3699    i.PROCESS_ShortUpKey_Of_PageTestSend  ui.o
    0x08001490   0x00000002   Code   RO          167    i.PendSV_Handler    stm32f10x_it.o
    0x08001492   0x00000002   PAD
    0x08001494   0x00000018   Code   RO         1963    i.RCC_ADCCLKConfig  stm32f10x_rcc.o
    0x080014ac   0x00000020   Code   RO         1964    i.RCC_AHBPeriphClockCmd  stm32f10x_rcc.o
    0x080014cc   0x00000020   Code   RO         1965    i.RCC_APB1PeriphClockCmd  stm32f10x_rcc.o
    0x080014ec   0x00000020   Code   RO         1967    i.RCC_APB2PeriphClockCmd  stm32f10x_rcc.o
    0x0800150c   0x00000002   Code   RO         3700    i.SHOW_PageCodeChange  ui.o
    0x0800150e   0x00000002   Code   RO         3701    i.SHOW_PageCodeEnt  ui.o
    0x08001510   0x00000002   Code   RO         3702    i.SHOW_PageDTUChan1Set  ui.o
    0x08001512   0x00000002   Code   RO         3703    i.SHOW_PageDTUChan2Set  ui.o
    0x08001514   0x00000002   Code   RO         3704    i.SHOW_PageDTUChan3Set  ui.o
    0x08001516   0x00000002   Code   RO         3705    i.SHOW_PageDTUChan4Set  ui.o
    0x08001518   0x00000002   Code   RO         3706    i.SHOW_PageDTURunModeSet  ui.o
    0x0800151a   0x00000002   Code   RO         3707    i.SHOW_PageDTUSMSSet  ui.o
    0x0800151c   0x00000002   Code   RO         3708    i.SHOW_PageDTUServerSet  ui.o
    0x0800151e   0x00000002   Code   RO         3709    i.SHOW_PageDTUSet   ui.o
    0x08001520   0x00000002   Code   RO         3710    i.SHOW_PageDateTimeSet  ui.o
    0x08001522   0x00000002   Code   RO         3711    i.SHOW_PageDefault  ui.o
    0x08001524   0x00000002   Code   RO         3712    i.SHOW_PageInit     ui.o
    0x08001526   0x00000002   Code   RO         3713    i.SHOW_PageMainMenu  ui.o
    0x08001528   0x00000002   Code   RO         3714    i.SHOW_PageParaBak  ui.o
    0x0800152a   0x00000002   Code   RO         3715    i.SHOW_PageRGZS     ui.o
    0x0800152c   0x00000002   Code   RO         3716    i.SHOW_PageSensorMotherConfig  ui.o
    0x0800152e   0x00000002   Code   RO         3717    i.SHOW_PageSensorSonPara  ui.o
    0x08001530   0x00000002   Code   RO         3718    i.SHOW_PageTestSend  ui.o
    0x08001532   0x00000018   Code   RO         2444    i.SPI_Cmd           stm32f10x_spi.o
    0x0800154a   0x00000004   Code   RO         2456    i.SPI_I2S_SendData  stm32f10x_spi.o
    0x0800154e   0x0000003c   Code   RO         2457    i.SPI_Init          stm32f10x_spi.o
    0x0800158a   0x00000002   Code   RO          168    i.SVC_Handler       stm32f10x_it.o
    0x0800158c   0x00000040   Code   RO         3400    i.SdCmd             spi_lcd.o
    0x080015cc   0x00000040   Code   RO         3401    i.SdData            spi_lcd.o
    0x0800160c   0x00000060   Code   RO         3719    i.SendKeyValToBox   ui.o
    0x0800166c   0x00000008   Code   RO          251    i.SetSysClock       system_stm32f10x.o
    0x08001674   0x000000a8   Code   RO          252    i.SetSysClockToHSE  system_stm32f10x.o
    0x0800171c   0x00000028   Code   RO          402    i.SysTick_CLKSourceConfig  misc.o
    0x08001744   0x00000002   Code   RO          169    i.SysTick_Handler   stm32f10x_it.o
    0x08001746   0x00000002   PAD
    0x08001748   0x00000060   Code   RO          254    i.SystemInit        system_stm32f10x.o
    0x080017a8   0x00000020   Code   RO         5075    i.UG_ConsoleSetArea  ugui.o
    0x080017c8   0x0000000c   Code   RO         5076    i.UG_ConsoleSetBackcolor  ugui.o
    0x080017d4   0x0000000c   Code   RO         5077    i.UG_ConsoleSetForecolor  ugui.o
    0x080017e0   0x00000080   Code   RO         5090    i.UG_FillFrame      ugui.o
    0x08001860   0x00000028   Code   RO         5092    i.UG_FillScreen     ugui.o
    0x08001888   0x00000018   Code   RO         5093    i.UG_FontSelect     ugui.o
    0x080018a0   0x00000010   Code   RO         5094    i.UG_FontSetHSpace  ugui.o
    0x080018b0   0x00000010   Code   RO         5095    i.UG_FontSetVSpace  ugui.o
    0x080018c0   0x0000008c   Code   RO         5103    i.UG_Init           ugui.o
    0x0800194c   0x00000030   Code   RO         5104    i.UG_PutChar        ugui.o
    0x0800197c   0x000000c0   Code   RO         5105    i.UG_PutString      ugui.o
    0x08001a3c   0x00000010   Code   RO         5106    i.UG_SelectGUI      ugui.o
    0x08001a4c   0x0000000c   Code   RO         5107    i.UG_SetBackcolor   ugui.o
    0x08001a58   0x0000000c   Code   RO         5108    i.UG_SetForecolor   ugui.o
    0x08001a64   0x00000044   Code   RO         3402    i.UPDATE_ScreenRAM  spi_lcd.o
    0x08001aa8   0x00000088   Code   RO          340    i.USART1_IRQHandler  usart.o
    0x08001b30   0x00000054   Code   RO         3139    i.USART_GetITStatus  stm32f10x_usart.o
    0x08001b84   0x0000000a   Code   RO         3149    i.USART_ReceiveData  stm32f10x_usart.o
    0x08001b8e   0x00000004   Code   RO          170    i.UsageFault_Handler  stm32f10x_it.o
    0x08001b92   0x00000002   PAD
    0x08001b94   0x000003b8   Code   RO         5183    i._UG_PutChar       ugui.o
    0x08001f4c   0x00000006   Code   RO          341    i._sys_exit         usart.o
    0x08001f52   0x00000002   PAD
    0x08001f54   0x00000044   Code   RO          285    i.delay_init        delay.o
    0x08001f98   0x0000004c   Code   RO          286    i.delay_ms          delay.o
    0x08001fe4   0x00000052   Code   RO         3403    i.initLCDM          spi_lcd.o
    0x08002036   0x0000001a   Code   RO            3    i.main              main.o
    0x08002050   0x000003dc   Data   RO         3721    .constdata          ui.o
    0x0800242c   0x00000f04   Data   RO         5193    .constdata          ugui.o
    0x08003330   0x00000020   Data   RO         6260    Region$$Table       anon$$obj.o


    Execution Region ER_RW (Base: 0x20000000, Size: 0x00000080, Max: 0xffffffff, ABSOLUTE)

    Base Addr    Size         Type   Attr      Idx    E Section Name        Object

    0x20000000   0x00000014   Data   RW          255    .data               system_stm32f10x.o
    0x20000014   0x00000004   Data   RW          288    .data               delay.o
    0x20000018   0x00000006   Data   RW          345    .data               usart.o
    0x2000001e   0x00000002   PAD
    0x20000020   0x00000008   Data   RW         3369    .data               ad_key.o
    0x20000028   0x00000005   Data   RW         3722    .data               ui.o
    0x2000002d   0x00000001   PAD
    0x2000002e   0x00000044   Data   RW         5003    .data               datastruct.o
    0x20000072   0x00000002   PAD
    0x20000074   0x0000000c   Data   RW         5194    .data               ugui.o


    Execution Region ER_ZI (Base: 0x20000080, Size: 0x00000c58, Max: 0xffffffff, ABSOLUTE)

    Base Addr    Size         Type   Attr      Idx    E Section Name        Object

    0x20000080   0x000000c8   Zero   RW          344    .bss                usart.o
    0x20000148   0x00000080   Zero   RW         3368    .bss                ad_key.o
    0x200001c8   0x00000420   Zero   RW         3404    .bss                spi_lcd.o
    0x200005e8   0x0000001e   Zero   RW         3720    .bss                ui.o
    0x20000606   0x00000002   PAD
    0x20000608   0x00000070   Zero   RW         5002    .bss                datastruct.o
    0x20000678   0x00000060   Zero   RW         6138    .bss                c_w.l(libspace.o)
    0x200006d8   0x00000200   Zero   RW          392    HEAP                startup_stm32f10x_hd.o
    0x200008d8   0x00000400   Zero   RW          391    STACK               startup_stm32f10x_hd.o


==============================================================================

Image component sizes


      Code (inc. data)   RO Data    RW Data    ZI Data      Debug   Object Name

       860         30          0          8        128       3289   ad_key.o
        44          6          0         68        112       2349   datastruct.o
       144         22          0          4          0       1148   delay.o
       138         12          0          0          0     262710   main.o
        40          0          0          0          0        506   misc.o
       666         38          0          0       1056       4676   spi_lcd.o
        64         26        304          0       1536        788   startup_stm32f10x_hd.o
       390         10          0          0          0       7229   stm32f10x_adc.o
       416          8          0          0          0       3350   stm32f10x_dma.o
       286          0          0          0          0       2968   stm32f10x_gpio.o
        26          0          0          0          0       3550   stm32f10x_it.o
       120         24          0          0          0       2189   stm32f10x_rcc.o
        88          0          0          0          0       2600   stm32f10x_spi.o
        94          0          0          0          0       2688   stm32f10x_usart.o
         0          0          0          0          0         32   sys.o
       272         26          0         20          0       1973   system_stm32f10x.o
      1652         74       3844         12          0      23020   ugui.o
      1470        220        988          5         30     109211   ui.o
       142         14          0          6        200       2888   usart.o

    ----------------------------------------------------------------------
      6928        510       5168        128       3064     437164   Object Totals
         0          0         32          0          0          0   (incl. Generated)
        16          0          0          5          2          0   (incl. Padding)

    ----------------------------------------------------------------------

      Code (inc. data)   RO Data    RW Data    ZI Data      Debug   Library Member Name

         8          0          0          0          0         68   __main.o
       104          0          0          0          0         84   __printf.o
         0          0          0          0          0          0   __rtentry.o
        12          0          0          0          0          0   __rtentry2.o
         6          0          0          0          0          0   __rtentry4.o
        52          8          0          0          0          0   __scatter.o
        26          0          0          0          0          0   __scatter_copy.o
        28          0          0          0          0          0   __scatter_zi.o
        48          6          0          0          0         96   _printf_char_common.o
         6          0          0          0          0          0   _printf_d.o
       120         16          0          0          0         92   _printf_dec.o
       178          0          0          0          0         88   _printf_intcommon.o
         0          0          0          0          0          0   _printf_percent.o
         4          0          0          0          0          0   _printf_percent_end.o
        10          0          0          0          0         68   _sputc.o
        16          0          0          0          0         68   aeabi_memset.o
        18          0          0          0          0         80   exit.o
         6          0          0          0          0        152   heapauxi.o
         2          0          0          0          0          0   libinit.o
         2          0          0          0          0          0   libinit2.o
         2          0          0          0          0          0   libshutdown.o
         2          0          0          0          0          0   libshutdown2.o
         8          4          0          0         96         68   libspace.o
        40          6          0          0          0         84   noretval__2sprintf.o
        68          0          0          0          0         68   rt_memclr.o
        78          0          0          0          0         80   rt_memclr_w.o
       100          0          0          0          0         80   rt_memcpy_w.o
         2          0          0          0          0          0   rtexit.o
        10          0          0          0          0          0   rtexit2.o
        74          0          0          0          0         80   sys_stackheap_outer.o
         2          0          0          0          0         68   use_no_semi.o
         2          0          0          0          0         68   use_no_semi_2.o

    ----------------------------------------------------------------------
      1040         40          0          0         96       1392   Library Totals
         6          0          0          0          0          0   (incl. Padding)

    ----------------------------------------------------------------------

      Code (inc. data)   RO Data    RW Data    ZI Data      Debug   Library Name

      1034         40          0          0         96       1392   c_w.l

    ----------------------------------------------------------------------
      1040         40          0          0         96       1392   Library Totals

    ----------------------------------------------------------------------

==============================================================================


      Code (inc. data)   RO Data    RW Data    ZI Data      Debug   

      7968        550       5168        128       3160     421340   Grand Totals
      7968        550       5168        128       3160     421340   ELF Image Totals
      7968        550       5168        128          0          0   ROM Totals

==============================================================================

    Total RO  Size (Code + RO Data)                13136 (  12.83kB)
    Total RW  Size (RW Data + ZI Data)              3288 (   3.21kB)
    Total ROM Size (Code + RO Data + RW Data)      13264 (  12.95kB)

==============================================================================

