<html>
<body>
<pre>
<h1>礦ision Build Log</h1>
<h2>Tool Versions:</h2>
IDE-Version: μVision V5.22.0.0
Copyright (C) 2016 ARM Ltd and ARM Germany GmbH. All rights reserved.
License Information: lpc Microsoft, Microsoft, LIC=BL2VE-558QA-04TSQ-NXQ6U-T55IX-NSTUV
 
Tool Versions:
Toolchain:       MDK-ARM Professional  Version: 5.22
Toolchain Path:  D:\major software\MDK5\ARM\ARMCC\Bin
C Compiler:      Armcc.exe V5.06 update 4 (build 422)
Assembler:       Armasm.exe V5.06 update 4 (build 422)
Linker/Locator:  ArmLink.exe V5.06 update 4 (build 422)
Library Manager: ArmAr.exe V5.06 update 4 (build 422)
Hex Converter:   FromElf.exe V5.06 update 4 (build 422)
CPU DLL:         SARMCM3.DLL V5.22
Dialog DLL:      DCM.DLL V1.13.9.0
Target DLL:      Segger\JL2CM3.dll V2.99.23.0
Dialog DLL:      TCM.DLL V1.21.0.0
 
<h2>Project:</h2>
C:\Users\Administrator\Desktop\WTU-300_V0.5\USER\Template.uvprojx
Project File Date:  09/13/2017

<h2>Output:</h2>
*** Using Compiler 'V5.06 update 4 (build 422)', folder: 'D:\major software\MDK5\ARM\ARMCC\Bin'
Rebuild target 'Template'
assembling startup_stm32f10x_hd.s...
compiling core_cm3.c...
compiling stm32f10x_it.c...
compiling delay.c...
compiling usart.c...
compiling system_stm32f10x.c...
compiling main.c...
compiling misc.c...
compiling stm32f10x_adc.c...
compiling sys.c...
compiling stm32f10x_crc.c...
compiling stm32f10x_cec.c...
compiling stm32f10x_dac.c...
compiling stm32f10x_bkp.c...
compiling stm32f10x_can.c...
compiling stm32f10x_dbgmcu.c...
compiling stm32f10x_exti.c...
compiling stm32f10x_dma.c...
compiling stm32f10x_fsmc.c...
compiling stm32f10x_iwdg.c...
compiling stm32f10x_gpio.c...
compiling stm32f10x_i2c.c...
compiling stm32f10x_pwr.c...
compiling stm32f10x_flash.c...
compiling stm32f10x_rcc.c...
compiling stm32f10x_spi.c...
compiling stm32f10x_sdio.c...
compiling AD_key.c...
compiling stm32f10x_usart.c...
compiling SPI_sd.c...
compiling stm32f10x_rtc.c...
compiling stm32f10x_wwdg.c...
compiling stm32f10x_tim.c...
compiling SPI_lcd.c...
compiling tim.c...
compiling datastruct.c...
compiling ui.c...
..\APP\ui.c(6): warning:  #188-D: enumerated type mixed with another type
  CurrentPageTypedef e_Current_Page=0;
..\APP\ui.c(18): warning:  #188-D: enumerated type mixed with another type
  CurrentColumeTypedef e_Current_Colume=0;
..\APP\ui.c(4025): warning:  #188-D: enumerated type mixed with another type
  	e_Trigger_Key = GetKeyValFromBox();        //从邮箱中取出一个键值
..\APP\ui.c: 3 warnings, 0 errors
compiling ugui.c...
..\MiddleLayer\ugui\ugui.c(5288): warning:  #513-D: a value of type "void *" cannot be assigned to an entity of type "void (*)(UG_COLOR)"
  		push_pixel = ((void*(*)(UG_S16, UG_S16, UG_S16, UG_S16))gui->driver[
RIVER_FILL_AREA].driver)(x, y, x + actual_char_width - 1, y + font->char_height - 1);
..\MiddleLayer\ugui\ugui.c: 1 warning, 0 errors
linking...
Program Size: Code=7968 RO-data=5168 RW-data=128 ZI-data=3160  
FromELF: creating hex file...
"..\OBJ\Template.axf" - 0 Error(s), 4 Warning(s).

<h2>Collection of Component include folders:</h2>
  C:\Users\Administrator\Desktop\WTU-300_V0.5\USER\RTE\_Template
  D:\major software\MDK5\ARM\PACK\Keil\STM32F1xx_DFP\2.2.0\Device\Include

<h2>Collection of Component Files used:</h2>
Build Time Elapsed:  00:00:04
</pre>
</body>
</html>
