<!doctype html public "-//w3c//dtd html 4.0 transitional//en">
<html><head>
<title>Static Call Graph - [..\OBJ\Template.axf]</title></head>
<body><HR>
<H1>Static Call Graph for image ..\OBJ\Template.axf</H1><HR>
<BR><P>#&#060CALLGRAPH&#062# ARM Linker, 5060422: Last Updated: Sun Sep 17 12:10:11 2017
<BR><P>
<H3>Maximum Stack Usage =        176 bytes + Unknown(Functions without stacksize, Cycles, Untraceable Function Pointers)</H3><H3>
Call chain for Maximum Stack Depth:</H3>
PROCESS_LongNumKey_Of_PageInit &rArr; UG_PutString &rArr; UG_PutChar &rArr; _UG_PutChar
<P>
<H3>
Functions with no stack information
</H3><UL>
 <LI><a href="#[147]">__user_initial_stackheap</a>
</UL>
</UL>
<P>
<H3>
Mutually Recursive functions
</H3> <LI><a href="#[1f]">ADC1_2_IRQHandler</a>&nbsp;&nbsp;&nbsp;&rArr;&nbsp;&nbsp;&nbsp;<a href="#[1f]">ADC1_2_IRQHandler</a><BR>
</UL>
<P>
<H3>
Function Pointers
</H3><UL>
 <LI><a href="#[1f]">ADC1_2_IRQHandler</a> from startup_stm32f10x_hd.o(.text) referenced from startup_stm32f10x_hd.o(RESET)
 <LI><a href="#[3c]">ADC3_IRQHandler</a> from startup_stm32f10x_hd.o(.text) referenced from startup_stm32f10x_hd.o(RESET)
 <LI><a href="#[7]">BusFault_Handler</a> from stm32f10x_it.o(i.BusFault_Handler) referenced from startup_stm32f10x_hd.o(RESET)
 <LI><a href="#[22]">CAN1_RX1_IRQHandler</a> from startup_stm32f10x_hd.o(.text) referenced from startup_stm32f10x_hd.o(RESET)
 <LI><a href="#[23]">CAN1_SCE_IRQHandler</a> from startup_stm32f10x_hd.o(.text) referenced from startup_stm32f10x_hd.o(RESET)
 <LI><a href="#[18]">DMA1_Channel1_IRQHandler</a> from startup_stm32f10x_hd.o(.text) referenced from startup_stm32f10x_hd.o(RESET)
 <LI><a href="#[19]">DMA1_Channel2_IRQHandler</a> from startup_stm32f10x_hd.o(.text) referenced from startup_stm32f10x_hd.o(RESET)
 <LI><a href="#[1a]">DMA1_Channel3_IRQHandler</a> from startup_stm32f10x_hd.o(.text) referenced from startup_stm32f10x_hd.o(RESET)
 <LI><a href="#[1b]">DMA1_Channel4_IRQHandler</a> from startup_stm32f10x_hd.o(.text) referenced from startup_stm32f10x_hd.o(RESET)
 <LI><a href="#[1c]">DMA1_Channel5_IRQHandler</a> from startup_stm32f10x_hd.o(.text) referenced from startup_stm32f10x_hd.o(RESET)
 <LI><a href="#[1d]">DMA1_Channel6_IRQHandler</a> from startup_stm32f10x_hd.o(.text) referenced from startup_stm32f10x_hd.o(RESET)
 <LI><a href="#[1e]">DMA1_Channel7_IRQHandler</a> from startup_stm32f10x_hd.o(.text) referenced from startup_stm32f10x_hd.o(RESET)
 <LI><a href="#[45]">DMA2_Channel1_IRQHandler</a> from startup_stm32f10x_hd.o(.text) referenced from startup_stm32f10x_hd.o(RESET)
 <LI><a href="#[46]">DMA2_Channel2_IRQHandler</a> from startup_stm32f10x_hd.o(.text) referenced from startup_stm32f10x_hd.o(RESET)
 <LI><a href="#[47]">DMA2_Channel3_IRQHandler</a> from startup_stm32f10x_hd.o(.text) referenced from startup_stm32f10x_hd.o(RESET)
 <LI><a href="#[48]">DMA2_Channel4_5_IRQHandler</a> from startup_stm32f10x_hd.o(.text) referenced from startup_stm32f10x_hd.o(RESET)
 <LI><a href="#[a]">DebugMon_Handler</a> from stm32f10x_it.o(i.DebugMon_Handler) referenced from startup_stm32f10x_hd.o(RESET)
 <LI><a href="#[13]">EXTI0_IRQHandler</a> from startup_stm32f10x_hd.o(.text) referenced from startup_stm32f10x_hd.o(RESET)
 <LI><a href="#[35]">EXTI15_10_IRQHandler</a> from startup_stm32f10x_hd.o(.text) referenced from startup_stm32f10x_hd.o(RESET)
 <LI><a href="#[14]">EXTI1_IRQHandler</a> from startup_stm32f10x_hd.o(.text) referenced from startup_stm32f10x_hd.o(RESET)
 <LI><a href="#[15]">EXTI2_IRQHandler</a> from startup_stm32f10x_hd.o(.text) referenced from startup_stm32f10x_hd.o(RESET)
 <LI><a href="#[16]">EXTI3_IRQHandler</a> from startup_stm32f10x_hd.o(.text) referenced from startup_stm32f10x_hd.o(RESET)
 <LI><a href="#[17]">EXTI4_IRQHandler</a> from startup_stm32f10x_hd.o(.text) referenced from startup_stm32f10x_hd.o(RESET)
 <LI><a href="#[24]">EXTI9_5_IRQHandler</a> from startup_stm32f10x_hd.o(.text) referenced from startup_stm32f10x_hd.o(RESET)
 <LI><a href="#[11]">FLASH_IRQHandler</a> from startup_stm32f10x_hd.o(.text) referenced from startup_stm32f10x_hd.o(RESET)
 <LI><a href="#[3d]">FSMC_IRQHandler</a> from startup_stm32f10x_hd.o(.text) referenced from startup_stm32f10x_hd.o(RESET)
 <LI><a href="#[5]">HardFault_Handler</a> from stm32f10x_it.o(i.HardFault_Handler) referenced from startup_stm32f10x_hd.o(RESET)
 <LI><a href="#[2d]">I2C1_ER_IRQHandler</a> from startup_stm32f10x_hd.o(.text) referenced from startup_stm32f10x_hd.o(RESET)
 <LI><a href="#[2c]">I2C1_EV_IRQHandler</a> from startup_stm32f10x_hd.o(.text) referenced from startup_stm32f10x_hd.o(RESET)
 <LI><a href="#[2f]">I2C2_ER_IRQHandler</a> from startup_stm32f10x_hd.o(.text) referenced from startup_stm32f10x_hd.o(RESET)
 <LI><a href="#[2e]">I2C2_EV_IRQHandler</a> from startup_stm32f10x_hd.o(.text) referenced from startup_stm32f10x_hd.o(RESET)
 <LI><a href="#[4d]">LCDDrawDot</a> from spi_lcd.o(i.LCDDrawDot) referenced from main.o(i.MiddleLayer_Init)
 <LI><a href="#[6]">MemManage_Handler</a> from stm32f10x_it.o(i.MemManage_Handler) referenced from startup_stm32f10x_hd.o(RESET)
 <LI><a href="#[4]">NMI_Handler</a> from stm32f10x_it.o(i.NMI_Handler) referenced from startup_stm32f10x_hd.o(RESET)
 <LI><a href="#[da]">PROCESS_LongClrKey_Of_PageCodeChange</a> from ui.o(i.PROCESS_LongClrKey_Of_PageCodeChange) referenced from ui.o(.constdata)
 <LI><a href="#[d4]">PROCESS_LongClrKey_Of_PageCodeEnt</a> from ui.o(i.PROCESS_LongClrKey_Of_PageCodeEnt) referenced from ui.o(.constdata)
 <LI><a href="#[11c]">PROCESS_LongClrKey_Of_PageDTUChan1Set</a> from ui.o(i.PROCESS_LongClrKey_Of_PageDTUChan1Set) referenced from ui.o(.constdata)
 <LI><a href="#[122]">PROCESS_LongClrKey_Of_PageDTUChan2Set</a> from ui.o(i.PROCESS_LongClrKey_Of_PageDTUChan2Set) referenced from ui.o(.constdata)
 <LI><a href="#[128]">PROCESS_LongClrKey_Of_PageDTUChan3Set</a> from ui.o(i.PROCESS_LongClrKey_Of_PageDTUChan3Set) referenced from ui.o(.constdata)
 <LI><a href="#[12e]">PROCESS_LongClrKey_Of_PageDTUChan4Set</a> from ui.o(i.PROCESS_LongClrKey_Of_PageDTUChan4Set) referenced from ui.o(.constdata)
 <LI><a href="#[110]">PROCESS_LongClrKey_Of_PageDTURunModeSet</a> from ui.o(i.PROCESS_LongClrKey_Of_PageDTURunModeSet) referenced from ui.o(.constdata)
 <LI><a href="#[116]">PROCESS_LongClrKey_Of_PageDTUSMSSet</a> from ui.o(i.PROCESS_LongClrKey_Of_PageDTUSMSSet) referenced from ui.o(.constdata)
 <LI><a href="#[10a]">PROCESS_LongClrKey_Of_PageDTUServerSet</a> from ui.o(i.PROCESS_LongClrKey_Of_PageDTUServerSet) referenced from ui.o(.constdata)
 <LI><a href="#[e6]">PROCESS_LongClrKey_Of_PageDTUSet</a> from ui.o(i.PROCESS_LongClrKey_Of_PageDTUSet) referenced from ui.o(.constdata)
 <LI><a href="#[104]">PROCESS_LongClrKey_Of_PageDateTimeSet</a> from ui.o(i.PROCESS_LongClrKey_Of_PageDateTimeSet) referenced from ui.o(.constdata)
 <LI><a href="#[c8]">PROCESS_LongClrKey_Of_PageDefault</a> from ui.o(i.PROCESS_LongClrKey_Of_PageDefault) referenced from ui.o(.constdata)
 <LI><a href="#[c2]">PROCESS_LongClrKey_Of_PageInit</a> from ui.o(i.PROCESS_LongClrKey_Of_PageInit) referenced from ui.o(.constdata)
 <LI><a href="#[e0]">PROCESS_LongClrKey_Of_PageMainMenu</a> from ui.o(i.PROCESS_LongClrKey_Of_PageMainMenu) referenced from ui.o(.constdata)
 <LI><a href="#[fe]">PROCESS_LongClrKey_Of_PageParaBak</a> from ui.o(i.PROCESS_LongClrKey_Of_PageParaBak) referenced from ui.o(.constdata)
 <LI><a href="#[ce]">PROCESS_LongClrKey_Of_PageRGZS</a> from ui.o(i.PROCESS_LongClrKey_Of_PageRGZS) referenced from ui.o(.constdata)
 <LI><a href="#[ec]">PROCESS_LongClrKey_Of_PageSensorMotherConfig</a> from ui.o(i.PROCESS_LongClrKey_Of_PageSensorMotherConfig) referenced from ui.o(.constdata)
 <LI><a href="#[f2]">PROCESS_LongClrKey_Of_PageSensorSonPara</a> from ui.o(i.PROCESS_LongClrKey_Of_PageSensorSonPara) referenced from ui.o(.constdata)
 <LI><a href="#[f8]">PROCESS_LongClrKey_Of_PageTestSend</a> from ui.o(i.PROCESS_LongClrKey_Of_PageTestSend) referenced from ui.o(.constdata)
 <LI><a href="#[dc]">PROCESS_LongDownKey_Of_PageCodeChange</a> from ui.o(i.PROCESS_LongDownKey_Of_PageCodeChange) referenced from ui.o(.constdata)
 <LI><a href="#[d6]">PROCESS_LongDownKey_Of_PageCodeEnt</a> from ui.o(i.PROCESS_LongDownKey_Of_PageCodeEnt) referenced from ui.o(.constdata)
 <LI><a href="#[11e]">PROCESS_LongDownKey_Of_PageDTUChan1Set</a> from ui.o(i.PROCESS_LongDownKey_Of_PageDTUChan1Set) referenced from ui.o(.constdata)
 <LI><a href="#[124]">PROCESS_LongDownKey_Of_PageDTUChan2Set</a> from ui.o(i.PROCESS_LongDownKey_Of_PageDTUChan2Set) referenced from ui.o(.constdata)
 <LI><a href="#[12a]">PROCESS_LongDownKey_Of_PageDTUChan3Set</a> from ui.o(i.PROCESS_LongDownKey_Of_PageDTUChan3Set) referenced from ui.o(.constdata)
 <LI><a href="#[130]">PROCESS_LongDownKey_Of_PageDTUChan4Set</a> from ui.o(i.PROCESS_LongDownKey_Of_PageDTUChan4Set) referenced from ui.o(.constdata)
 <LI><a href="#[112]">PROCESS_LongDownKey_Of_PageDTURunModeSet</a> from ui.o(i.PROCESS_LongDownKey_Of_PageDTURunModeSet) referenced from ui.o(.constdata)
 <LI><a href="#[118]">PROCESS_LongDownKey_Of_PageDTUSMSSet</a> from ui.o(i.PROCESS_LongDownKey_Of_PageDTUSMSSet) referenced from ui.o(.constdata)
 <LI><a href="#[10c]">PROCESS_LongDownKey_Of_PageDTUServerSet</a> from ui.o(i.PROCESS_LongDownKey_Of_PageDTUServerSet) referenced from ui.o(.constdata)
 <LI><a href="#[e8]">PROCESS_LongDownKey_Of_PageDTUSet</a> from ui.o(i.PROCESS_LongDownKey_Of_PageDTUSet) referenced from ui.o(.constdata)
 <LI><a href="#[106]">PROCESS_LongDownKey_Of_PageDateTimeSet</a> from ui.o(i.PROCESS_LongDownKey_Of_PageDateTimeSet) referenced from ui.o(.constdata)
 <LI><a href="#[ca]">PROCESS_LongDownKey_Of_PageDefault</a> from ui.o(i.PROCESS_LongDownKey_Of_PageDefault) referenced from ui.o(.constdata)
 <LI><a href="#[c4]">PROCESS_LongDownKey_Of_PageInit</a> from ui.o(i.PROCESS_LongDownKey_Of_PageInit) referenced from ui.o(.constdata)
 <LI><a href="#[e2]">PROCESS_LongDownKey_Of_PageMainMenu</a> from ui.o(i.PROCESS_LongDownKey_Of_PageMainMenu) referenced from ui.o(.constdata)
 <LI><a href="#[100]">PROCESS_LongDownKey_Of_PageParaBak</a> from ui.o(i.PROCESS_LongDownKey_Of_PageParaBak) referenced from ui.o(.constdata)
 <LI><a href="#[d0]">PROCESS_LongDownKey_Of_PageRGZS</a> from ui.o(i.PROCESS_LongDownKey_Of_PageRGZS) referenced from ui.o(.constdata)
 <LI><a href="#[ee]">PROCESS_LongDownKey_Of_PageSensorMotherConfig</a> from ui.o(i.PROCESS_LongDownKey_Of_PageSensorMotherConfig) referenced from ui.o(.constdata)
 <LI><a href="#[f4]">PROCESS_LongDownKey_Of_PageSensorSonPara</a> from ui.o(i.PROCESS_LongDownKey_Of_PageSensorSonPara) referenced from ui.o(.constdata)
 <LI><a href="#[fa]">PROCESS_LongDownKey_Of_PageTestSend</a> from ui.o(i.PROCESS_LongDownKey_Of_PageTestSend) referenced from ui.o(.constdata)
 <LI><a href="#[dd]">PROCESS_LongNumKey_Of_PageCodeChange</a> from ui.o(i.PROCESS_LongNumKey_Of_PageCodeChange) referenced from ui.o(.constdata)
 <LI><a href="#[d7]">PROCESS_LongNumKey_Of_PageCodeEnt</a> from ui.o(i.PROCESS_LongNumKey_Of_PageCodeEnt) referenced from ui.o(.constdata)
 <LI><a href="#[11f]">PROCESS_LongNumKey_Of_PageDTUChan1Set</a> from ui.o(i.PROCESS_LongNumKey_Of_PageDTUChan1Set) referenced from ui.o(.constdata)
 <LI><a href="#[125]">PROCESS_LongNumKey_Of_PageDTUChan2Set</a> from ui.o(i.PROCESS_LongNumKey_Of_PageDTUChan2Set) referenced from ui.o(.constdata)
 <LI><a href="#[12b]">PROCESS_LongNumKey_Of_PageDTUChan3Set</a> from ui.o(i.PROCESS_LongNumKey_Of_PageDTUChan3Set) referenced from ui.o(.constdata)
 <LI><a href="#[131]">PROCESS_LongNumKey_Of_PageDTUChan4Set</a> from ui.o(i.PROCESS_LongNumKey_Of_PageDTUChan4Set) referenced from ui.o(.constdata)
 <LI><a href="#[113]">PROCESS_LongNumKey_Of_PageDTURunModeSet</a> from ui.o(i.PROCESS_LongNumKey_Of_PageDTURunModeSet) referenced from ui.o(.constdata)
 <LI><a href="#[119]">PROCESS_LongNumKey_Of_PageDTUSMSSet</a> from ui.o(i.PROCESS_LongNumKey_Of_PageDTUSMSSet) referenced from ui.o(.constdata)
 <LI><a href="#[10d]">PROCESS_LongNumKey_Of_PageDTUServerSet</a> from ui.o(i.PROCESS_LongNumKey_Of_PageDTUServerSet) referenced from ui.o(.constdata)
 <LI><a href="#[e9]">PROCESS_LongNumKey_Of_PageDTUSet</a> from ui.o(i.PROCESS_LongNumKey_Of_PageDTUSet) referenced from ui.o(.constdata)
 <LI><a href="#[107]">PROCESS_LongNumKey_Of_PageDateTimeSet</a> from ui.o(i.PROCESS_LongNumKey_Of_PageDateTimeSet) referenced from ui.o(.constdata)
 <LI><a href="#[cb]">PROCESS_LongNumKey_Of_PageDefault</a> from ui.o(i.PROCESS_LongNumKey_Of_PageDefault) referenced from ui.o(.constdata)
 <LI><a href="#[c5]">PROCESS_LongNumKey_Of_PageInit</a> from ui.o(i.PROCESS_LongNumKey_Of_PageInit) referenced from ui.o(.constdata)
 <LI><a href="#[e3]">PROCESS_LongNumKey_Of_PageMainMenu</a> from ui.o(i.PROCESS_LongNumKey_Of_PageMainMenu) referenced from ui.o(.constdata)
 <LI><a href="#[101]">PROCESS_LongNumKey_Of_PageParaBak</a> from ui.o(i.PROCESS_LongNumKey_Of_PageParaBak) referenced from ui.o(.constdata)
 <LI><a href="#[d1]">PROCESS_LongNumKey_Of_PageRGZS</a> from ui.o(i.PROCESS_LongNumKey_Of_PageRGZS) referenced from ui.o(.constdata)
 <LI><a href="#[ef]">PROCESS_LongNumKey_Of_PageSensorMotherConfig</a> from ui.o(i.PROCESS_LongNumKey_Of_PageSensorMotherConfig) referenced from ui.o(.constdata)
 <LI><a href="#[f5]">PROCESS_LongNumKey_Of_PageSensorSonPara</a> from ui.o(i.PROCESS_LongNumKey_Of_PageSensorSonPara) referenced from ui.o(.constdata)
 <LI><a href="#[fb]">PROCESS_LongNumKey_Of_PageTestSend</a> from ui.o(i.PROCESS_LongNumKey_Of_PageTestSend) referenced from ui.o(.constdata)
 <LI><a href="#[d9]">PROCESS_LongOkKey_Of_PageCodeChange</a> from ui.o(i.PROCESS_LongOkKey_Of_PageCodeChange) referenced from ui.o(.constdata)
 <LI><a href="#[d3]">PROCESS_LongOkKey_Of_PageCodeEnt</a> from ui.o(i.PROCESS_LongOkKey_Of_PageCodeEnt) referenced from ui.o(.constdata)
 <LI><a href="#[11b]">PROCESS_LongOkKey_Of_PageDTUChan1Set</a> from ui.o(i.PROCESS_LongOkKey_Of_PageDTUChan1Set) referenced from ui.o(.constdata)
 <LI><a href="#[121]">PROCESS_LongOkKey_Of_PageDTUChan2Set</a> from ui.o(i.PROCESS_LongOkKey_Of_PageDTUChan2Set) referenced from ui.o(.constdata)
 <LI><a href="#[127]">PROCESS_LongOkKey_Of_PageDTUChan3Set</a> from ui.o(i.PROCESS_LongOkKey_Of_PageDTUChan3Set) referenced from ui.o(.constdata)
 <LI><a href="#[12d]">PROCESS_LongOkKey_Of_PageDTUChan4Set</a> from ui.o(i.PROCESS_LongOkKey_Of_PageDTUChan4Set) referenced from ui.o(.constdata)
 <LI><a href="#[10f]">PROCESS_LongOkKey_Of_PageDTURunModeSet</a> from ui.o(i.PROCESS_LongOkKey_Of_PageDTURunModeSet) referenced from ui.o(.constdata)
 <LI><a href="#[115]">PROCESS_LongOkKey_Of_PageDTUSMSSet</a> from ui.o(i.PROCESS_LongOkKey_Of_PageDTUSMSSet) referenced from ui.o(.constdata)
 <LI><a href="#[109]">PROCESS_LongOkKey_Of_PageDTUServerSet</a> from ui.o(i.PROCESS_LongOkKey_Of_PageDTUServerSet) referenced from ui.o(.constdata)
 <LI><a href="#[e5]">PROCESS_LongOkKey_Of_PageDTUSet</a> from ui.o(i.PROCESS_LongOkKey_Of_PageDTUSet) referenced from ui.o(.constdata)
 <LI><a href="#[103]">PROCESS_LongOkKey_Of_PageDateTimeSet</a> from ui.o(i.PROCESS_LongOkKey_Of_PageDateTimeSet) referenced from ui.o(.constdata)
 <LI><a href="#[c7]">PROCESS_LongOkKey_Of_PageDefault</a> from ui.o(i.PROCESS_LongOkKey_Of_PageDefault) referenced from ui.o(.constdata)
 <LI><a href="#[c1]">PROCESS_LongOkKey_Of_PageInit</a> from ui.o(i.PROCESS_LongOkKey_Of_PageInit) referenced from ui.o(.constdata)
 <LI><a href="#[df]">PROCESS_LongOkKey_Of_PageMainMenu</a> from ui.o(i.PROCESS_LongOkKey_Of_PageMainMenu) referenced from ui.o(.constdata)
 <LI><a href="#[fd]">PROCESS_LongOkKey_Of_PageParaBak</a> from ui.o(i.PROCESS_LongOkKey_Of_PageParaBak) referenced from ui.o(.constdata)
 <LI><a href="#[cd]">PROCESS_LongOkKey_Of_PageRGZS</a> from ui.o(i.PROCESS_LongOkKey_Of_PageRGZS) referenced from ui.o(.constdata)
 <LI><a href="#[eb]">PROCESS_LongOkKey_Of_PageSensorMotherConfig</a> from ui.o(i.PROCESS_LongOkKey_Of_PageSensorMotherConfig) referenced from ui.o(.constdata)
 <LI><a href="#[f1]">PROCESS_LongOkKey_Of_PageSensorSonPara</a> from ui.o(i.PROCESS_LongOkKey_Of_PageSensorSonPara) referenced from ui.o(.constdata)
 <LI><a href="#[f7]">PROCESS_LongOkKey_Of_PageTestSend</a> from ui.o(i.PROCESS_LongOkKey_Of_PageTestSend) referenced from ui.o(.constdata)
 <LI><a href="#[d8]">PROCESS_LongSetKey_Of_PageCodeChange</a> from ui.o(i.PROCESS_LongSetKey_Of_PageCodeChange) referenced from ui.o(.constdata)
 <LI><a href="#[d2]">PROCESS_LongSetKey_Of_PageCodeEnt</a> from ui.o(i.PROCESS_LongSetKey_Of_PageCodeEnt) referenced from ui.o(.constdata)
 <LI><a href="#[11a]">PROCESS_LongSetKey_Of_PageDTUChan1Set</a> from ui.o(i.PROCESS_LongSetKey_Of_PageDTUChan1Set) referenced from ui.o(.constdata)
 <LI><a href="#[120]">PROCESS_LongSetKey_Of_PageDTUChan2Set</a> from ui.o(i.PROCESS_LongSetKey_Of_PageDTUChan2Set) referenced from ui.o(.constdata)
 <LI><a href="#[126]">PROCESS_LongSetKey_Of_PageDTUChan3Set</a> from ui.o(i.PROCESS_LongSetKey_Of_PageDTUChan3Set) referenced from ui.o(.constdata)
 <LI><a href="#[12c]">PROCESS_LongSetKey_Of_PageDTUChan4Set</a> from ui.o(i.PROCESS_LongSetKey_Of_PageDTUChan4Set) referenced from ui.o(.constdata)
 <LI><a href="#[10e]">PROCESS_LongSetKey_Of_PageDTURunModeSet</a> from ui.o(i.PROCESS_LongSetKey_Of_PageDTURunModeSet) referenced from ui.o(.constdata)
 <LI><a href="#[114]">PROCESS_LongSetKey_Of_PageDTUSMSSet</a> from ui.o(i.PROCESS_LongSetKey_Of_PageDTUSMSSet) referenced from ui.o(.constdata)
 <LI><a href="#[108]">PROCESS_LongSetKey_Of_PageDTUServerSet</a> from ui.o(i.PROCESS_LongSetKey_Of_PageDTUServerSet) referenced from ui.o(.constdata)
 <LI><a href="#[e4]">PROCESS_LongSetKey_Of_PageDTUSet</a> from ui.o(i.PROCESS_LongSetKey_Of_PageDTUSet) referenced from ui.o(.constdata)
 <LI><a href="#[102]">PROCESS_LongSetKey_Of_PageDateTimeSet</a> from ui.o(i.PROCESS_LongSetKey_Of_PageDateTimeSet) referenced from ui.o(.constdata)
 <LI><a href="#[c6]">PROCESS_LongSetKey_Of_PageDefault</a> from ui.o(i.PROCESS_LongSetKey_Of_PageDefault) referenced from ui.o(.constdata)
 <LI><a href="#[c0]">PROCESS_LongSetKey_Of_PageInit</a> from ui.o(i.PROCESS_LongSetKey_Of_PageInit) referenced from ui.o(.constdata)
 <LI><a href="#[de]">PROCESS_LongSetKey_Of_PageMainMenu</a> from ui.o(i.PROCESS_LongSetKey_Of_PageMainMenu) referenced from ui.o(.constdata)
 <LI><a href="#[fc]">PROCESS_LongSetKey_Of_PageParaBak</a> from ui.o(i.PROCESS_LongSetKey_Of_PageParaBak) referenced from ui.o(.constdata)
 <LI><a href="#[cc]">PROCESS_LongSetKey_Of_PageRGZS</a> from ui.o(i.PROCESS_LongSetKey_Of_PageRGZS) referenced from ui.o(.constdata)
 <LI><a href="#[ea]">PROCESS_LongSetKey_Of_PageSensorMotherConfig</a> from ui.o(i.PROCESS_LongSetKey_Of_PageSensorMotherConfig) referenced from ui.o(.constdata)
 <LI><a href="#[f0]">PROCESS_LongSetKey_Of_PageSensorSonPara</a> from ui.o(i.PROCESS_LongSetKey_Of_PageSensorSonPara) referenced from ui.o(.constdata)
 <LI><a href="#[f6]">PROCESS_LongSetKey_Of_PageTestSend</a> from ui.o(i.PROCESS_LongSetKey_Of_PageTestSend) referenced from ui.o(.constdata)
 <LI><a href="#[db]">PROCESS_LongUpKey_Of_PageCodeChange</a> from ui.o(i.PROCESS_LongUpKey_Of_PageCodeChange) referenced from ui.o(.constdata)
 <LI><a href="#[d5]">PROCESS_LongUpKey_Of_PageCodeEnt</a> from ui.o(i.PROCESS_LongUpKey_Of_PageCodeEnt) referenced from ui.o(.constdata)
 <LI><a href="#[11d]">PROCESS_LongUpKey_Of_PageDTUChan1Set</a> from ui.o(i.PROCESS_LongUpKey_Of_PageDTUChan1Set) referenced from ui.o(.constdata)
 <LI><a href="#[123]">PROCESS_LongUpKey_Of_PageDTUChan2Set</a> from ui.o(i.PROCESS_LongUpKey_Of_PageDTUChan2Set) referenced from ui.o(.constdata)
 <LI><a href="#[129]">PROCESS_LongUpKey_Of_PageDTUChan3Set</a> from ui.o(i.PROCESS_LongUpKey_Of_PageDTUChan3Set) referenced from ui.o(.constdata)
 <LI><a href="#[12f]">PROCESS_LongUpKey_Of_PageDTUChan4Set</a> from ui.o(i.PROCESS_LongUpKey_Of_PageDTUChan4Set) referenced from ui.o(.constdata)
 <LI><a href="#[111]">PROCESS_LongUpKey_Of_PageDTURunModeSet</a> from ui.o(i.PROCESS_LongUpKey_Of_PageDTURunModeSet) referenced from ui.o(.constdata)
 <LI><a href="#[117]">PROCESS_LongUpKey_Of_PageDTUSMSSet</a> from ui.o(i.PROCESS_LongUpKey_Of_PageDTUSMSSet) referenced from ui.o(.constdata)
 <LI><a href="#[10b]">PROCESS_LongUpKey_Of_PageDTUServerSet</a> from ui.o(i.PROCESS_LongUpKey_Of_PageDTUServerSet) referenced from ui.o(.constdata)
 <LI><a href="#[e7]">PROCESS_LongUpKey_Of_PageDTUSet</a> from ui.o(i.PROCESS_LongUpKey_Of_PageDTUSet) referenced from ui.o(.constdata)
 <LI><a href="#[105]">PROCESS_LongUpKey_Of_PageDateTimeSet</a> from ui.o(i.PROCESS_LongUpKey_Of_PageDateTimeSet) referenced from ui.o(.constdata)
 <LI><a href="#[c9]">PROCESS_LongUpKey_Of_PageDefault</a> from ui.o(i.PROCESS_LongUpKey_Of_PageDefault) referenced from ui.o(.constdata)
 <LI><a href="#[c3]">PROCESS_LongUpKey_Of_PageInit</a> from ui.o(i.PROCESS_LongUpKey_Of_PageInit) referenced from ui.o(.constdata)
 <LI><a href="#[e1]">PROCESS_LongUpKey_Of_PageMainMenu</a> from ui.o(i.PROCESS_LongUpKey_Of_PageMainMenu) referenced from ui.o(.constdata)
 <LI><a href="#[ff]">PROCESS_LongUpKey_Of_PageParaBak</a> from ui.o(i.PROCESS_LongUpKey_Of_PageParaBak) referenced from ui.o(.constdata)
 <LI><a href="#[cf]">PROCESS_LongUpKey_Of_PageRGZS</a> from ui.o(i.PROCESS_LongUpKey_Of_PageRGZS) referenced from ui.o(.constdata)
 <LI><a href="#[ed]">PROCESS_LongUpKey_Of_PageSensorMotherConfig</a> from ui.o(i.PROCESS_LongUpKey_Of_PageSensorMotherConfig) referenced from ui.o(.constdata)
 <LI><a href="#[f3]">PROCESS_LongUpKey_Of_PageSensorSonPara</a> from ui.o(i.PROCESS_LongUpKey_Of_PageSensorSonPara) referenced from ui.o(.constdata)
 <LI><a href="#[f9]">PROCESS_LongUpKey_Of_PageTestSend</a> from ui.o(i.PROCESS_LongUpKey_Of_PageTestSend) referenced from ui.o(.constdata)
 <LI><a href="#[68]">PROCESS_ShortClrKey_Of_PageCodeChange</a> from ui.o(i.PROCESS_ShortClrKey_Of_PageCodeChange) referenced from ui.o(.constdata)
 <LI><a href="#[62]">PROCESS_ShortClrKey_Of_PageCodeEnt</a> from ui.o(i.PROCESS_ShortClrKey_Of_PageCodeEnt) referenced from ui.o(.constdata)
 <LI><a href="#[aa]">PROCESS_ShortClrKey_Of_PageDTUChan1Set</a> from ui.o(i.PROCESS_ShortClrKey_Of_PageDTUChan1Set) referenced from ui.o(.constdata)
 <LI><a href="#[b0]">PROCESS_ShortClrKey_Of_PageDTUChan2Set</a> from ui.o(i.PROCESS_ShortClrKey_Of_PageDTUChan2Set) referenced from ui.o(.constdata)
 <LI><a href="#[b6]">PROCESS_ShortClrKey_Of_PageDTUChan3Set</a> from ui.o(i.PROCESS_ShortClrKey_Of_PageDTUChan3Set) referenced from ui.o(.constdata)
 <LI><a href="#[bc]">PROCESS_ShortClrKey_Of_PageDTUChan4Set</a> from ui.o(i.PROCESS_ShortClrKey_Of_PageDTUChan4Set) referenced from ui.o(.constdata)
 <LI><a href="#[9e]">PROCESS_ShortClrKey_Of_PageDTURunModeSet</a> from ui.o(i.PROCESS_ShortClrKey_Of_PageDTURunModeSet) referenced from ui.o(.constdata)
 <LI><a href="#[a4]">PROCESS_ShortClrKey_Of_PageDTUSMSSet</a> from ui.o(i.PROCESS_ShortClrKey_Of_PageDTUSMSSet) referenced from ui.o(.constdata)
 <LI><a href="#[98]">PROCESS_ShortClrKey_Of_PageDTUServerSet</a> from ui.o(i.PROCESS_ShortClrKey_Of_PageDTUServerSet) referenced from ui.o(.constdata)
 <LI><a href="#[74]">PROCESS_ShortClrKey_Of_PageDTUSet</a> from ui.o(i.PROCESS_ShortClrKey_Of_PageDTUSet) referenced from ui.o(.constdata)
 <LI><a href="#[92]">PROCESS_ShortClrKey_Of_PageDateTimeSet</a> from ui.o(i.PROCESS_ShortClrKey_Of_PageDateTimeSet) referenced from ui.o(.constdata)
 <LI><a href="#[56]">PROCESS_ShortClrKey_Of_PageDefault</a> from ui.o(i.PROCESS_ShortClrKey_Of_PageDefault) referenced from ui.o(.constdata)
 <LI><a href="#[50]">PROCESS_ShortClrKey_Of_PageInit</a> from ui.o(i.PROCESS_ShortClrKey_Of_PageInit) referenced from ui.o(.constdata)
 <LI><a href="#[6e]">PROCESS_ShortClrKey_Of_PageMainMenu</a> from ui.o(i.PROCESS_ShortClrKey_Of_PageMainMenu) referenced from ui.o(.constdata)
 <LI><a href="#[8c]">PROCESS_ShortClrKey_Of_PageParaBak</a> from ui.o(i.PROCESS_ShortClrKey_Of_PageParaBak) referenced from ui.o(.constdata)
 <LI><a href="#[5c]">PROCESS_ShortClrKey_Of_PageRGZS</a> from ui.o(i.PROCESS_ShortClrKey_Of_PageRGZS) referenced from ui.o(.constdata)
 <LI><a href="#[7a]">PROCESS_ShortClrKey_Of_PageSensorMotherConfig</a> from ui.o(i.PROCESS_ShortClrKey_Of_PageSensorMotherConfig) referenced from ui.o(.constdata)
 <LI><a href="#[80]">PROCESS_ShortClrKey_Of_PageSensorSonPara</a> from ui.o(i.PROCESS_ShortClrKey_Of_PageSensorSonPara) referenced from ui.o(.constdata)
 <LI><a href="#[86]">PROCESS_ShortClrKey_Of_PageTestSend</a> from ui.o(i.PROCESS_ShortClrKey_Of_PageTestSend) referenced from ui.o(.constdata)
 <LI><a href="#[6a]">PROCESS_ShortDownKey_Of_PageCodeChange</a> from ui.o(i.PROCESS_ShortDownKey_Of_PageCodeChange) referenced from ui.o(.constdata)
 <LI><a href="#[64]">PROCESS_ShortDownKey_Of_PageCodeEnt</a> from ui.o(i.PROCESS_ShortDownKey_Of_PageCodeEnt) referenced from ui.o(.constdata)
 <LI><a href="#[ac]">PROCESS_ShortDownKey_Of_PageDTUChan1Set</a> from ui.o(i.PROCESS_ShortDownKey_Of_PageDTUChan1Set) referenced from ui.o(.constdata)
 <LI><a href="#[b2]">PROCESS_ShortDownKey_Of_PageDTUChan2Set</a> from ui.o(i.PROCESS_ShortDownKey_Of_PageDTUChan2Set) referenced from ui.o(.constdata)
 <LI><a href="#[b8]">PROCESS_ShortDownKey_Of_PageDTUChan3Set</a> from ui.o(i.PROCESS_ShortDownKey_Of_PageDTUChan3Set) referenced from ui.o(.constdata)
 <LI><a href="#[be]">PROCESS_ShortDownKey_Of_PageDTUChan4Set</a> from ui.o(i.PROCESS_ShortDownKey_Of_PageDTUChan4Set) referenced from ui.o(.constdata)
 <LI><a href="#[a0]">PROCESS_ShortDownKey_Of_PageDTURunModeSet</a> from ui.o(i.PROCESS_ShortDownKey_Of_PageDTURunModeSet) referenced from ui.o(.constdata)
 <LI><a href="#[a6]">PROCESS_ShortDownKey_Of_PageDTUSMSSet</a> from ui.o(i.PROCESS_ShortDownKey_Of_PageDTUSMSSet) referenced from ui.o(.constdata)
 <LI><a href="#[9a]">PROCESS_ShortDownKey_Of_PageDTUServerSet</a> from ui.o(i.PROCESS_ShortDownKey_Of_PageDTUServerSet) referenced from ui.o(.constdata)
 <LI><a href="#[76]">PROCESS_ShortDownKey_Of_PageDTUSet</a> from ui.o(i.PROCESS_ShortDownKey_Of_PageDTUSet) referenced from ui.o(.constdata)
 <LI><a href="#[94]">PROCESS_ShortDownKey_Of_PageDateTimeSet</a> from ui.o(i.PROCESS_ShortDownKey_Of_PageDateTimeSet) referenced from ui.o(.constdata)
 <LI><a href="#[58]">PROCESS_ShortDownKey_Of_PageDefault</a> from ui.o(i.PROCESS_ShortDownKey_Of_PageDefault) referenced from ui.o(.constdata)
 <LI><a href="#[52]">PROCESS_ShortDownKey_Of_PageInit</a> from ui.o(i.PROCESS_ShortDownKey_Of_PageInit) referenced from ui.o(.constdata)
 <LI><a href="#[70]">PROCESS_ShortDownKey_Of_PageMainMenu</a> from ui.o(i.PROCESS_ShortDownKey_Of_PageMainMenu) referenced from ui.o(.constdata)
 <LI><a href="#[8e]">PROCESS_ShortDownKey_Of_PageParaBak</a> from ui.o(i.PROCESS_ShortDownKey_Of_PageParaBak) referenced from ui.o(.constdata)
 <LI><a href="#[5e]">PROCESS_ShortDownKey_Of_PageRGZS</a> from ui.o(i.PROCESS_ShortDownKey_Of_PageRGZS) referenced from ui.o(.constdata)
 <LI><a href="#[7c]">PROCESS_ShortDownKey_Of_PageSensorMotherConfig</a> from ui.o(i.PROCESS_ShortDownKey_Of_PageSensorMotherConfig) referenced from ui.o(.constdata)
 <LI><a href="#[82]">PROCESS_ShortDownKey_Of_PageSensorSonPara</a> from ui.o(i.PROCESS_ShortDownKey_Of_PageSensorSonPara) referenced from ui.o(.constdata)
 <LI><a href="#[88]">PROCESS_ShortDownKey_Of_PageTestSend</a> from ui.o(i.PROCESS_ShortDownKey_Of_PageTestSend) referenced from ui.o(.constdata)
 <LI><a href="#[6b]">PROCESS_ShortNumKey_Of_PageCodeChange</a> from ui.o(i.PROCESS_ShortNumKey_Of_PageCodeChange) referenced from ui.o(.constdata)
 <LI><a href="#[65]">PROCESS_ShortNumKey_Of_PageCodeEnt</a> from ui.o(i.PROCESS_ShortNumKey_Of_PageCodeEnt) referenced from ui.o(.constdata)
 <LI><a href="#[ad]">PROCESS_ShortNumKey_Of_PageDTUChan1Set</a> from ui.o(i.PROCESS_ShortNumKey_Of_PageDTUChan1Set) referenced from ui.o(.constdata)
 <LI><a href="#[b3]">PROCESS_ShortNumKey_Of_PageDTUChan2Set</a> from ui.o(i.PROCESS_ShortNumKey_Of_PageDTUChan2Set) referenced from ui.o(.constdata)
 <LI><a href="#[b9]">PROCESS_ShortNumKey_Of_PageDTUChan3Set</a> from ui.o(i.PROCESS_ShortNumKey_Of_PageDTUChan3Set) referenced from ui.o(.constdata)
 <LI><a href="#[bf]">PROCESS_ShortNumKey_Of_PageDTUChan4Set</a> from ui.o(i.PROCESS_ShortNumKey_Of_PageDTUChan4Set) referenced from ui.o(.constdata)
 <LI><a href="#[a1]">PROCESS_ShortNumKey_Of_PageDTURunModeSet</a> from ui.o(i.PROCESS_ShortNumKey_Of_PageDTURunModeSet) referenced from ui.o(.constdata)
 <LI><a href="#[a7]">PROCESS_ShortNumKey_Of_PageDTUSMSSet</a> from ui.o(i.PROCESS_ShortNumKey_Of_PageDTUSMSSet) referenced from ui.o(.constdata)
 <LI><a href="#[9b]">PROCESS_ShortNumKey_Of_PageDTUServerSet</a> from ui.o(i.PROCESS_ShortNumKey_Of_PageDTUServerSet) referenced from ui.o(.constdata)
 <LI><a href="#[77]">PROCESS_ShortNumKey_Of_PageDTUSet</a> from ui.o(i.PROCESS_ShortNumKey_Of_PageDTUSet) referenced from ui.o(.constdata)
 <LI><a href="#[95]">PROCESS_ShortNumKey_Of_PageDateTimeSet</a> from ui.o(i.PROCESS_ShortNumKey_Of_PageDateTimeSet) referenced from ui.o(.constdata)
 <LI><a href="#[59]">PROCESS_ShortNumKey_Of_PageDefault</a> from ui.o(i.PROCESS_ShortNumKey_Of_PageDefault) referenced from ui.o(.constdata)
 <LI><a href="#[53]">PROCESS_ShortNumKey_Of_PageInit</a> from ui.o(i.PROCESS_ShortNumKey_Of_PageInit) referenced from ui.o(.constdata)
 <LI><a href="#[71]">PROCESS_ShortNumKey_Of_PageMainMenu</a> from ui.o(i.PROCESS_ShortNumKey_Of_PageMainMenu) referenced from ui.o(.constdata)
 <LI><a href="#[8f]">PROCESS_ShortNumKey_Of_PageParaBak</a> from ui.o(i.PROCESS_ShortNumKey_Of_PageParaBak) referenced from ui.o(.constdata)
 <LI><a href="#[5f]">PROCESS_ShortNumKey_Of_PageRGZS</a> from ui.o(i.PROCESS_ShortNumKey_Of_PageRGZS) referenced from ui.o(.constdata)
 <LI><a href="#[7d]">PROCESS_ShortNumKey_Of_PageSensorMotherConfig</a> from ui.o(i.PROCESS_ShortNumKey_Of_PageSensorMotherConfig) referenced from ui.o(.constdata)
 <LI><a href="#[83]">PROCESS_ShortNumKey_Of_PageSensorSonPara</a> from ui.o(i.PROCESS_ShortNumKey_Of_PageSensorSonPara) referenced from ui.o(.constdata)
 <LI><a href="#[89]">PROCESS_ShortNumKey_Of_PageTestSend</a> from ui.o(i.PROCESS_ShortNumKey_Of_PageTestSend) referenced from ui.o(.constdata)
 <LI><a href="#[67]">PROCESS_ShortOkKey_Of_PageCodeChange</a> from ui.o(i.PROCESS_ShortOkKey_Of_PageCodeChange) referenced from ui.o(.constdata)
 <LI><a href="#[61]">PROCESS_ShortOkKey_Of_PageCodeEnt</a> from ui.o(i.PROCESS_ShortOkKey_Of_PageCodeEnt) referenced from ui.o(.constdata)
 <LI><a href="#[a9]">PROCESS_ShortOkKey_Of_PageDTUChan1Set</a> from ui.o(i.PROCESS_ShortOkKey_Of_PageDTUChan1Set) referenced from ui.o(.constdata)
 <LI><a href="#[af]">PROCESS_ShortOkKey_Of_PageDTUChan2Set</a> from ui.o(i.PROCESS_ShortOkKey_Of_PageDTUChan2Set) referenced from ui.o(.constdata)
 <LI><a href="#[b5]">PROCESS_ShortOkKey_Of_PageDTUChan3Set</a> from ui.o(i.PROCESS_ShortOkKey_Of_PageDTUChan3Set) referenced from ui.o(.constdata)
 <LI><a href="#[bb]">PROCESS_ShortOkKey_Of_PageDTUChan4Set</a> from ui.o(i.PROCESS_ShortOkKey_Of_PageDTUChan4Set) referenced from ui.o(.constdata)
 <LI><a href="#[9d]">PROCESS_ShortOkKey_Of_PageDTURunModeSet</a> from ui.o(i.PROCESS_ShortOkKey_Of_PageDTURunModeSet) referenced from ui.o(.constdata)
 <LI><a href="#[a3]">PROCESS_ShortOkKey_Of_PageDTUSMSSet</a> from ui.o(i.PROCESS_ShortOkKey_Of_PageDTUSMSSet) referenced from ui.o(.constdata)
 <LI><a href="#[97]">PROCESS_ShortOkKey_Of_PageDTUServerSet</a> from ui.o(i.PROCESS_ShortOkKey_Of_PageDTUServerSet) referenced from ui.o(.constdata)
 <LI><a href="#[73]">PROCESS_ShortOkKey_Of_PageDTUSet</a> from ui.o(i.PROCESS_ShortOkKey_Of_PageDTUSet) referenced from ui.o(.constdata)
 <LI><a href="#[91]">PROCESS_ShortOkKey_Of_PageDateTimeSet</a> from ui.o(i.PROCESS_ShortOkKey_Of_PageDateTimeSet) referenced from ui.o(.constdata)
 <LI><a href="#[55]">PROCESS_ShortOkKey_Of_PageDefault</a> from ui.o(i.PROCESS_ShortOkKey_Of_PageDefault) referenced from ui.o(.constdata)
 <LI><a href="#[4f]">PROCESS_ShortOkKey_Of_PageInit</a> from ui.o(i.PROCESS_ShortOkKey_Of_PageInit) referenced from ui.o(.constdata)
 <LI><a href="#[6d]">PROCESS_ShortOkKey_Of_PageMainMenu</a> from ui.o(i.PROCESS_ShortOkKey_Of_PageMainMenu) referenced from ui.o(.constdata)
 <LI><a href="#[8b]">PROCESS_ShortOkKey_Of_PageParaBak</a> from ui.o(i.PROCESS_ShortOkKey_Of_PageParaBak) referenced from ui.o(.constdata)
 <LI><a href="#[5b]">PROCESS_ShortOkKey_Of_PageRGZS</a> from ui.o(i.PROCESS_ShortOkKey_Of_PageRGZS) referenced from ui.o(.constdata)
 <LI><a href="#[79]">PROCESS_ShortOkKey_Of_PageSensorMotherConfig</a> from ui.o(i.PROCESS_ShortOkKey_Of_PageSensorMotherConfig) referenced from ui.o(.constdata)
 <LI><a href="#[7f]">PROCESS_ShortOkKey_Of_PageSensorSonPara</a> from ui.o(i.PROCESS_ShortOkKey_Of_PageSensorSonPara) referenced from ui.o(.constdata)
 <LI><a href="#[85]">PROCESS_ShortOkKey_Of_PageTestSend</a> from ui.o(i.PROCESS_ShortOkKey_Of_PageTestSend) referenced from ui.o(.constdata)
 <LI><a href="#[66]">PROCESS_ShortSetKey_Of_PageCodeChange</a> from ui.o(i.PROCESS_ShortSetKey_Of_PageCodeChange) referenced from ui.o(.constdata)
 <LI><a href="#[60]">PROCESS_ShortSetKey_Of_PageCodeEnt</a> from ui.o(i.PROCESS_ShortSetKey_Of_PageCodeEnt) referenced from ui.o(.constdata)
 <LI><a href="#[a8]">PROCESS_ShortSetKey_Of_PageDTUChan1Set</a> from ui.o(i.PROCESS_ShortSetKey_Of_PageDTUChan1Set) referenced from ui.o(.constdata)
 <LI><a href="#[ae]">PROCESS_ShortSetKey_Of_PageDTUChan2Set</a> from ui.o(i.PROCESS_ShortSetKey_Of_PageDTUChan2Set) referenced from ui.o(.constdata)
 <LI><a href="#[b4]">PROCESS_ShortSetKey_Of_PageDTUChan3Set</a> from ui.o(i.PROCESS_ShortSetKey_Of_PageDTUChan3Set) referenced from ui.o(.constdata)
 <LI><a href="#[ba]">PROCESS_ShortSetKey_Of_PageDTUChan4Set</a> from ui.o(i.PROCESS_ShortSetKey_Of_PageDTUChan4Set) referenced from ui.o(.constdata)
 <LI><a href="#[9c]">PROCESS_ShortSetKey_Of_PageDTURunModeSet</a> from ui.o(i.PROCESS_ShortSetKey_Of_PageDTURunModeSet) referenced from ui.o(.constdata)
 <LI><a href="#[a2]">PROCESS_ShortSetKey_Of_PageDTUSMSSet</a> from ui.o(i.PROCESS_ShortSetKey_Of_PageDTUSMSSet) referenced from ui.o(.constdata)
 <LI><a href="#[96]">PROCESS_ShortSetKey_Of_PageDTUServerSet</a> from ui.o(i.PROCESS_ShortSetKey_Of_PageDTUServerSet) referenced from ui.o(.constdata)
 <LI><a href="#[72]">PROCESS_ShortSetKey_Of_PageDTUSet</a> from ui.o(i.PROCESS_ShortSetKey_Of_PageDTUSet) referenced from ui.o(.constdata)
 <LI><a href="#[90]">PROCESS_ShortSetKey_Of_PageDateTimeSet</a> from ui.o(i.PROCESS_ShortSetKey_Of_PageDateTimeSet) referenced from ui.o(.constdata)
 <LI><a href="#[54]">PROCESS_ShortSetKey_Of_PageDefault</a> from ui.o(i.PROCESS_ShortSetKey_Of_PageDefault) referenced from ui.o(.constdata)
 <LI><a href="#[4e]">PROCESS_ShortSetKey_Of_PageInit</a> from ui.o(i.PROCESS_ShortSetKey_Of_PageInit) referenced from ui.o(.constdata)
 <LI><a href="#[6c]">PROCESS_ShortSetKey_Of_PageMainMenu</a> from ui.o(i.PROCESS_ShortSetKey_Of_PageMainMenu) referenced from ui.o(.constdata)
 <LI><a href="#[8a]">PROCESS_ShortSetKey_Of_PageParaBak</a> from ui.o(i.PROCESS_ShortSetKey_Of_PageParaBak) referenced from ui.o(.constdata)
 <LI><a href="#[5a]">PROCESS_ShortSetKey_Of_PageRGZS</a> from ui.o(i.PROCESS_ShortSetKey_Of_PageRGZS) referenced from ui.o(.constdata)
 <LI><a href="#[78]">PROCESS_ShortSetKey_Of_PageSensorMotherConfig</a> from ui.o(i.PROCESS_ShortSetKey_Of_PageSensorMotherConfig) referenced from ui.o(.constdata)
 <LI><a href="#[7e]">PROCESS_ShortSetKey_Of_PageSensorSonPara</a> from ui.o(i.PROCESS_ShortSetKey_Of_PageSensorSonPara) referenced from ui.o(.constdata)
 <LI><a href="#[84]">PROCESS_ShortSetKey_Of_PageTestSend</a> from ui.o(i.PROCESS_ShortSetKey_Of_PageTestSend) referenced from ui.o(.constdata)
 <LI><a href="#[69]">PROCESS_ShortUpKey_Of_PageCodeChange</a> from ui.o(i.PROCESS_ShortUpKey_Of_PageCodeChange) referenced from ui.o(.constdata)
 <LI><a href="#[63]">PROCESS_ShortUpKey_Of_PageCodeEnt</a> from ui.o(i.PROCESS_ShortUpKey_Of_PageCodeEnt) referenced from ui.o(.constdata)
 <LI><a href="#[ab]">PROCESS_ShortUpKey_Of_PageDTUChan1Set</a> from ui.o(i.PROCESS_ShortUpKey_Of_PageDTUChan1Set) referenced from ui.o(.constdata)
 <LI><a href="#[b1]">PROCESS_ShortUpKey_Of_PageDTUChan2Set</a> from ui.o(i.PROCESS_ShortUpKey_Of_PageDTUChan2Set) referenced from ui.o(.constdata)
 <LI><a href="#[b7]">PROCESS_ShortUpKey_Of_PageDTUChan3Set</a> from ui.o(i.PROCESS_ShortUpKey_Of_PageDTUChan3Set) referenced from ui.o(.constdata)
 <LI><a href="#[bd]">PROCESS_ShortUpKey_Of_PageDTUChan4Set</a> from ui.o(i.PROCESS_ShortUpKey_Of_PageDTUChan4Set) referenced from ui.o(.constdata)
 <LI><a href="#[9f]">PROCESS_ShortUpKey_Of_PageDTURunModeSet</a> from ui.o(i.PROCESS_ShortUpKey_Of_PageDTURunModeSet) referenced from ui.o(.constdata)
 <LI><a href="#[a5]">PROCESS_ShortUpKey_Of_PageDTUSMSSet</a> from ui.o(i.PROCESS_ShortUpKey_Of_PageDTUSMSSet) referenced from ui.o(.constdata)
 <LI><a href="#[99]">PROCESS_ShortUpKey_Of_PageDTUServerSet</a> from ui.o(i.PROCESS_ShortUpKey_Of_PageDTUServerSet) referenced from ui.o(.constdata)
 <LI><a href="#[75]">PROCESS_ShortUpKey_Of_PageDTUSet</a> from ui.o(i.PROCESS_ShortUpKey_Of_PageDTUSet) referenced from ui.o(.constdata)
 <LI><a href="#[93]">PROCESS_ShortUpKey_Of_PageDateTimeSet</a> from ui.o(i.PROCESS_ShortUpKey_Of_PageDateTimeSet) referenced from ui.o(.constdata)
 <LI><a href="#[57]">PROCESS_ShortUpKey_Of_PageDefault</a> from ui.o(i.PROCESS_ShortUpKey_Of_PageDefault) referenced from ui.o(.constdata)
 <LI><a href="#[51]">PROCESS_ShortUpKey_Of_PageInit</a> from ui.o(i.PROCESS_ShortUpKey_Of_PageInit) referenced from ui.o(.constdata)
 <LI><a href="#[6f]">PROCESS_ShortUpKey_Of_PageMainMenu</a> from ui.o(i.PROCESS_ShortUpKey_Of_PageMainMenu) referenced from ui.o(.constdata)
 <LI><a href="#[8d]">PROCESS_ShortUpKey_Of_PageParaBak</a> from ui.o(i.PROCESS_ShortUpKey_Of_PageParaBak) referenced from ui.o(.constdata)
 <LI><a href="#[5d]">PROCESS_ShortUpKey_Of_PageRGZS</a> from ui.o(i.PROCESS_ShortUpKey_Of_PageRGZS) referenced from ui.o(.constdata)
 <LI><a href="#[7b]">PROCESS_ShortUpKey_Of_PageSensorMotherConfig</a> from ui.o(i.PROCESS_ShortUpKey_Of_PageSensorMotherConfig) referenced from ui.o(.constdata)
 <LI><a href="#[81]">PROCESS_ShortUpKey_Of_PageSensorSonPara</a> from ui.o(i.PROCESS_ShortUpKey_Of_PageSensorSonPara) referenced from ui.o(.constdata)
 <LI><a href="#[87]">PROCESS_ShortUpKey_Of_PageTestSend</a> from ui.o(i.PROCESS_ShortUpKey_Of_PageTestSend) referenced from ui.o(.constdata)
 <LI><a href="#[e]">PVD_IRQHandler</a> from startup_stm32f10x_hd.o(.text) referenced from startup_stm32f10x_hd.o(RESET)
 <LI><a href="#[b]">PendSV_Handler</a> from stm32f10x_it.o(i.PendSV_Handler) referenced from startup_stm32f10x_hd.o(RESET)
 <LI><a href="#[12]">RCC_IRQHandler</a> from startup_stm32f10x_hd.o(.text) referenced from startup_stm32f10x_hd.o(RESET)
 <LI><a href="#[36]">RTCAlarm_IRQHandler</a> from startup_stm32f10x_hd.o(.text) referenced from startup_stm32f10x_hd.o(RESET)
 <LI><a href="#[10]">RTC_IRQHandler</a> from startup_stm32f10x_hd.o(.text) referenced from startup_stm32f10x_hd.o(RESET)
 <LI><a href="#[145]">Reset_Handler</a> from startup_stm32f10x_hd.o(.text) referenced from startup_stm32f10x_hd.o(RESET)
 <LI><a href="#[3e]">SDIO_IRQHandler</a> from startup_stm32f10x_hd.o(.text) referenced from startup_stm32f10x_hd.o(RESET)
 <LI><a href="#[136]">SHOW_PageCodeChange</a> from ui.o(i.SHOW_PageCodeChange) referenced from ui.o(.constdata)
 <LI><a href="#[135]">SHOW_PageCodeEnt</a> from ui.o(i.SHOW_PageCodeEnt) referenced from ui.o(.constdata)
 <LI><a href="#[141]">SHOW_PageDTUChan1Set</a> from ui.o(i.SHOW_PageDTUChan1Set) referenced from ui.o(.constdata)
 <LI><a href="#[142]">SHOW_PageDTUChan2Set</a> from ui.o(i.SHOW_PageDTUChan2Set) referenced from ui.o(.constdata)
 <LI><a href="#[143]">SHOW_PageDTUChan3Set</a> from ui.o(i.SHOW_PageDTUChan3Set) referenced from ui.o(.constdata)
 <LI><a href="#[144]">SHOW_PageDTUChan4Set</a> from ui.o(i.SHOW_PageDTUChan4Set) referenced from ui.o(.constdata)
 <LI><a href="#[13f]">SHOW_PageDTURunModeSet</a> from ui.o(i.SHOW_PageDTURunModeSet) referenced from ui.o(.constdata)
 <LI><a href="#[140]">SHOW_PageDTUSMSSet</a> from ui.o(i.SHOW_PageDTUSMSSet) referenced from ui.o(.constdata)
 <LI><a href="#[13e]">SHOW_PageDTUServerSet</a> from ui.o(i.SHOW_PageDTUServerSet) referenced from ui.o(.constdata)
 <LI><a href="#[138]">SHOW_PageDTUSet</a> from ui.o(i.SHOW_PageDTUSet) referenced from ui.o(.constdata)
 <LI><a href="#[13d]">SHOW_PageDateTimeSet</a> from ui.o(i.SHOW_PageDateTimeSet) referenced from ui.o(.constdata)
 <LI><a href="#[133]">SHOW_PageDefault</a> from ui.o(i.SHOW_PageDefault) referenced from ui.o(.constdata)
 <LI><a href="#[132]">SHOW_PageInit</a> from ui.o(i.SHOW_PageInit) referenced from ui.o(.constdata)
 <LI><a href="#[137]">SHOW_PageMainMenu</a> from ui.o(i.SHOW_PageMainMenu) referenced from ui.o(.constdata)
 <LI><a href="#[13c]">SHOW_PageParaBak</a> from ui.o(i.SHOW_PageParaBak) referenced from ui.o(.constdata)
 <LI><a href="#[134]">SHOW_PageRGZS</a> from ui.o(i.SHOW_PageRGZS) referenced from ui.o(.constdata)
 <LI><a href="#[139]">SHOW_PageSensorMotherConfig</a> from ui.o(i.SHOW_PageSensorMotherConfig) referenced from ui.o(.constdata)
 <LI><a href="#[13a]">SHOW_PageSensorSonPara</a> from ui.o(i.SHOW_PageSensorSonPara) referenced from ui.o(.constdata)
 <LI><a href="#[13b]">SHOW_PageTestSend</a> from ui.o(i.SHOW_PageTestSend) referenced from ui.o(.constdata)
 <LI><a href="#[30]">SPI1_IRQHandler</a> from startup_stm32f10x_hd.o(.text) referenced from startup_stm32f10x_hd.o(RESET)
 <LI><a href="#[31]">SPI2_IRQHandler</a> from startup_stm32f10x_hd.o(.text) referenced from startup_stm32f10x_hd.o(RESET)
 <LI><a href="#[40]">SPI3_IRQHandler</a> from startup_stm32f10x_hd.o(.text) referenced from startup_stm32f10x_hd.o(RESET)
 <LI><a href="#[9]">SVC_Handler</a> from stm32f10x_it.o(i.SVC_Handler) referenced from startup_stm32f10x_hd.o(RESET)
 <LI><a href="#[c]">SysTick_Handler</a> from stm32f10x_it.o(i.SysTick_Handler) referenced from startup_stm32f10x_hd.o(RESET)
 <LI><a href="#[49]">SystemInit</a> from system_stm32f10x.o(i.SystemInit) referenced from startup_stm32f10x_hd.o(.text)
 <LI><a href="#[f]">TAMPER_IRQHandler</a> from startup_stm32f10x_hd.o(.text) referenced from startup_stm32f10x_hd.o(RESET)
 <LI><a href="#[25]">TIM1_BRK_IRQHandler</a> from startup_stm32f10x_hd.o(.text) referenced from startup_stm32f10x_hd.o(RESET)
 <LI><a href="#[28]">TIM1_CC_IRQHandler</a> from startup_stm32f10x_hd.o(.text) referenced from startup_stm32f10x_hd.o(RESET)
 <LI><a href="#[27]">TIM1_TRG_COM_IRQHandler</a> from startup_stm32f10x_hd.o(.text) referenced from startup_stm32f10x_hd.o(RESET)
 <LI><a href="#[26]">TIM1_UP_IRQHandler</a> from startup_stm32f10x_hd.o(.text) referenced from startup_stm32f10x_hd.o(RESET)
 <LI><a href="#[29]">TIM2_IRQHandler</a> from startup_stm32f10x_hd.o(.text) referenced from startup_stm32f10x_hd.o(RESET)
 <LI><a href="#[2a]">TIM3_IRQHandler</a> from startup_stm32f10x_hd.o(.text) referenced from startup_stm32f10x_hd.o(RESET)
 <LI><a href="#[2b]">TIM4_IRQHandler</a> from startup_stm32f10x_hd.o(.text) referenced from startup_stm32f10x_hd.o(RESET)
 <LI><a href="#[3f]">TIM5_IRQHandler</a> from startup_stm32f10x_hd.o(.text) referenced from startup_stm32f10x_hd.o(RESET)
 <LI><a href="#[43]">TIM6_IRQHandler</a> from startup_stm32f10x_hd.o(.text) referenced from startup_stm32f10x_hd.o(RESET)
 <LI><a href="#[44]">TIM7_IRQHandler</a> from startup_stm32f10x_hd.o(.text) referenced from startup_stm32f10x_hd.o(RESET)
 <LI><a href="#[38]">TIM8_BRK_IRQHandler</a> from startup_stm32f10x_hd.o(.text) referenced from startup_stm32f10x_hd.o(RESET)
 <LI><a href="#[3b]">TIM8_CC_IRQHandler</a> from startup_stm32f10x_hd.o(.text) referenced from startup_stm32f10x_hd.o(RESET)
 <LI><a href="#[3a]">TIM8_TRG_COM_IRQHandler</a> from startup_stm32f10x_hd.o(.text) referenced from startup_stm32f10x_hd.o(RESET)
 <LI><a href="#[39]">TIM8_UP_IRQHandler</a> from startup_stm32f10x_hd.o(.text) referenced from startup_stm32f10x_hd.o(RESET)
 <LI><a href="#[41]">UART4_IRQHandler</a> from startup_stm32f10x_hd.o(.text) referenced from startup_stm32f10x_hd.o(RESET)
 <LI><a href="#[42]">UART5_IRQHandler</a> from startup_stm32f10x_hd.o(.text) referenced from startup_stm32f10x_hd.o(RESET)
 <LI><a href="#[32]">USART1_IRQHandler</a> from usart.o(i.USART1_IRQHandler) referenced from startup_stm32f10x_hd.o(RESET)
 <LI><a href="#[33]">USART2_IRQHandler</a> from startup_stm32f10x_hd.o(.text) referenced from startup_stm32f10x_hd.o(RESET)
 <LI><a href="#[34]">USART3_IRQHandler</a> from startup_stm32f10x_hd.o(.text) referenced from startup_stm32f10x_hd.o(RESET)
 <LI><a href="#[37]">USBWakeUp_IRQHandler</a> from startup_stm32f10x_hd.o(.text) referenced from startup_stm32f10x_hd.o(RESET)
 <LI><a href="#[20]">USB_HP_CAN1_TX_IRQHandler</a> from startup_stm32f10x_hd.o(.text) referenced from startup_stm32f10x_hd.o(RESET)
 <LI><a href="#[21]">USB_LP_CAN1_RX0_IRQHandler</a> from startup_stm32f10x_hd.o(.text) referenced from startup_stm32f10x_hd.o(RESET)
 <LI><a href="#[8]">UsageFault_Handler</a> from stm32f10x_it.o(i.UsageFault_Handler) referenced from startup_stm32f10x_hd.o(RESET)
 <LI><a href="#[d]">WWDG_IRQHandler</a> from startup_stm32f10x_hd.o(.text) referenced from startup_stm32f10x_hd.o(RESET)
 <LI><a href="#[146]">__main</a> from __main.o(!!!main) referenced from startup_stm32f10x_hd.o(.text)
 <LI><a href="#[4c]">_printf_input_char</a> from _printf_char_common.o(.text) referenced from _printf_char_common.o(.text)
 <LI><a href="#[4b]">_sputc</a> from _sputc.o(.text) referenced from noretval__2sprintf.o(.text)
</UL>
<P>
<H3>
Global Symbols
</H3>
<P><STRONG><a name="[146]"></a>__main</STRONG> (Thumb, 8 bytes, Stack size 0 bytes, __main.o(!!!main))
<BR><BR>[Calls]<UL><LI><a href="#[148]">&gt;&gt;</a>&nbsp;&nbsp;&nbsp;__scatterload
<LI><a href="#[149]">&gt;&gt;</a>&nbsp;&nbsp;&nbsp;__rt_entry
</UL>

<P><STRONG><a name="[148]"></a>__scatterload</STRONG> (Thumb, 0 bytes, Stack size unknown bytes, __scatter.o(!!!scatter))
<BR><BR>[Called By]<UL><LI><a href="#[146]">&gt;&gt;</a>&nbsp;&nbsp;&nbsp;__main
</UL>

<P><STRONG><a name="[14a]"></a>__scatterload_rt2</STRONG> (Thumb, 44 bytes, Stack size unknown bytes, __scatter.o(!!!scatter), UNUSED)
<BR><BR>[Calls]<UL><LI><a href="#[149]">&gt;&gt;</a>&nbsp;&nbsp;&nbsp;__rt_entry
</UL>

<P><STRONG><a name="[1a2]"></a>__scatterload_rt2_thumb_only</STRONG> (Thumb, 0 bytes, Stack size unknown bytes, __scatter.o(!!!scatter), UNUSED)

<P><STRONG><a name="[1a3]"></a>__scatterload_null</STRONG> (Thumb, 0 bytes, Stack size unknown bytes, __scatter.o(!!!scatter), UNUSED)

<P><STRONG><a name="[14b]"></a>__scatterload_copy</STRONG> (Thumb, 26 bytes, Stack size unknown bytes, __scatter_copy.o(!!handler_copy), UNUSED)
<BR><BR>[Calls]<UL><LI><a href="#[14b]">&gt;&gt;</a>&nbsp;&nbsp;&nbsp;__scatterload_copy
</UL>
<BR>[Called By]<UL><LI><a href="#[14b]">&gt;&gt;</a>&nbsp;&nbsp;&nbsp;__scatterload_copy
</UL>

<P><STRONG><a name="[1a4]"></a>__scatterload_zeroinit</STRONG> (Thumb, 28 bytes, Stack size unknown bytes, __scatter_zi.o(!!handler_zi), UNUSED)

<P><STRONG><a name="[14c]"></a>_printf_d</STRONG> (Thumb, 0 bytes, Stack size unknown bytes, _printf_d.o(.ARM.Collect$$_printf_percent$$00000009))
<BR><BR>[Stack]<UL><LI>Max Depth = 56 + Unknown Stack Size
<LI>Call Chain = _printf_d &rArr; _printf_int_dec &rArr; _printf_int_common
</UL>
<BR>[Calls]<UL><LI><a href="#[14d]">&gt;&gt;</a>&nbsp;&nbsp;&nbsp;_printf_int_dec
</UL>

<P><STRONG><a name="[15c]"></a>_printf_percent</STRONG> (Thumb, 0 bytes, Stack size unknown bytes, _printf_percent.o(.ARM.Collect$$_printf_percent$$00000000))
<BR><BR>[Called By]<UL><LI><a href="#[15b]">&gt;&gt;</a>&nbsp;&nbsp;&nbsp;__printf
</UL>

<P><STRONG><a name="[1a5]"></a>_printf_percent_end</STRONG> (Thumb, 0 bytes, Stack size unknown bytes, _printf_percent_end.o(.ARM.Collect$$_printf_percent$$00000017))

<P><STRONG><a name="[151]"></a>__rt_lib_init</STRONG> (Thumb, 0 bytes, Stack size unknown bytes, libinit.o(.ARM.Collect$$libinit$$00000000))
<BR><BR>[Called By]<UL><LI><a href="#[150]">&gt;&gt;</a>&nbsp;&nbsp;&nbsp;__rt_entry_li
</UL>

<P><STRONG><a name="[1a6]"></a>__rt_lib_init_alloca_1</STRONG> (Thumb, 0 bytes, Stack size unknown bytes, libinit2.o(.ARM.Collect$$libinit$$0000002E))

<P><STRONG><a name="[1a7]"></a>__rt_lib_init_argv_1</STRONG> (Thumb, 0 bytes, Stack size unknown bytes, libinit2.o(.ARM.Collect$$libinit$$0000002C))

<P><STRONG><a name="[1a8]"></a>__rt_lib_init_atexit_1</STRONG> (Thumb, 0 bytes, Stack size unknown bytes, libinit2.o(.ARM.Collect$$libinit$$0000001B))

<P><STRONG><a name="[1a9]"></a>__rt_lib_init_clock_1</STRONG> (Thumb, 0 bytes, Stack size unknown bytes, libinit2.o(.ARM.Collect$$libinit$$00000021))

<P><STRONG><a name="[1aa]"></a>__rt_lib_init_cpp_1</STRONG> (Thumb, 0 bytes, Stack size unknown bytes, libinit2.o(.ARM.Collect$$libinit$$00000032))

<P><STRONG><a name="[1ab]"></a>__rt_lib_init_exceptions_1</STRONG> (Thumb, 0 bytes, Stack size unknown bytes, libinit2.o(.ARM.Collect$$libinit$$00000030))

<P><STRONG><a name="[1ac]"></a>__rt_lib_init_fp_1</STRONG> (Thumb, 0 bytes, Stack size unknown bytes, libinit2.o(.ARM.Collect$$libinit$$00000002))

<P><STRONG><a name="[1ad]"></a>__rt_lib_init_fp_trap_1</STRONG> (Thumb, 0 bytes, Stack size unknown bytes, libinit2.o(.ARM.Collect$$libinit$$0000001F))

<P><STRONG><a name="[1ae]"></a>__rt_lib_init_getenv_1</STRONG> (Thumb, 0 bytes, Stack size unknown bytes, libinit2.o(.ARM.Collect$$libinit$$00000023))

<P><STRONG><a name="[1af]"></a>__rt_lib_init_heap_1</STRONG> (Thumb, 0 bytes, Stack size unknown bytes, libinit2.o(.ARM.Collect$$libinit$$0000000A))

<P><STRONG><a name="[1b0]"></a>__rt_lib_init_lc_collate_1</STRONG> (Thumb, 0 bytes, Stack size unknown bytes, libinit2.o(.ARM.Collect$$libinit$$00000011))

<P><STRONG><a name="[1b1]"></a>__rt_lib_init_lc_ctype_1</STRONG> (Thumb, 0 bytes, Stack size unknown bytes, libinit2.o(.ARM.Collect$$libinit$$00000013))

<P><STRONG><a name="[1b2]"></a>__rt_lib_init_lc_monetary_1</STRONG> (Thumb, 0 bytes, Stack size unknown bytes, libinit2.o(.ARM.Collect$$libinit$$00000015))

<P><STRONG><a name="[1b3]"></a>__rt_lib_init_lc_numeric_1</STRONG> (Thumb, 0 bytes, Stack size unknown bytes, libinit2.o(.ARM.Collect$$libinit$$00000017))

<P><STRONG><a name="[1b4]"></a>__rt_lib_init_lc_time_1</STRONG> (Thumb, 0 bytes, Stack size unknown bytes, libinit2.o(.ARM.Collect$$libinit$$00000019))

<P><STRONG><a name="[1b5]"></a>__rt_lib_init_preinit_1</STRONG> (Thumb, 0 bytes, Stack size unknown bytes, libinit2.o(.ARM.Collect$$libinit$$00000004))

<P><STRONG><a name="[1b6]"></a>__rt_lib_init_rand_1</STRONG> (Thumb, 0 bytes, Stack size unknown bytes, libinit2.o(.ARM.Collect$$libinit$$0000000E))

<P><STRONG><a name="[1b7]"></a>__rt_lib_init_return</STRONG> (Thumb, 0 bytes, Stack size unknown bytes, libinit2.o(.ARM.Collect$$libinit$$00000033))

<P><STRONG><a name="[1b8]"></a>__rt_lib_init_signal_1</STRONG> (Thumb, 0 bytes, Stack size unknown bytes, libinit2.o(.ARM.Collect$$libinit$$0000001D))

<P><STRONG><a name="[1b9]"></a>__rt_lib_init_stdio_1</STRONG> (Thumb, 0 bytes, Stack size unknown bytes, libinit2.o(.ARM.Collect$$libinit$$00000025))

<P><STRONG><a name="[1ba]"></a>__rt_lib_init_user_alloc_1</STRONG> (Thumb, 0 bytes, Stack size unknown bytes, libinit2.o(.ARM.Collect$$libinit$$0000000C))

<P><STRONG><a name="[156]"></a>__rt_lib_shutdown</STRONG> (Thumb, 0 bytes, Stack size unknown bytes, libshutdown.o(.ARM.Collect$$libshutdown$$00000000))
<BR><BR>[Called By]<UL><LI><a href="#[155]">&gt;&gt;</a>&nbsp;&nbsp;&nbsp;__rt_exit_ls
</UL>

<P><STRONG><a name="[1bb]"></a>__rt_lib_shutdown_cpp_1</STRONG> (Thumb, 0 bytes, Stack size unknown bytes, libshutdown2.o(.ARM.Collect$$libshutdown$$00000002))

<P><STRONG><a name="[1bc]"></a>__rt_lib_shutdown_fp_trap_1</STRONG> (Thumb, 0 bytes, Stack size unknown bytes, libshutdown2.o(.ARM.Collect$$libshutdown$$00000007))

<P><STRONG><a name="[1bd]"></a>__rt_lib_shutdown_heap_1</STRONG> (Thumb, 0 bytes, Stack size unknown bytes, libshutdown2.o(.ARM.Collect$$libshutdown$$0000000F))

<P><STRONG><a name="[1be]"></a>__rt_lib_shutdown_return</STRONG> (Thumb, 0 bytes, Stack size unknown bytes, libshutdown2.o(.ARM.Collect$$libshutdown$$00000010))

<P><STRONG><a name="[1bf]"></a>__rt_lib_shutdown_signal_1</STRONG> (Thumb, 0 bytes, Stack size unknown bytes, libshutdown2.o(.ARM.Collect$$libshutdown$$0000000A))

<P><STRONG><a name="[1c0]"></a>__rt_lib_shutdown_stdio_1</STRONG> (Thumb, 0 bytes, Stack size unknown bytes, libshutdown2.o(.ARM.Collect$$libshutdown$$00000004))

<P><STRONG><a name="[1c1]"></a>__rt_lib_shutdown_user_alloc_1</STRONG> (Thumb, 0 bytes, Stack size unknown bytes, libshutdown2.o(.ARM.Collect$$libshutdown$$0000000C))

<P><STRONG><a name="[149]"></a>__rt_entry</STRONG> (Thumb, 0 bytes, Stack size unknown bytes, __rtentry.o(.ARM.Collect$$rtentry$$00000000))
<BR><BR>[Called By]<UL><LI><a href="#[14a]">&gt;&gt;</a>&nbsp;&nbsp;&nbsp;__scatterload_rt2
<LI><a href="#[146]">&gt;&gt;</a>&nbsp;&nbsp;&nbsp;__main
</UL>

<P><STRONG><a name="[1c2]"></a>__rt_entry_presh_1</STRONG> (Thumb, 0 bytes, Stack size unknown bytes, __rtentry2.o(.ARM.Collect$$rtentry$$00000002))

<P><STRONG><a name="[14e]"></a>__rt_entry_sh</STRONG> (Thumb, 0 bytes, Stack size unknown bytes, __rtentry4.o(.ARM.Collect$$rtentry$$00000004))
<BR><BR>[Stack]<UL><LI>Max Depth = 8 + Unknown Stack Size
<LI>Call Chain = __rt_entry_sh &rArr; __user_setup_stackheap
</UL>
<BR>[Calls]<UL><LI><a href="#[14f]">&gt;&gt;</a>&nbsp;&nbsp;&nbsp;__user_setup_stackheap
</UL>

<P><STRONG><a name="[150]"></a>__rt_entry_li</STRONG> (Thumb, 0 bytes, Stack size unknown bytes, __rtentry2.o(.ARM.Collect$$rtentry$$0000000A))
<BR><BR>[Calls]<UL><LI><a href="#[151]">&gt;&gt;</a>&nbsp;&nbsp;&nbsp;__rt_lib_init
</UL>

<P><STRONG><a name="[1c3]"></a>__rt_entry_postsh_1</STRONG> (Thumb, 0 bytes, Stack size unknown bytes, __rtentry2.o(.ARM.Collect$$rtentry$$00000009))

<P><STRONG><a name="[152]"></a>__rt_entry_main</STRONG> (Thumb, 0 bytes, Stack size unknown bytes, __rtentry2.o(.ARM.Collect$$rtentry$$0000000D))
<BR><BR>[Stack]<UL><LI>Max Depth = 104 + Unknown Stack Size
<LI>Call Chain = __rt_entry_main &rArr; main &rArr; BSP_Init &rArr; KeyInit &rArr; GPIO_Init
</UL>
<BR>[Calls]<UL><LI><a href="#[153]">&gt;&gt;</a>&nbsp;&nbsp;&nbsp;main
<LI><a href="#[154]">&gt;&gt;</a>&nbsp;&nbsp;&nbsp;exit
</UL>

<P><STRONG><a name="[1c4]"></a>__rt_entry_postli_1</STRONG> (Thumb, 0 bytes, Stack size unknown bytes, __rtentry2.o(.ARM.Collect$$rtentry$$0000000C))

<P><STRONG><a name="[163]"></a>__rt_exit</STRONG> (Thumb, 0 bytes, Stack size unknown bytes, rtexit.o(.ARM.Collect$$rtexit$$00000000))
<BR><BR>[Called By]<UL><LI><a href="#[154]">&gt;&gt;</a>&nbsp;&nbsp;&nbsp;exit
</UL>

<P><STRONG><a name="[155]"></a>__rt_exit_ls</STRONG> (Thumb, 0 bytes, Stack size unknown bytes, rtexit2.o(.ARM.Collect$$rtexit$$00000003))
<BR><BR>[Calls]<UL><LI><a href="#[156]">&gt;&gt;</a>&nbsp;&nbsp;&nbsp;__rt_lib_shutdown
</UL>

<P><STRONG><a name="[1c5]"></a>__rt_exit_prels_1</STRONG> (Thumb, 0 bytes, Stack size unknown bytes, rtexit2.o(.ARM.Collect$$rtexit$$00000002))

<P><STRONG><a name="[157]"></a>__rt_exit_exit</STRONG> (Thumb, 0 bytes, Stack size unknown bytes, rtexit2.o(.ARM.Collect$$rtexit$$00000004))
<BR><BR>[Calls]<UL><LI><a href="#[158]">&gt;&gt;</a>&nbsp;&nbsp;&nbsp;_sys_exit
</UL>

<P><STRONG><a name="[145]"></a>Reset_Handler</STRONG> (Thumb, 8 bytes, Stack size 0 bytes, startup_stm32f10x_hd.o(.text))

<P><STRONG><a name="[1f]"></a>ADC1_2_IRQHandler</STRONG> (Thumb, 0 bytes, Stack size 0 bytes, startup_stm32f10x_hd.o(.text))
<BR><BR>[Calls]<UL><LI><a href="#[1f]">&gt;&gt;</a>&nbsp;&nbsp;&nbsp;ADC1_2_IRQHandler
</UL>
<BR>[Called By]<UL><LI><a href="#[1f]">&gt;&gt;</a>&nbsp;&nbsp;&nbsp;ADC1_2_IRQHandler
</UL>
<BR>[Address Reference Count : 1]<UL><LI> startup_stm32f10x_hd.o(RESET)
</UL>
<P><STRONG><a name="[3c]"></a>ADC3_IRQHandler</STRONG> (Thumb, 0 bytes, Stack size 0 bytes, startup_stm32f10x_hd.o(.text))
<BR>[Address Reference Count : 1]<UL><LI> startup_stm32f10x_hd.o(RESET)
</UL>
<P><STRONG><a name="[22]"></a>CAN1_RX1_IRQHandler</STRONG> (Thumb, 0 bytes, Stack size 0 bytes, startup_stm32f10x_hd.o(.text))
<BR>[Address Reference Count : 1]<UL><LI> startup_stm32f10x_hd.o(RESET)
</UL>
<P><STRONG><a name="[23]"></a>CAN1_SCE_IRQHandler</STRONG> (Thumb, 0 bytes, Stack size 0 bytes, startup_stm32f10x_hd.o(.text))
<BR>[Address Reference Count : 1]<UL><LI> startup_stm32f10x_hd.o(RESET)
</UL>
<P><STRONG><a name="[18]"></a>DMA1_Channel1_IRQHandler</STRONG> (Thumb, 0 bytes, Stack size 0 bytes, startup_stm32f10x_hd.o(.text))
<BR>[Address Reference Count : 1]<UL><LI> startup_stm32f10x_hd.o(RESET)
</UL>
<P><STRONG><a name="[19]"></a>DMA1_Channel2_IRQHandler</STRONG> (Thumb, 0 bytes, Stack size 0 bytes, startup_stm32f10x_hd.o(.text))
<BR>[Address Reference Count : 1]<UL><LI> startup_stm32f10x_hd.o(RESET)
</UL>
<P><STRONG><a name="[1a]"></a>DMA1_Channel3_IRQHandler</STRONG> (Thumb, 0 bytes, Stack size 0 bytes, startup_stm32f10x_hd.o(.text))
<BR>[Address Reference Count : 1]<UL><LI> startup_stm32f10x_hd.o(RESET)
</UL>
<P><STRONG><a name="[1b]"></a>DMA1_Channel4_IRQHandler</STRONG> (Thumb, 0 bytes, Stack size 0 bytes, startup_stm32f10x_hd.o(.text))
<BR>[Address Reference Count : 1]<UL><LI> startup_stm32f10x_hd.o(RESET)
</UL>
<P><STRONG><a name="[1c]"></a>DMA1_Channel5_IRQHandler</STRONG> (Thumb, 0 bytes, Stack size 0 bytes, startup_stm32f10x_hd.o(.text))
<BR>[Address Reference Count : 1]<UL><LI> startup_stm32f10x_hd.o(RESET)
</UL>
<P><STRONG><a name="[1d]"></a>DMA1_Channel6_IRQHandler</STRONG> (Thumb, 0 bytes, Stack size 0 bytes, startup_stm32f10x_hd.o(.text))
<BR>[Address Reference Count : 1]<UL><LI> startup_stm32f10x_hd.o(RESET)
</UL>
<P><STRONG><a name="[1e]"></a>DMA1_Channel7_IRQHandler</STRONG> (Thumb, 0 bytes, Stack size 0 bytes, startup_stm32f10x_hd.o(.text))
<BR>[Address Reference Count : 1]<UL><LI> startup_stm32f10x_hd.o(RESET)
</UL>
<P><STRONG><a name="[45]"></a>DMA2_Channel1_IRQHandler</STRONG> (Thumb, 0 bytes, Stack size 0 bytes, startup_stm32f10x_hd.o(.text))
<BR>[Address Reference Count : 1]<UL><LI> startup_stm32f10x_hd.o(RESET)
</UL>
<P><STRONG><a name="[46]"></a>DMA2_Channel2_IRQHandler</STRONG> (Thumb, 0 bytes, Stack size 0 bytes, startup_stm32f10x_hd.o(.text))
<BR>[Address Reference Count : 1]<UL><LI> startup_stm32f10x_hd.o(RESET)
</UL>
<P><STRONG><a name="[47]"></a>DMA2_Channel3_IRQHandler</STRONG> (Thumb, 0 bytes, Stack size 0 bytes, startup_stm32f10x_hd.o(.text))
<BR>[Address Reference Count : 1]<UL><LI> startup_stm32f10x_hd.o(RESET)
</UL>
<P><STRONG><a name="[48]"></a>DMA2_Channel4_5_IRQHandler</STRONG> (Thumb, 0 bytes, Stack size 0 bytes, startup_stm32f10x_hd.o(.text))
<BR>[Address Reference Count : 1]<UL><LI> startup_stm32f10x_hd.o(RESET)
</UL>
<P><STRONG><a name="[13]"></a>EXTI0_IRQHandler</STRONG> (Thumb, 0 bytes, Stack size 0 bytes, startup_stm32f10x_hd.o(.text))
<BR>[Address Reference Count : 1]<UL><LI> startup_stm32f10x_hd.o(RESET)
</UL>
<P><STRONG><a name="[35]"></a>EXTI15_10_IRQHandler</STRONG> (Thumb, 0 bytes, Stack size 0 bytes, startup_stm32f10x_hd.o(.text))
<BR>[Address Reference Count : 1]<UL><LI> startup_stm32f10x_hd.o(RESET)
</UL>
<P><STRONG><a name="[14]"></a>EXTI1_IRQHandler</STRONG> (Thumb, 0 bytes, Stack size 0 bytes, startup_stm32f10x_hd.o(.text))
<BR>[Address Reference Count : 1]<UL><LI> startup_stm32f10x_hd.o(RESET)
</UL>
<P><STRONG><a name="[15]"></a>EXTI2_IRQHandler</STRONG> (Thumb, 0 bytes, Stack size 0 bytes, startup_stm32f10x_hd.o(.text))
<BR>[Address Reference Count : 1]<UL><LI> startup_stm32f10x_hd.o(RESET)
</UL>
<P><STRONG><a name="[16]"></a>EXTI3_IRQHandler</STRONG> (Thumb, 0 bytes, Stack size 0 bytes, startup_stm32f10x_hd.o(.text))
<BR>[Address Reference Count : 1]<UL><LI> startup_stm32f10x_hd.o(RESET)
</UL>
<P><STRONG><a name="[17]"></a>EXTI4_IRQHandler</STRONG> (Thumb, 0 bytes, Stack size 0 bytes, startup_stm32f10x_hd.o(.text))
<BR>[Address Reference Count : 1]<UL><LI> startup_stm32f10x_hd.o(RESET)
</UL>
<P><STRONG><a name="[24]"></a>EXTI9_5_IRQHandler</STRONG> (Thumb, 0 bytes, Stack size 0 bytes, startup_stm32f10x_hd.o(.text))
<BR>[Address Reference Count : 1]<UL><LI> startup_stm32f10x_hd.o(RESET)
</UL>
<P><STRONG><a name="[11]"></a>FLASH_IRQHandler</STRONG> (Thumb, 0 bytes, Stack size 0 bytes, startup_stm32f10x_hd.o(.text))
<BR>[Address Reference Count : 1]<UL><LI> startup_stm32f10x_hd.o(RESET)
</UL>
<P><STRONG><a name="[3d]"></a>FSMC_IRQHandler</STRONG> (Thumb, 0 bytes, Stack size 0 bytes, startup_stm32f10x_hd.o(.text))
<BR>[Address Reference Count : 1]<UL><LI> startup_stm32f10x_hd.o(RESET)
</UL>
<P><STRONG><a name="[2d]"></a>I2C1_ER_IRQHandler</STRONG> (Thumb, 0 bytes, Stack size 0 bytes, startup_stm32f10x_hd.o(.text))
<BR>[Address Reference Count : 1]<UL><LI> startup_stm32f10x_hd.o(RESET)
</UL>
<P><STRONG><a name="[2c]"></a>I2C1_EV_IRQHandler</STRONG> (Thumb, 0 bytes, Stack size 0 bytes, startup_stm32f10x_hd.o(.text))
<BR>[Address Reference Count : 1]<UL><LI> startup_stm32f10x_hd.o(RESET)
</UL>
<P><STRONG><a name="[2f]"></a>I2C2_ER_IRQHandler</STRONG> (Thumb, 0 bytes, Stack size 0 bytes, startup_stm32f10x_hd.o(.text))
<BR>[Address Reference Count : 1]<UL><LI> startup_stm32f10x_hd.o(RESET)
</UL>
<P><STRONG><a name="[2e]"></a>I2C2_EV_IRQHandler</STRONG> (Thumb, 0 bytes, Stack size 0 bytes, startup_stm32f10x_hd.o(.text))
<BR>[Address Reference Count : 1]<UL><LI> startup_stm32f10x_hd.o(RESET)
</UL>
<P><STRONG><a name="[e]"></a>PVD_IRQHandler</STRONG> (Thumb, 0 bytes, Stack size 0 bytes, startup_stm32f10x_hd.o(.text))
<BR>[Address Reference Count : 1]<UL><LI> startup_stm32f10x_hd.o(RESET)
</UL>
<P><STRONG><a name="[12]"></a>RCC_IRQHandler</STRONG> (Thumb, 0 bytes, Stack size 0 bytes, startup_stm32f10x_hd.o(.text))
<BR>[Address Reference Count : 1]<UL><LI> startup_stm32f10x_hd.o(RESET)
</UL>
<P><STRONG><a name="[36]"></a>RTCAlarm_IRQHandler</STRONG> (Thumb, 0 bytes, Stack size 0 bytes, startup_stm32f10x_hd.o(.text))
<BR>[Address Reference Count : 1]<UL><LI> startup_stm32f10x_hd.o(RESET)
</UL>
<P><STRONG><a name="[10]"></a>RTC_IRQHandler</STRONG> (Thumb, 0 bytes, Stack size 0 bytes, startup_stm32f10x_hd.o(.text))
<BR>[Address Reference Count : 1]<UL><LI> startup_stm32f10x_hd.o(RESET)
</UL>
<P><STRONG><a name="[3e]"></a>SDIO_IRQHandler</STRONG> (Thumb, 0 bytes, Stack size 0 bytes, startup_stm32f10x_hd.o(.text))
<BR>[Address Reference Count : 1]<UL><LI> startup_stm32f10x_hd.o(RESET)
</UL>
<P><STRONG><a name="[30]"></a>SPI1_IRQHandler</STRONG> (Thumb, 0 bytes, Stack size 0 bytes, startup_stm32f10x_hd.o(.text))
<BR>[Address Reference Count : 1]<UL><LI> startup_stm32f10x_hd.o(RESET)
</UL>
<P><STRONG><a name="[31]"></a>SPI2_IRQHandler</STRONG> (Thumb, 0 bytes, Stack size 0 bytes, startup_stm32f10x_hd.o(.text))
<BR>[Address Reference Count : 1]<UL><LI> startup_stm32f10x_hd.o(RESET)
</UL>
<P><STRONG><a name="[40]"></a>SPI3_IRQHandler</STRONG> (Thumb, 0 bytes, Stack size 0 bytes, startup_stm32f10x_hd.o(.text))
<BR>[Address Reference Count : 1]<UL><LI> startup_stm32f10x_hd.o(RESET)
</UL>
<P><STRONG><a name="[f]"></a>TAMPER_IRQHandler</STRONG> (Thumb, 0 bytes, Stack size 0 bytes, startup_stm32f10x_hd.o(.text))
<BR>[Address Reference Count : 1]<UL><LI> startup_stm32f10x_hd.o(RESET)
</UL>
<P><STRONG><a name="[25]"></a>TIM1_BRK_IRQHandler</STRONG> (Thumb, 0 bytes, Stack size 0 bytes, startup_stm32f10x_hd.o(.text))
<BR>[Address Reference Count : 1]<UL><LI> startup_stm32f10x_hd.o(RESET)
</UL>
<P><STRONG><a name="[28]"></a>TIM1_CC_IRQHandler</STRONG> (Thumb, 0 bytes, Stack size 0 bytes, startup_stm32f10x_hd.o(.text))
<BR>[Address Reference Count : 1]<UL><LI> startup_stm32f10x_hd.o(RESET)
</UL>
<P><STRONG><a name="[27]"></a>TIM1_TRG_COM_IRQHandler</STRONG> (Thumb, 0 bytes, Stack size 0 bytes, startup_stm32f10x_hd.o(.text))
<BR>[Address Reference Count : 1]<UL><LI> startup_stm32f10x_hd.o(RESET)
</UL>
<P><STRONG><a name="[26]"></a>TIM1_UP_IRQHandler</STRONG> (Thumb, 0 bytes, Stack size 0 bytes, startup_stm32f10x_hd.o(.text))
<BR>[Address Reference Count : 1]<UL><LI> startup_stm32f10x_hd.o(RESET)
</UL>
<P><STRONG><a name="[29]"></a>TIM2_IRQHandler</STRONG> (Thumb, 0 bytes, Stack size 0 bytes, startup_stm32f10x_hd.o(.text))
<BR>[Address Reference Count : 1]<UL><LI> startup_stm32f10x_hd.o(RESET)
</UL>
<P><STRONG><a name="[2a]"></a>TIM3_IRQHandler</STRONG> (Thumb, 0 bytes, Stack size 0 bytes, startup_stm32f10x_hd.o(.text))
<BR>[Address Reference Count : 1]<UL><LI> startup_stm32f10x_hd.o(RESET)
</UL>
<P><STRONG><a name="[2b]"></a>TIM4_IRQHandler</STRONG> (Thumb, 0 bytes, Stack size 0 bytes, startup_stm32f10x_hd.o(.text))
<BR>[Address Reference Count : 1]<UL><LI> startup_stm32f10x_hd.o(RESET)
</UL>
<P><STRONG><a name="[3f]"></a>TIM5_IRQHandler</STRONG> (Thumb, 0 bytes, Stack size 0 bytes, startup_stm32f10x_hd.o(.text))
<BR>[Address Reference Count : 1]<UL><LI> startup_stm32f10x_hd.o(RESET)
</UL>
<P><STRONG><a name="[43]"></a>TIM6_IRQHandler</STRONG> (Thumb, 0 bytes, Stack size 0 bytes, startup_stm32f10x_hd.o(.text))
<BR>[Address Reference Count : 1]<UL><LI> startup_stm32f10x_hd.o(RESET)
</UL>
<P><STRONG><a name="[44]"></a>TIM7_IRQHandler</STRONG> (Thumb, 0 bytes, Stack size 0 bytes, startup_stm32f10x_hd.o(.text))
<BR>[Address Reference Count : 1]<UL><LI> startup_stm32f10x_hd.o(RESET)
</UL>
<P><STRONG><a name="[38]"></a>TIM8_BRK_IRQHandler</STRONG> (Thumb, 0 bytes, Stack size 0 bytes, startup_stm32f10x_hd.o(.text))
<BR>[Address Reference Count : 1]<UL><LI> startup_stm32f10x_hd.o(RESET)
</UL>
<P><STRONG><a name="[3b]"></a>TIM8_CC_IRQHandler</STRONG> (Thumb, 0 bytes, Stack size 0 bytes, startup_stm32f10x_hd.o(.text))
<BR>[Address Reference Count : 1]<UL><LI> startup_stm32f10x_hd.o(RESET)
</UL>
<P><STRONG><a name="[3a]"></a>TIM8_TRG_COM_IRQHandler</STRONG> (Thumb, 0 bytes, Stack size 0 bytes, startup_stm32f10x_hd.o(.text))
<BR>[Address Reference Count : 1]<UL><LI> startup_stm32f10x_hd.o(RESET)
</UL>
<P><STRONG><a name="[39]"></a>TIM8_UP_IRQHandler</STRONG> (Thumb, 0 bytes, Stack size 0 bytes, startup_stm32f10x_hd.o(.text))
<BR>[Address Reference Count : 1]<UL><LI> startup_stm32f10x_hd.o(RESET)
</UL>
<P><STRONG><a name="[41]"></a>UART4_IRQHandler</STRONG> (Thumb, 0 bytes, Stack size 0 bytes, startup_stm32f10x_hd.o(.text))
<BR>[Address Reference Count : 1]<UL><LI> startup_stm32f10x_hd.o(RESET)
</UL>
<P><STRONG><a name="[42]"></a>UART5_IRQHandler</STRONG> (Thumb, 0 bytes, Stack size 0 bytes, startup_stm32f10x_hd.o(.text))
<BR>[Address Reference Count : 1]<UL><LI> startup_stm32f10x_hd.o(RESET)
</UL>
<P><STRONG><a name="[33]"></a>USART2_IRQHandler</STRONG> (Thumb, 0 bytes, Stack size 0 bytes, startup_stm32f10x_hd.o(.text))
<BR>[Address Reference Count : 1]<UL><LI> startup_stm32f10x_hd.o(RESET)
</UL>
<P><STRONG><a name="[34]"></a>USART3_IRQHandler</STRONG> (Thumb, 0 bytes, Stack size 0 bytes, startup_stm32f10x_hd.o(.text))
<BR>[Address Reference Count : 1]<UL><LI> startup_stm32f10x_hd.o(RESET)
</UL>
<P><STRONG><a name="[37]"></a>USBWakeUp_IRQHandler</STRONG> (Thumb, 0 bytes, Stack size 0 bytes, startup_stm32f10x_hd.o(.text))
<BR>[Address Reference Count : 1]<UL><LI> startup_stm32f10x_hd.o(RESET)
</UL>
<P><STRONG><a name="[20]"></a>USB_HP_CAN1_TX_IRQHandler</STRONG> (Thumb, 0 bytes, Stack size 0 bytes, startup_stm32f10x_hd.o(.text))
<BR>[Address Reference Count : 1]<UL><LI> startup_stm32f10x_hd.o(RESET)
</UL>
<P><STRONG><a name="[21]"></a>USB_LP_CAN1_RX0_IRQHandler</STRONG> (Thumb, 0 bytes, Stack size 0 bytes, startup_stm32f10x_hd.o(.text))
<BR>[Address Reference Count : 1]<UL><LI> startup_stm32f10x_hd.o(RESET)
</UL>
<P><STRONG><a name="[d]"></a>WWDG_IRQHandler</STRONG> (Thumb, 0 bytes, Stack size 0 bytes, startup_stm32f10x_hd.o(.text))
<BR>[Address Reference Count : 1]<UL><LI> startup_stm32f10x_hd.o(RESET)
</UL>
<P><STRONG><a name="[147]"></a>__user_initial_stackheap</STRONG> (Thumb, 0 bytes, Stack size unknown bytes, startup_stm32f10x_hd.o(.text))
<BR><BR>[Called By]<UL><LI><a href="#[14f]">&gt;&gt;</a>&nbsp;&nbsp;&nbsp;__user_setup_stackheap
</UL>

<P><STRONG><a name="[1c6]"></a>__use_no_semihosting</STRONG> (Thumb, 2 bytes, Stack size 0 bytes, use_no_semi_2.o(.text), UNUSED)

<P><STRONG><a name="[159]"></a>__2sprintf</STRONG> (Thumb, 34 bytes, Stack size 32 bytes, noretval__2sprintf.o(.text))
<BR><BR>[Stack]<UL><LI>Max Depth = 120 + Unknown Stack Size
<LI>Call Chain = __2sprintf &rArr; _printf_char_common &rArr; __printf
</UL>
<BR>[Calls]<UL><LI><a href="#[4b]">&gt;&gt;</a>&nbsp;&nbsp;&nbsp;_sputc
<LI><a href="#[15a]">&gt;&gt;</a>&nbsp;&nbsp;&nbsp;_printf_char_common
</UL>
<BR>[Called By]<UL><LI><a href="#[53]">&gt;&gt;</a>&nbsp;&nbsp;&nbsp;PROCESS_ShortNumKey_Of_PageInit
<LI><a href="#[c5]">&gt;&gt;</a>&nbsp;&nbsp;&nbsp;PROCESS_LongNumKey_Of_PageInit
</UL>

<P><STRONG><a name="[15b]"></a>__printf</STRONG> (Thumb, 104 bytes, Stack size 24 bytes, __printf.o(.text))
<BR><BR>[Stack]<UL><LI>Max Depth = 24 + Unknown Stack Size
<LI>Call Chain = __printf
</UL>
<BR>[Calls]<UL><LI><a href="#[15c]">&gt;&gt;</a>&nbsp;&nbsp;&nbsp;_printf_percent
</UL>
<BR>[Called By]<UL><LI><a href="#[15a]">&gt;&gt;</a>&nbsp;&nbsp;&nbsp;_printf_char_common
</UL>

<P><STRONG><a name="[14d]"></a>_printf_int_dec</STRONG> (Thumb, 104 bytes, Stack size 24 bytes, _printf_dec.o(.text))
<BR><BR>[Stack]<UL><LI>Max Depth = 56<LI>Call Chain = _printf_int_dec &rArr; _printf_int_common
</UL>
<BR>[Calls]<UL><LI><a href="#[15d]">&gt;&gt;</a>&nbsp;&nbsp;&nbsp;_printf_int_common
</UL>
<BR>[Called By]<UL><LI><a href="#[14c]">&gt;&gt;</a>&nbsp;&nbsp;&nbsp;_printf_d
</UL>

<P><STRONG><a name="[19b]"></a>__aeabi_memcpy4</STRONG> (Thumb, 0 bytes, Stack size 8 bytes, rt_memcpy_w.o(.text))
<BR><BR>[Stack]<UL><LI>Max Depth = 8<LI>Call Chain = __aeabi_memcpy4
</UL>
<BR>[Called By]<UL><LI><a href="#[18d]">&gt;&gt;</a>&nbsp;&nbsp;&nbsp;UG_FontSelect
</UL>

<P><STRONG><a name="[1c7]"></a>__aeabi_memcpy8</STRONG> (Thumb, 0 bytes, Stack size 8 bytes, rt_memcpy_w.o(.text), UNUSED)

<P><STRONG><a name="[1c8]"></a>__rt_memcpy_w</STRONG> (Thumb, 100 bytes, Stack size 8 bytes, rt_memcpy_w.o(.text), UNUSED)

<P><STRONG><a name="[1c9]"></a>_memcpy_lastbytes_aligned</STRONG> (Thumb, 0 bytes, Stack size unknown bytes, rt_memcpy_w.o(.text), UNUSED)

<P><STRONG><a name="[15e]"></a>__aeabi_memset</STRONG> (Thumb, 16 bytes, Stack size 0 bytes, aeabi_memset.o(.text))
<BR><BR>[Calls]<UL><LI><a href="#[15f]">&gt;&gt;</a>&nbsp;&nbsp;&nbsp;_memset
</UL>
<BR>[Called By]<UL><LI><a href="#[166]">&gt;&gt;</a>&nbsp;&nbsp;&nbsp;KeyInit
<LI><a href="#[53]">&gt;&gt;</a>&nbsp;&nbsp;&nbsp;PROCESS_ShortNumKey_Of_PageInit
<LI><a href="#[c5]">&gt;&gt;</a>&nbsp;&nbsp;&nbsp;PROCESS_LongNumKey_Of_PageInit
</UL>

<P><STRONG><a name="[1ca]"></a>__use_two_region_memory</STRONG> (Thumb, 2 bytes, Stack size 0 bytes, heapauxi.o(.text), UNUSED)

<P><STRONG><a name="[1cb]"></a>__rt_heap_escrow$2region</STRONG> (Thumb, 2 bytes, Stack size 0 bytes, heapauxi.o(.text), UNUSED)

<P><STRONG><a name="[1cc]"></a>__rt_heap_expand$2region</STRONG> (Thumb, 2 bytes, Stack size 0 bytes, heapauxi.o(.text), UNUSED)

<P><STRONG><a name="[1cd]"></a>__I$use$semihosting</STRONG> (Thumb, 0 bytes, Stack size 0 bytes, use_no_semi.o(.text), UNUSED)

<P><STRONG><a name="[1ce]"></a>__use_no_semihosting_swi</STRONG> (Thumb, 2 bytes, Stack size 0 bytes, use_no_semi.o(.text), UNUSED)

<P><STRONG><a name="[15d]"></a>_printf_int_common</STRONG> (Thumb, 178 bytes, Stack size 32 bytes, _printf_intcommon.o(.text))
<BR><BR>[Stack]<UL><LI>Max Depth = 32<LI>Call Chain = _printf_int_common
</UL>
<BR>[Called By]<UL><LI><a href="#[14d]">&gt;&gt;</a>&nbsp;&nbsp;&nbsp;_printf_int_dec
</UL>

<P><STRONG><a name="[15a]"></a>_printf_char_common</STRONG> (Thumb, 32 bytes, Stack size 64 bytes, _printf_char_common.o(.text))
<BR><BR>[Stack]<UL><LI>Max Depth = 88 + Unknown Stack Size
<LI>Call Chain = _printf_char_common &rArr; __printf
</UL>
<BR>[Calls]<UL><LI><a href="#[15b]">&gt;&gt;</a>&nbsp;&nbsp;&nbsp;__printf
</UL>
<BR>[Called By]<UL><LI><a href="#[159]">&gt;&gt;</a>&nbsp;&nbsp;&nbsp;__2sprintf
</UL>

<P><STRONG><a name="[4b]"></a>_sputc</STRONG> (Thumb, 10 bytes, Stack size 0 bytes, _sputc.o(.text))
<BR><BR>[Called By]<UL><LI><a href="#[159]">&gt;&gt;</a>&nbsp;&nbsp;&nbsp;__2sprintf
</UL>
<BR>[Address Reference Count : 1]<UL><LI> noretval__2sprintf.o(.text)
</UL>
<P><STRONG><a name="[1cf]"></a>__aeabi_memclr</STRONG> (Thumb, 0 bytes, Stack size 0 bytes, rt_memclr.o(.text), UNUSED)

<P><STRONG><a name="[160]"></a>__rt_memclr</STRONG> (Thumb, 68 bytes, Stack size 0 bytes, rt_memclr.o(.text), UNUSED)
<BR><BR>[Calls]<UL><LI><a href="#[161]">&gt;&gt;</a>&nbsp;&nbsp;&nbsp;_memset_w
</UL>

<P><STRONG><a name="[15f]"></a>_memset</STRONG> (Thumb, 0 bytes, Stack size unknown bytes, rt_memclr.o(.text))
<BR><BR>[Called By]<UL><LI><a href="#[15e]">&gt;&gt;</a>&nbsp;&nbsp;&nbsp;__aeabi_memset
</UL>

<P><STRONG><a name="[1d0]"></a>__aeabi_memclr4</STRONG> (Thumb, 0 bytes, Stack size 4 bytes, rt_memclr_w.o(.text), UNUSED)

<P><STRONG><a name="[1d1]"></a>__aeabi_memclr8</STRONG> (Thumb, 0 bytes, Stack size 4 bytes, rt_memclr_w.o(.text), UNUSED)

<P><STRONG><a name="[1d2]"></a>__rt_memclr_w</STRONG> (Thumb, 78 bytes, Stack size 4 bytes, rt_memclr_w.o(.text), UNUSED)

<P><STRONG><a name="[161]"></a>_memset_w</STRONG> (Thumb, 0 bytes, Stack size unknown bytes, rt_memclr_w.o(.text), UNUSED)
<BR><BR>[Called By]<UL><LI><a href="#[160]">&gt;&gt;</a>&nbsp;&nbsp;&nbsp;__rt_memclr
</UL>

<P><STRONG><a name="[14f]"></a>__user_setup_stackheap</STRONG> (Thumb, 74 bytes, Stack size 8 bytes, sys_stackheap_outer.o(.text))
<BR><BR>[Stack]<UL><LI>Max Depth = 8 + Unknown Stack Size
<LI>Call Chain = __user_setup_stackheap
</UL>
<BR>[Calls]<UL><LI><a href="#[147]">&gt;&gt;</a>&nbsp;&nbsp;&nbsp;__user_initial_stackheap
<LI><a href="#[162]">&gt;&gt;</a>&nbsp;&nbsp;&nbsp;__user_perproc_libspace
</UL>
<BR>[Called By]<UL><LI><a href="#[14e]">&gt;&gt;</a>&nbsp;&nbsp;&nbsp;__rt_entry_sh
</UL>

<P><STRONG><a name="[154]"></a>exit</STRONG> (Thumb, 18 bytes, Stack size 8 bytes, exit.o(.text))
<BR><BR>[Stack]<UL><LI>Max Depth = 8 + Unknown Stack Size
<LI>Call Chain = exit
</UL>
<BR>[Calls]<UL><LI><a href="#[163]">&gt;&gt;</a>&nbsp;&nbsp;&nbsp;__rt_exit
</UL>
<BR>[Called By]<UL><LI><a href="#[152]">&gt;&gt;</a>&nbsp;&nbsp;&nbsp;__rt_entry_main
</UL>

<P><STRONG><a name="[1d3]"></a>__user_libspace</STRONG> (Thumb, 8 bytes, Stack size 0 bytes, libspace.o(.text), UNUSED)

<P><STRONG><a name="[162]"></a>__user_perproc_libspace</STRONG> (Thumb, 0 bytes, Stack size 0 bytes, libspace.o(.text))
<BR><BR>[Called By]<UL><LI><a href="#[14f]">&gt;&gt;</a>&nbsp;&nbsp;&nbsp;__user_setup_stackheap
</UL>

<P><STRONG><a name="[1d4]"></a>__user_perthread_libspace</STRONG> (Thumb, 0 bytes, Stack size 0 bytes, libspace.o(.text), UNUSED)

<P><STRONG><a name="[172]"></a>ADC_Cmd</STRONG> (Thumb, 22 bytes, Stack size 0 bytes, stm32f10x_adc.o(i.ADC_Cmd))
<BR><BR>[Called By]<UL><LI><a href="#[166]">&gt;&gt;</a>&nbsp;&nbsp;&nbsp;KeyInit
</UL>

<P><STRONG><a name="[174]"></a>ADC_DMACmd</STRONG> (Thumb, 22 bytes, Stack size 0 bytes, stm32f10x_adc.o(i.ADC_DMACmd))
<BR><BR>[Called By]<UL><LI><a href="#[166]">&gt;&gt;</a>&nbsp;&nbsp;&nbsp;KeyInit
</UL>

<P><STRONG><a name="[178]"></a>ADC_GetCalibrationStatus</STRONG> (Thumb, 20 bytes, Stack size 0 bytes, stm32f10x_adc.o(i.ADC_GetCalibrationStatus))
<BR><BR>[Called By]<UL><LI><a href="#[166]">&gt;&gt;</a>&nbsp;&nbsp;&nbsp;KeyInit
</UL>

<P><STRONG><a name="[176]"></a>ADC_GetResetCalibrationStatus</STRONG> (Thumb, 20 bytes, Stack size 0 bytes, stm32f10x_adc.o(i.ADC_GetResetCalibrationStatus))
<BR><BR>[Called By]<UL><LI><a href="#[166]">&gt;&gt;</a>&nbsp;&nbsp;&nbsp;KeyInit
</UL>

<P><STRONG><a name="[171]"></a>ADC_Init</STRONG> (Thumb, 70 bytes, Stack size 12 bytes, stm32f10x_adc.o(i.ADC_Init))
<BR><BR>[Stack]<UL><LI>Max Depth = 12<LI>Call Chain = ADC_Init
</UL>
<BR>[Called By]<UL><LI><a href="#[166]">&gt;&gt;</a>&nbsp;&nbsp;&nbsp;KeyInit
</UL>

<P><STRONG><a name="[173]"></a>ADC_RegularChannelConfig</STRONG> (Thumb, 184 bytes, Stack size 20 bytes, stm32f10x_adc.o(i.ADC_RegularChannelConfig))
<BR><BR>[Stack]<UL><LI>Max Depth = 20<LI>Call Chain = ADC_RegularChannelConfig
</UL>
<BR>[Called By]<UL><LI><a href="#[166]">&gt;&gt;</a>&nbsp;&nbsp;&nbsp;KeyInit
</UL>

<P><STRONG><a name="[175]"></a>ADC_ResetCalibration</STRONG> (Thumb, 10 bytes, Stack size 0 bytes, stm32f10x_adc.o(i.ADC_ResetCalibration))
<BR><BR>[Called By]<UL><LI><a href="#[166]">&gt;&gt;</a>&nbsp;&nbsp;&nbsp;KeyInit
</UL>

<P><STRONG><a name="[17c]"></a>ADC_SoftwareStartConvCmd</STRONG> (Thumb, 22 bytes, Stack size 0 bytes, stm32f10x_adc.o(i.ADC_SoftwareStartConvCmd))
<BR><BR>[Called By]<UL><LI><a href="#[166]">&gt;&gt;</a>&nbsp;&nbsp;&nbsp;KeyInit
</UL>

<P><STRONG><a name="[177]"></a>ADC_StartCalibration</STRONG> (Thumb, 10 bytes, Stack size 0 bytes, stm32f10x_adc.o(i.ADC_StartCalibration))
<BR><BR>[Called By]<UL><LI><a href="#[166]">&gt;&gt;</a>&nbsp;&nbsp;&nbsp;KeyInit
</UL>

<P><STRONG><a name="[17e]"></a>ADKey_2_AdstractKey</STRONG> (Thumb, 38 bytes, Stack size 0 bytes, datastruct.o(i.ADKey_2_AdstractKey))
<BR><BR>[Called By]<UL><LI><a href="#[17d]">&gt;&gt;</a>&nbsp;&nbsp;&nbsp;KeyScanMain
</UL>

<P><STRONG><a name="[164]"></a>BSP_Init</STRONG> (Thumb, 16 bytes, Stack size 8 bytes, main.o(i.BSP_Init))
<BR><BR>[Stack]<UL><LI>Max Depth = 104 + Unknown Stack Size
<LI>Call Chain = BSP_Init &rArr; KeyInit &rArr; GPIO_Init
</UL>
<BR>[Calls]<UL><LI><a href="#[167]">&gt;&gt;</a>&nbsp;&nbsp;&nbsp;delay_init
<LI><a href="#[165]">&gt;&gt;</a>&nbsp;&nbsp;&nbsp;LcdInit
<LI><a href="#[166]">&gt;&gt;</a>&nbsp;&nbsp;&nbsp;KeyInit
</UL>
<BR>[Called By]<UL><LI><a href="#[153]">&gt;&gt;</a>&nbsp;&nbsp;&nbsp;main
</UL>

<P><STRONG><a name="[7]"></a>BusFault_Handler</STRONG> (Thumb, 4 bytes, Stack size 0 bytes, stm32f10x_it.o(i.BusFault_Handler))
<BR>[Address Reference Count : 1]<UL><LI> startup_stm32f10x_hd.o(RESET)
</UL>
<P><STRONG><a name="[168]"></a>ClearRAM</STRONG> (Thumb, 54 bytes, Stack size 16 bytes, spi_lcd.o(i.ClearRAM))
<BR><BR>[Stack]<UL><LI>Max Depth = 24<LI>Call Chain = ClearRAM &rArr; SdData
</UL>
<BR>[Calls]<UL><LI><a href="#[16a]">&gt;&gt;</a>&nbsp;&nbsp;&nbsp;SdData
<LI><a href="#[169]">&gt;&gt;</a>&nbsp;&nbsp;&nbsp;SdCmd
</UL>
<BR>[Called By]<UL><LI><a href="#[165]">&gt;&gt;</a>&nbsp;&nbsp;&nbsp;LcdInit
</UL>

<P><STRONG><a name="[17b]"></a>DMA_Cmd</STRONG> (Thumb, 24 bytes, Stack size 0 bytes, stm32f10x_dma.o(i.DMA_Cmd))
<BR><BR>[Called By]<UL><LI><a href="#[166]">&gt;&gt;</a>&nbsp;&nbsp;&nbsp;KeyInit
</UL>

<P><STRONG><a name="[179]"></a>DMA_DeInit</STRONG> (Thumb, 324 bytes, Stack size 0 bytes, stm32f10x_dma.o(i.DMA_DeInit))
<BR><BR>[Called By]<UL><LI><a href="#[166]">&gt;&gt;</a>&nbsp;&nbsp;&nbsp;KeyInit
</UL>

<P><STRONG><a name="[17a]"></a>DMA_Init</STRONG> (Thumb, 60 bytes, Stack size 8 bytes, stm32f10x_dma.o(i.DMA_Init))
<BR><BR>[Stack]<UL><LI>Max Depth = 8<LI>Call Chain = DMA_Init
</UL>
<BR>[Called By]<UL><LI><a href="#[166]">&gt;&gt;</a>&nbsp;&nbsp;&nbsp;KeyInit
</UL>

<P><STRONG><a name="[a]"></a>DebugMon_Handler</STRONG> (Thumb, 2 bytes, Stack size 0 bytes, stm32f10x_it.o(i.DebugMon_Handler))
<BR>[Address Reference Count : 1]<UL><LI> startup_stm32f10x_hd.o(RESET)
</UL>
<P><STRONG><a name="[196]"></a>Delay</STRONG> (Thumb, 10 bytes, Stack size 0 bytes, spi_lcd.o(i.Delay))
<BR><BR>[Called By]<UL><LI><a href="#[16a]">&gt;&gt;</a>&nbsp;&nbsp;&nbsp;SdData
<LI><a href="#[169]">&gt;&gt;</a>&nbsp;&nbsp;&nbsp;SdCmd
</UL>

<P><STRONG><a name="[170]"></a>GPIO_Init</STRONG> (Thumb, 278 bytes, Stack size 24 bytes, stm32f10x_gpio.o(i.GPIO_Init))
<BR><BR>[Stack]<UL><LI>Max Depth = 24<LI>Call Chain = GPIO_Init
</UL>
<BR>[Called By]<UL><LI><a href="#[165]">&gt;&gt;</a>&nbsp;&nbsp;&nbsp;LcdInit
<LI><a href="#[166]">&gt;&gt;</a>&nbsp;&nbsp;&nbsp;KeyInit
</UL>

<P><STRONG><a name="[182]"></a>GPIO_ResetBits</STRONG> (Thumb, 4 bytes, Stack size 0 bytes, stm32f10x_gpio.o(i.GPIO_ResetBits))
<BR><BR>[Called By]<UL><LI><a href="#[165]">&gt;&gt;</a>&nbsp;&nbsp;&nbsp;LcdInit
<LI><a href="#[16a]">&gt;&gt;</a>&nbsp;&nbsp;&nbsp;SdData
<LI><a href="#[169]">&gt;&gt;</a>&nbsp;&nbsp;&nbsp;SdCmd
</UL>

<P><STRONG><a name="[181]"></a>GPIO_SetBits</STRONG> (Thumb, 4 bytes, Stack size 0 bytes, stm32f10x_gpio.o(i.GPIO_SetBits))
<BR><BR>[Called By]<UL><LI><a href="#[165]">&gt;&gt;</a>&nbsp;&nbsp;&nbsp;LcdInit
[...]
</UL>
<P><STRONG><a name="[93]"></a>PROCESS_ShortUpKey_Of_PageDateTimeSet</STRONG> (Thumb, 2 bytes, Stack size 0 bytes, ui.o(i.PROCESS_ShortUpKey_Of_PageDateTimeSet))
<BR>[Address Reference Count : 1]<UL><LI> ui.o(.constdata)
</UL>
<P><STRONG><a name="[57]"></a>PROCESS_ShortUpKey_Of_PageDefault</STRONG> (Thumb, 2 bytes, Stack size 0 bytes, ui.o(i.PROCESS_ShortUpKey_Of_PageDefault))
<BR>[Address Reference Count : 1]<UL><LI> ui.o(.constdata)
</UL>
<P><STRONG><a name="[51]"></a>PROCESS_ShortUpKey_Of_PageInit</STRONG> (Thumb, 14 bytes, Stack size 8 bytes, ui.o(i.PROCESS_ShortUpKey_Of_PageInit))
<BR><BR>[Stack]<UL><LI>Max Depth = 168<LI>Call Chain = PROCESS_ShortUpKey_Of_PageInit &rArr; UG_PutString &rArr; UG_PutChar &rArr; _UG_PutChar
</UL>
<BR>[Calls]<UL><LI><a href="#[195]">&gt;&gt;</a>&nbsp;&nbsp;&nbsp;UG_PutString
</UL>
<BR>[Address Reference Count : 1]<UL><LI> ui.o(.constdata)
</UL>
<P><STRONG><a name="[6f]"></a>PROCESS_ShortUpKey_Of_PageMainMenu</STRONG> (Thumb, 2 bytes, Stack size 0 bytes, ui.o(i.PROCESS_ShortUpKey_Of_PageMainMenu))
<BR>[Address Reference Count : 1]<UL><LI> ui.o(.constdata)
</UL>
<P><STRONG><a name="[8d]"></a>PROCESS_ShortUpKey_Of_PageParaBak</STRONG> (Thumb, 2 bytes, Stack size 0 bytes, ui.o(i.PROCESS_ShortUpKey_Of_PageParaBak))
<BR>[Address Reference Count : 1]<UL><LI> ui.o(.constdata)
</UL>
<P><STRONG><a name="[5d]"></a>PROCESS_ShortUpKey_Of_PageRGZS</STRONG> (Thumb, 2 bytes, Stack size 0 bytes, ui.o(i.PROCESS_ShortUpKey_Of_PageRGZS))
<BR>[Address Reference Count : 1]<UL><LI> ui.o(.constdata)
</UL>
<P><STRONG><a name="[7b]"></a>PROCESS_ShortUpKey_Of_PageSensorMotherConfig</STRONG> (Thumb, 2 bytes, Stack size 0 bytes, ui.o(i.PROCESS_ShortUpKey_Of_PageSensorMotherConfig))
<BR>[Address Reference Count : 1]<UL><LI> ui.o(.constdata)
</UL>
<P><STRONG><a name="[81]"></a>PROCESS_ShortUpKey_Of_PageSensorSonPara</STRONG> (Thumb, 2 bytes, Stack size 0 bytes, ui.o(i.PROCESS_ShortUpKey_Of_PageSensorSonPara))
<BR>[Address Reference Count : 1]<UL><LI> ui.o(.constdata)
</UL>
<P><STRONG><a name="[87]"></a>PROCESS_ShortUpKey_Of_PageTestSend</STRONG> (Thumb, 2 bytes, Stack size 0 bytes, ui.o(i.PROCESS_ShortUpKey_Of_PageTestSend))
<BR>[Address Reference Count : 1]<UL><LI> ui.o(.constdata)
</UL>
<P><STRONG><a name="[b]"></a>PendSV_Handler</STRONG> (Thumb, 2 bytes, Stack size 0 bytes, stm32f10x_it.o(i.PendSV_Handler))
<BR>[Address Reference Count : 1]<UL><LI> startup_stm32f10x_hd.o(RESET)
</UL>
<P><STRONG><a name="[16f]"></a>RCC_ADCCLKConfig</STRONG> (Thumb, 18 bytes, Stack size 0 bytes, stm32f10x_rcc.o(i.RCC_ADCCLKConfig))
<BR><BR>[Called By]<UL><LI><a href="#[166]">&gt;&gt;</a>&nbsp;&nbsp;&nbsp;KeyInit
</UL>

<P><STRONG><a name="[16e]"></a>RCC_AHBPeriphClockCmd</STRONG> (Thumb, 26 bytes, Stack size 0 bytes, stm32f10x_rcc.o(i.RCC_AHBPeriphClockCmd))
<BR><BR>[Called By]<UL><LI><a href="#[166]">&gt;&gt;</a>&nbsp;&nbsp;&nbsp;KeyInit
</UL>

<P><STRONG><a name="[180]"></a>RCC_APB1PeriphClockCmd</STRONG> (Thumb, 26 bytes, Stack size 0 bytes, stm32f10x_rcc.o(i.RCC_APB1PeriphClockCmd))
<BR><BR>[Called By]<UL><LI><a href="#[165]">&gt;&gt;</a>&nbsp;&nbsp;&nbsp;LcdInit
</UL>

<P><STRONG><a name="[16d]"></a>RCC_APB2PeriphClockCmd</STRONG> (Thumb, 26 bytes, Stack size 0 bytes, stm32f10x_rcc.o(i.RCC_APB2PeriphClockCmd))
<BR><BR>[Called By]<UL><LI><a href="#[165]">&gt;&gt;</a>&nbsp;&nbsp;&nbsp;LcdInit
<LI><a href="#[166]">&gt;&gt;</a>&nbsp;&nbsp;&nbsp;KeyInit
</UL>

<P><STRONG><a name="[136]"></a>SHOW_PageCodeChange</STRONG> (Thumb, 2 bytes, Stack size 0 bytes, ui.o(i.SHOW_PageCodeChange))
<BR>[Address Reference Count : 1]<UL><LI> ui.o(.constdata)
</UL>
<P><STRONG><a name="[135]"></a>SHOW_PageCodeEnt</STRONG> (Thumb, 2 bytes, Stack size 0 bytes, ui.o(i.SHOW_PageCodeEnt))
<BR>[Address Reference Count : 1]<UL><LI> ui.o(.constdata)
</UL>
<P><STRONG><a name="[141]"></a>SHOW_PageDTUChan1Set</STRONG> (Thumb, 2 bytes, Stack size 0 bytes, ui.o(i.SHOW_PageDTUChan1Set))
<BR>[Address Reference Count : 1]<UL><LI> ui.o(.constdata)
</UL>
<P><STRONG><a name="[142]"></a>SHOW_PageDTUChan2Set</STRONG> (Thumb, 2 bytes, Stack size 0 bytes, ui.o(i.SHOW_PageDTUChan2Set))
<BR>[Address Reference Count : 1]<UL><LI> ui.o(.constdata)
</UL>
<P><STRONG><a name="[143]"></a>SHOW_PageDTUChan3Set</STRONG> (Thumb, 2 bytes, Stack size 0 bytes, ui.o(i.SHOW_PageDTUChan3Set))
<BR>[Address Reference Count : 1]<UL><LI> ui.o(.constdata)
</UL>
<P><STRONG><a name="[144]"></a>SHOW_PageDTUChan4Set</STRONG> (Thumb, 2 bytes, Stack size 0 bytes, ui.o(i.SHOW_PageDTUChan4Set))
<BR>[Address Reference Count : 1]<UL><LI> ui.o(.constdata)
</UL>
<P><STRONG><a name="[13f]"></a>SHOW_PageDTURunModeSet</STRONG> (Thumb, 2 bytes, Stack size 0 bytes, ui.o(i.SHOW_PageDTURunModeSet))
<BR>[Address Reference Count : 1]<UL><LI> ui.o(.constdata)
</UL>
<P><STRONG><a name="[140]"></a>SHOW_PageDTUSMSSet</STRONG> (Thumb, 2 bytes, Stack size 0 bytes, ui.o(i.SHOW_PageDTUSMSSet))
<BR>[Address Reference Count : 1]<UL><LI> ui.o(.constdata)
</UL>
<P><STRONG><a name="[13e]"></a>SHOW_PageDTUServerSet</STRONG> (Thumb, 2 bytes, Stack size 0 bytes, ui.o(i.SHOW_PageDTUServerSet))
<BR>[Address Reference Count : 1]<UL><LI> ui.o(.constdata)
</UL>
<P><STRONG><a name="[138]"></a>SHOW_PageDTUSet</STRONG> (Thumb, 2 bytes, Stack size 0 bytes, ui.o(i.SHOW_PageDTUSet))
<BR>[Address Reference Count : 1]<UL><LI> ui.o(.constdata)
</UL>
<P><STRONG><a name="[13d]"></a>SHOW_PageDateTimeSet</STRONG> (Thumb, 2 bytes, Stack size 0 bytes, ui.o(i.SHOW_PageDateTimeSet))
<BR>[Address Reference Count : 1]<UL><LI> ui.o(.constdata)
</UL>
<P><STRONG><a name="[133]"></a>SHOW_PageDefault</STRONG> (Thumb, 2 bytes, Stack size 0 bytes, ui.o(i.SHOW_PageDefault))
<BR>[Address Reference Count : 1]<UL><LI> ui.o(.constdata)
</UL>
<P><STRONG><a name="[132]"></a>SHOW_PageInit</STRONG> (Thumb, 2 bytes, Stack size 0 bytes, ui.o(i.SHOW_PageInit))
<BR>[Address Reference Count : 1]<UL><LI> ui.o(.constdata)
</UL>
<P><STRONG><a name="[137]"></a>SHOW_PageMainMenu</STRONG> (Thumb, 2 bytes, Stack size 0 bytes, ui.o(i.SHOW_PageMainMenu))
<BR>[Address Reference Count : 1]<UL><LI> ui.o(.constdata)
</UL>
<P><STRONG><a name="[13c]"></a>SHOW_PageParaBak</STRONG> (Thumb, 2 bytes, Stack size 0 bytes, ui.o(i.SHOW_PageParaBak))
<BR>[Address Reference Count : 1]<UL><LI> ui.o(.constdata)
</UL>
<P><STRONG><a name="[134]"></a>SHOW_PageRGZS</STRONG> (Thumb, 2 bytes, Stack size 0 bytes, ui.o(i.SHOW_PageRGZS))
<BR>[Address Reference Count : 1]<UL><LI> ui.o(.constdata)
</UL>
<P><STRONG><a name="[139]"></a>SHOW_PageSensorMotherConfig</STRONG> (Thumb, 2 bytes, Stack size 0 bytes, ui.o(i.SHOW_PageSensorMotherConfig))
<BR>[Address Reference Count : 1]<UL><LI> ui.o(.constdata)
</UL>
<P><STRONG><a name="[13a]"></a>SHOW_PageSensorSonPara</STRONG> (Thumb, 2 bytes, Stack size 0 bytes, ui.o(i.SHOW_PageSensorSonPara))
<BR>[Address Reference Count : 1]<UL><LI> ui.o(.constdata)
</UL>
<P><STRONG><a name="[13b]"></a>SHOW_PageTestSend</STRONG> (Thumb, 2 bytes, Stack size 0 bytes, ui.o(i.SHOW_PageTestSend))
<BR>[Address Reference Count : 1]<UL><LI> ui.o(.constdata)
</UL>
<P><STRONG><a name="[184]"></a>SPI_Cmd</STRONG> (Thumb, 24 bytes, Stack size 0 bytes, stm32f10x_spi.o(i.SPI_Cmd))
<BR><BR>[Called By]<UL><LI><a href="#[165]">&gt;&gt;</a>&nbsp;&nbsp;&nbsp;LcdInit
</UL>

<P><STRONG><a name="[197]"></a>SPI_I2S_SendData</STRONG> (Thumb, 4 bytes, Stack size 0 bytes, stm32f10x_spi.o(i.SPI_I2S_SendData))
<BR><BR>[Called By]<UL><LI><a href="#[16a]">&gt;&gt;</a>&nbsp;&nbsp;&nbsp;SdData
<LI><a href="#[169]">&gt;&gt;</a>&nbsp;&nbsp;&nbsp;SdCmd
</UL>

<P><STRONG><a name="[183]"></a>SPI_Init</STRONG> (Thumb, 60 bytes, Stack size 8 bytes, stm32f10x_spi.o(i.SPI_Init))
<BR><BR>[Stack]<UL><LI>Max Depth = 8<LI>Call Chain = SPI_Init
</UL>
<BR>[Called By]<UL><LI><a href="#[165]">&gt;&gt;</a>&nbsp;&nbsp;&nbsp;LcdInit
</UL>

<P><STRONG><a name="[9]"></a>SVC_Handler</STRONG> (Thumb, 2 bytes, Stack size 0 bytes, stm32f10x_it.o(i.SVC_Handler))
<BR>[Address Reference Count : 1]<UL><LI> startup_stm32f10x_hd.o(RESET)
</UL>
<P><STRONG><a name="[169]"></a>SdCmd</STRONG> (Thumb, 56 bytes, Stack size 8 bytes, spi_lcd.o(i.SdCmd))
<BR><BR>[Stack]<UL><LI>Max Depth = 8<LI>Call Chain = SdCmd
</UL>
<BR>[Calls]<UL><LI><a href="#[181]">&gt;&gt;</a>&nbsp;&nbsp;&nbsp;GPIO_SetBits
<LI><a href="#[182]">&gt;&gt;</a>&nbsp;&nbsp;&nbsp;GPIO_ResetBits
<LI><a href="#[197]">&gt;&gt;</a>&nbsp;&nbsp;&nbsp;SPI_I2S_SendData
<LI><a href="#[196]">&gt;&gt;</a>&nbsp;&nbsp;&nbsp;Delay
</UL>
<BR>[Called By]<UL><LI><a href="#[189]">&gt;&gt;</a>&nbsp;&nbsp;&nbsp;UPDATE_ScreenRAM
<LI><a href="#[185]">&gt;&gt;</a>&nbsp;&nbsp;&nbsp;initLCDM
<LI><a href="#[168]">&gt;&gt;</a>&nbsp;&nbsp;&nbsp;ClearRAM
</UL>

<P><STRONG><a name="[16a]"></a>SdData</STRONG> (Thumb, 56 bytes, Stack size 8 bytes, spi_lcd.o(i.SdData))
<BR><BR>[Stack]<UL><LI>Max Depth = 8<LI>Call Chain = SdData
</UL>
<BR>[Calls]<UL><LI><a href="#[181]">&gt;&gt;</a>&nbsp;&nbsp;&nbsp;GPIO_SetBits
<LI><a href="#[182]">&gt;&gt;</a>&nbsp;&nbsp;&nbsp;GPIO_ResetBits
<LI><a href="#[197]">&gt;&gt;</a>&nbsp;&nbsp;&nbsp;SPI_I2S_SendData
<LI><a href="#[196]">&gt;&gt;</a>&nbsp;&nbsp;&nbsp;Delay
</UL>
<BR>[Called By]<UL><LI><a href="#[189]">&gt;&gt;</a>&nbsp;&nbsp;&nbsp;UPDATE_ScreenRAM
<LI><a href="#[168]">&gt;&gt;</a>&nbsp;&nbsp;&nbsp;ClearRAM
</UL>

<P><STRONG><a name="[17f]"></a>SendKeyValToBox</STRONG> (Thumb, 92 bytes, Stack size 8 bytes, ui.o(i.SendKeyValToBox))
<BR><BR>[Stack]<UL><LI>Max Depth = 8<LI>Call Chain = SendKeyValToBox
</UL>
<BR>[Called By]<UL><LI><a href="#[17d]">&gt;&gt;</a>&nbsp;&nbsp;&nbsp;KeyScanMain
</UL>

<P><STRONG><a name="[1a0]"></a>SysTick_CLKSourceConfig</STRONG> (Thumb, 40 bytes, Stack size 0 bytes, misc.o(i.SysTick_CLKSourceConfig))
<BR><BR>[Called By]<UL><LI><a href="#[167]">&gt;&gt;</a>&nbsp;&nbsp;&nbsp;delay_init
</UL>

<P><STRONG><a name="[c]"></a>SysTick_Handler</STRONG> (Thumb, 2 bytes, Stack size 0 bytes, stm32f10x_it.o(i.SysTick_Handler))
<BR>[Address Reference Count : 1]<UL><LI> startup_stm32f10x_hd.o(RESET)
</UL>
<P><STRONG><a name="[49]"></a>SystemInit</STRONG> (Thumb, 78 bytes, Stack size 8 bytes, system_stm32f10x.o(i.SystemInit))
<BR><BR>[Stack]<UL><LI>Max Depth = 28<LI>Call Chain = SystemInit &rArr; SetSysClock &rArr; SetSysClockToHSE
</UL>
<BR>[Calls]<UL><LI><a href="#[198]">&gt;&gt;</a>&nbsp;&nbsp;&nbsp;SetSysClock
</UL>
<BR>[Address Reference Count : 1]<UL><LI> startup_stm32f10x_hd.o(.text)
</UL>
<P><STRONG><a name="[192]"></a>UG_ConsoleSetArea</STRONG> (Thumb, 28 bytes, Stack size 8 bytes, ugui.o(i.UG_ConsoleSetArea))
<BR><BR>[Stack]<UL><LI>Max Depth = 8<LI>Call Chain = UG_ConsoleSetArea
</UL>
<BR>[Called By]<UL><LI><a href="#[18a]">&gt;&gt;</a>&nbsp;&nbsp;&nbsp;MiddleLayer_Init
</UL>

<P><STRONG><a name="[194]"></a>UG_ConsoleSetBackcolor</STRONG> (Thumb, 8 bytes, Stack size 0 bytes, ugui.o(i.UG_ConsoleSetBackcolor))
<BR><BR>[Called By]<UL><LI><a href="#[18a]">&gt;&gt;</a>&nbsp;&nbsp;&nbsp;MiddleLayer_Init
</UL>

<P><STRONG><a name="[193]"></a>UG_ConsoleSetForecolor</STRONG> (Thumb, 8 bytes, Stack size 0 bytes, ugui.o(i.UG_ConsoleSetForecolor))
<BR><BR>[Called By]<UL><LI><a href="#[18a]">&gt;&gt;</a>&nbsp;&nbsp;&nbsp;MiddleLayer_Init
</UL>

<P><STRONG><a name="[19a]"></a>UG_FillFrame</STRONG> (Thumb, 124 bytes, Stack size 40 bytes, ugui.o(i.UG_FillFrame))
<BR><BR>[Stack]<UL><LI>Max Depth = 40<LI>Call Chain = UG_FillFrame
</UL>
<BR>[Called By]<UL><LI><a href="#[188]">&gt;&gt;</a>&nbsp;&nbsp;&nbsp;UG_FillScreen
</UL>

<P><STRONG><a name="[188]"></a>UG_FillScreen</STRONG> (Thumb, 36 bytes, Stack size 16 bytes, ugui.o(i.UG_FillScreen))
<BR><BR>[Stack]<UL><LI>Max Depth = 56<LI>Call Chain = UG_FillScreen &rArr; UG_FillFrame
</UL>
<BR>[Calls]<UL><LI><a href="#[19a]">&gt;&gt;</a>&nbsp;&nbsp;&nbsp;UG_FillFrame
</UL>
<BR>[Called By]<UL><LI><a href="#[186]">&gt;&gt;</a>&nbsp;&nbsp;&nbsp;LcdUpdateMain
</UL>

<P><STRONG><a name="[18d]"></a>UG_FontSelect</STRONG> (Thumb, 20 bytes, Stack size 8 bytes, ugui.o(i.UG_FontSelect))
<BR><BR>[Stack]<UL><LI>Max Depth = 16<LI>Call Chain = UG_FontSelect &rArr; __aeabi_memcpy4
</UL>
<BR>[Calls]<UL><LI><a href="#[19b]">&gt;&gt;</a>&nbsp;&nbsp;&nbsp;__aeabi_memcpy4
</UL>
<BR>[Called By]<UL><LI><a href="#[18a]">&gt;&gt;</a>&nbsp;&nbsp;&nbsp;MiddleLayer_Init
</UL>

<P><STRONG><a name="[190]"></a>UG_FontSetHSpace</STRONG> (Thumb, 10 bytes, Stack size 0 bytes, ugui.o(i.UG_FontSetHSpace))
<BR><BR>[Called By]<UL><LI><a href="#[18a]">&gt;&gt;</a>&nbsp;&nbsp;&nbsp;MiddleLayer_Init
</UL>

<P><STRONG><a name="[191]"></a>UG_FontSetVSpace</STRONG> (Thumb, 10 bytes, Stack size 0 bytes, ugui.o(i.UG_FontSetVSpace))
<BR><BR>[Called By]<UL><LI><a href="#[18a]">&gt;&gt;</a>&nbsp;&nbsp;&nbsp;MiddleLayer_Init
</UL>

<P><STRONG><a name="[18b]"></a>UG_Init</STRONG> (Thumb, 132 bytes, Stack size 16 bytes, ugui.o(i.UG_Init))
<BR><BR>[Stack]<UL><LI>Max Depth = 16<LI>Call Chain = UG_Init
</UL>
<BR>[Called By]<UL><LI><a href="#[18a]">&gt;&gt;</a>&nbsp;&nbsp;&nbsp;MiddleLayer_Init
</UL>

<P><STRONG><a name="[19c]"></a>UG_PutChar</STRONG> (Thumb, 42 bytes, Stack size 32 bytes, ugui.o(i.UG_PutChar))
<BR><BR>[Stack]<UL><LI>Max Depth = 120<LI>Call Chain = UG_PutChar &rArr; _UG_PutChar
</UL>
<BR>[Calls]<UL><LI><a href="#[19d]">&gt;&gt;</a>&nbsp;&nbsp;&nbsp;_UG_PutChar
</UL>
<BR>[Called By]<UL><LI><a href="#[195]">&gt;&gt;</a>&nbsp;&nbsp;&nbsp;UG_PutString
</UL>

<P><STRONG><a name="[195]"></a>UG_PutString</STRONG> (Thumb, 186 bytes, Stack size 40 bytes, ugui.o(i.UG_PutString))
<BR><BR>[Stack]<UL><LI>Max Depth = 160<LI>Call Chain = UG_PutString &rArr; UG_PutChar &rArr; _UG_PutChar
</UL>
<BR>[Calls]<UL><LI><a href="#[19c]">&gt;&gt;</a>&nbsp;&nbsp;&nbsp;UG_PutChar
</UL>
<BR>[Called By]<UL><LI><a href="#[51]">&gt;&gt;</a>&nbsp;&nbsp;&nbsp;PROCESS_ShortUpKey_Of_PageInit
<LI><a href="#[4e]">&gt;&gt;</a>&nbsp;&nbsp;&nbsp;PROCESS_ShortSetKey_Of_PageInit
<LI><a href="#[4f]">&gt;&gt;</a>&nbsp;&nbsp;&nbsp;PROCESS_ShortOkKey_Of_PageInit
<LI><a href="#[53]">&gt;&gt;</a>&nbsp;&nbsp;&nbsp;PROCESS_ShortNumKey_Of_PageInit
<LI><a href="#[52]">&gt;&gt;</a>&nbsp;&nbsp;&nbsp;PROCESS_ShortDownKey_Of_PageInit
<LI><a href="#[50]">&gt;&gt;</a>&nbsp;&nbsp;&nbsp;PROCESS_ShortClrKey_Of_PageInit
<LI><a href="#[c3]">&gt;&gt;</a>&nbsp;&nbsp;&nbsp;PROCESS_LongUpKey_Of_PageInit
<LI><a href="#[c0]">&gt;&gt;</a>&nbsp;&nbsp;&nbsp;PROCESS_LongSetKey_Of_PageInit
<LI><a href="#[c1]">&gt;&gt;</a>&nbsp;&nbsp;&nbsp;PROCESS_LongOkKey_Of_PageInit
<LI><a href="#[c5]">&gt;&gt;</a>&nbsp;&nbsp;&nbsp;PROCESS_LongNumKey_Of_PageInit
<LI><a href="#[c4]">&gt;&gt;</a>&nbsp;&nbsp;&nbsp;PROCESS_LongDownKey_Of_PageInit
<LI><a href="#[c2]">&gt;&gt;</a>&nbsp;&nbsp;&nbsp;PROCESS_LongClrKey_Of_PageInit
</UL>

<P><STRONG><a name="[18c]"></a>UG_SelectGUI</STRONG> (Thumb, 10 bytes, Stack size 0 bytes, ugui.o(i.UG_SelectGUI))
<BR><BR>[Called By]<UL><LI><a href="#[18a]">&gt;&gt;</a>&nbsp;&nbsp;&nbsp;MiddleLayer_Init
</UL>

<P><STRONG><a name="[18f]"></a>UG_SetBackcolor</STRONG> (Thumb, 8 bytes, Stack size 0 bytes, ugui.o(i.UG_SetBackcolor))
<BR><BR>[Called By]<UL><LI><a href="#[18a]">&gt;&gt;</a>&nbsp;&nbsp;&nbsp;MiddleLayer_Init
</UL>

<P><STRONG><a name="[18e]"></a>UG_SetForecolor</STRONG> (Thumb, 8 bytes, Stack size 0 bytes, ugui.o(i.UG_SetForecolor))
<BR><BR>[Called By]<UL><LI><a href="#[18a]">&gt;&gt;</a>&nbsp;&nbsp;&nbsp;MiddleLayer_Init
</UL>

<P><STRONG><a name="[189]"></a>UPDATE_ScreenRAM</STRONG> (Thumb, 64 bytes, Stack size 16 bytes, spi_lcd.o(i.UPDATE_ScreenRAM))
<BR><BR>[Stack]<UL><LI>Max Depth = 24<LI>Call Chain = UPDATE_ScreenRAM &rArr; SdData
</UL>
<BR>[Calls]<UL><LI><a href="#[16a]">&gt;&gt;</a>&nbsp;&nbsp;&nbsp;SdData
<LI><a href="#[169]">&gt;&gt;</a>&nbsp;&nbsp;&nbsp;SdCmd
</UL>
<BR>[Called By]<UL><LI><a href="#[186]">&gt;&gt;</a>&nbsp;&nbsp;&nbsp;LcdUpdateMain
<LI><a href="#[18a]">&gt;&gt;</a>&nbsp;&nbsp;&nbsp;MiddleLayer_Init
</UL>

<P><STRONG><a name="[32]"></a>USART1_IRQHandler</STRONG> (Thumb, 122 bytes, Stack size 8 bytes, usart.o(i.USART1_IRQHandler))
<BR><BR>[Stack]<UL><LI>Max Depth = 24<LI>Call Chain = USART1_IRQHandler &rArr; USART_GetITStatus
</UL>
<BR>[Calls]<UL><LI><a href="#[19f]">&gt;&gt;</a>&nbsp;&nbsp;&nbsp;USART_ReceiveData
<LI><a href="#[19e]">&gt;&gt;</a>&nbsp;&nbsp;&nbsp;USART_GetITStatus
</UL>
<BR>[Address Reference Count : 1]<UL><LI> startup_stm32f10x_hd.o(RESET)
</UL>
<P><STRONG><a name="[19e]"></a>USART_GetITStatus</STRONG> (Thumb, 84 bytes, Stack size 16 bytes, stm32f10x_usart.o(i.USART_GetITStatus))
<BR><BR>[Stack]<UL><LI>Max Depth = 16<LI>Call Chain = USART_GetITStatus
</UL>
<BR>[Called By]<UL><LI><a href="#[32]">&gt;&gt;</a>&nbsp;&nbsp;&nbsp;USART1_IRQHandler
</UL>

<P><STRONG><a name="[19f]"></a>USART_ReceiveData</STRONG> (Thumb, 10 bytes, Stack size 0 bytes, stm32f10x_usart.o(i.USART_ReceiveData))
<BR><BR>[Called By]<UL><LI><a href="#[32]">&gt;&gt;</a>&nbsp;&nbsp;&nbsp;USART1_IRQHandler
</UL>

<P><STRONG><a name="[8]"></a>UsageFault_Handler</STRONG> (Thumb, 4 bytes, Stack size 0 bytes, stm32f10x_it.o(i.UsageFault_Handler))
<BR>[Address Reference Count : 1]<UL><LI> startup_stm32f10x_hd.o(RESET)
</UL>
<P><STRONG><a name="[19d]"></a>_UG_PutChar</STRONG> (Thumb, 948 bytes, Stack size 88 bytes, ugui.o(i._UG_PutChar))
<BR><BR>[Stack]<UL><LI>Max Depth = 88<LI>Call Chain = _UG_PutChar
</UL>
<BR>[Called By]<UL><LI><a href="#[19c]">&gt;&gt;</a>&nbsp;&nbsp;&nbsp;UG_PutChar
</UL>

<P><STRONG><a name="[158]"></a>_sys_exit</STRONG> (Thumb, 6 bytes, Stack size 0 bytes, usart.o(i._sys_exit))
<BR><BR>[Called By]<UL><LI><a href="#[157]">&gt;&gt;</a>&nbsp;&nbsp;&nbsp;__rt_exit_exit
</UL>

<P><STRONG><a name="[167]"></a>delay_init</STRONG> (Thumb, 50 bytes, Stack size 8 bytes, delay.o(i.delay_init))
<BR><BR>[Stack]<UL><LI>Max Depth = 8<LI>Call Chain = delay_init
</UL>
<BR>[Calls]<UL><LI><a href="#[1a0]">&gt;&gt;</a>&nbsp;&nbsp;&nbsp;SysTick_CLKSourceConfig
</UL>
<BR>[Called By]<UL><LI><a href="#[164]">&gt;&gt;</a>&nbsp;&nbsp;&nbsp;BSP_Init
</UL>

<P><STRONG><a name="[1a1]"></a>delay_ms</STRONG> (Thumb, 72 bytes, Stack size 0 bytes, delay.o(i.delay_ms))
<BR><BR>[Called By]<UL><LI><a href="#[153]">&gt;&gt;</a>&nbsp;&nbsp;&nbsp;main
</UL>

<P><STRONG><a name="[185]"></a>initLCDM</STRONG> (Thumb, 82 bytes, Stack size 8 bytes, spi_lcd.o(i.initLCDM))
<BR><BR>[Stack]<UL><LI>Max Depth = 16<LI>Call Chain = initLCDM &rArr; SdCmd
</UL>
<BR>[Calls]<UL><LI><a href="#[169]">&gt;&gt;</a>&nbsp;&nbsp;&nbsp;SdCmd
</UL>
<BR>[Called By]<UL><LI><a href="#[165]">&gt;&gt;</a>&nbsp;&nbsp;&nbsp;LcdInit
</UL>

<P><STRONG><a name="[153]"></a>main</STRONG> (Thumb, 26 bytes, Stack size 0 bytes, main.o(i.main))
<BR><BR>[Stack]<UL><LI>Max Depth = 104 + Unknown Stack Size
<LI>Call Chain = main &rArr; BSP_Init &rArr; KeyInit &rArr; GPIO_Init
</UL>
<BR>[Calls]<UL><LI><a href="#[1a1]">&gt;&gt;</a>&nbsp;&nbsp;&nbsp;delay_ms
<LI><a href="#[186]">&gt;&gt;</a>&nbsp;&nbsp;&nbsp;LcdUpdateMain
<LI><a href="#[17d]">&gt;&gt;</a>&nbsp;&nbsp;&nbsp;KeyScanMain
<LI><a href="#[18a]">&gt;&gt;</a>&nbsp;&nbsp;&nbsp;MiddleLayer_Init
<LI><a href="#[164]">&gt;&gt;</a>&nbsp;&nbsp;&nbsp;BSP_Init
</UL>
<BR>[Called By]<UL><LI><a href="#[152]">&gt;&gt;</a>&nbsp;&nbsp;&nbsp;__rt_entry_main
</UL>
<P>
<H3>
Local Symbols
</H3>
<P><STRONG><a name="[198]"></a>SetSysClock</STRONG> (Thumb, 8 bytes, Stack size 8 bytes, system_stm32f10x.o(i.SetSysClock))
<BR><BR>[Stack]<UL><LI>Max Depth = 20<LI>Call Chain = SetSysClock &rArr; SetSysClockToHSE
</UL>
<BR>[Calls]<UL><LI><a href="#[199]">&gt;&gt;</a>&nbsp;&nbsp;&nbsp;SetSysClockToHSE
</UL>
<BR>[Called By]<UL><LI><a href="#[49]">&gt;&gt;</a>&nbsp;&nbsp;&nbsp;SystemInit
</UL>

<P><STRONG><a name="[199]"></a>SetSysClockToHSE</STRONG> (Thumb, 160 bytes, Stack size 12 bytes, system_stm32f10x.o(i.SetSysClockToHSE))
<BR><BR>[Stack]<UL><LI>Max Depth = 12<LI>Call Chain = SetSysClockToHSE
</UL>
<BR>[Called By]<UL><LI><a href="#[198]">&gt;&gt;</a>&nbsp;&nbsp;&nbsp;SetSysClock
</UL>

<P><STRONG><a name="[4c]"></a>_printf_input_char</STRONG> (Thumb, 10 bytes, Stack size 0 bytes, _printf_char_common.o(.text))
<BR>[Address Reference Count : 1]<UL><LI> _printf_char_common.o(.text)
</UL><P>
<H3>
Undefined Global Symbols
</H3><HR></body></html>
